ARM Linker, RVCT3.1 [Build 569] 

================================================================================

Section Cross References

    app_start.o(ServiceHeader) refers to main.o(.text) for Service_Entry
    main.o(.text) refers to app_start.o(ServiceHeader) for GM_StartTimer
    main.o(.text) refers to auto_test.o(.text) for auto_test_timer_proc
    main.o(.text) refers to expmu_service.o(.text) for expmu_service_timer_proc
    main.o(.text) refers to expmu.o(.text) for expmu_timer_proc
    main.o(.text) refers to led.o(.text) for led_timer_proc
    main.o(.text) refers to gprs.o(.text) for gprs_timer_proc
    main.o(.text) refers to uart.o(.text) for uart_timer_proc
    main.o(.text) refers to utility.o(.text) for util_timer_proc
    main.o(.text) refers to system_state.o(.text) for system_state_timer_proc
    main.o(.text) refers to config_save.o(.text) for config_service_read_from_local
    main.o(.text) refers to gsm.o(.text) for gsm_create
    main.o(.text) refers to sms.o(.text) for sms_create
    main.o(.text) refers to hard_ware.o(.text) for hard_ware_create
    main.o(.text) refers to gps.o(.text) for gps_create
    main.o(.text) refers to main.o(.data) for .data
    main.o(.text) refers to main.o(.bss) for .bss
    utility.o(.text) refers to aeabi_sdiv.o(.text_udiv) for __aeabi_uidivmod
    utility.o(.text) refers to aeabi_sdiv.o(.text) for __aeabi_idivmod
    utility.o(.text) refers to utility.o(.data) for .data
    utility.o(.text) refers to utility.o(.bss) for .bss
    utility.o(.text) refers to utility.o(.constdata) for .constdata
    utility.o(.text) refers to app_start.o(ServiceHeader) for GM_GetLocalTime
    utility.o(.text) refers to rt_memcpy_w.o(.text) for __aeabi_memcpy4
    utility.o(.text) refers to dflt_noclz.o(x$fpl$dflt) for __aeabi_i2d
    utility.o(.text) refers to dflt_noclz.o(x$fpl$dfltu) for __aeabi_ui2d
    utility.o(.text) refers to daddsub_noclz.o(x$fpl$dadd) for __aeabi_dadd
    utility.o(.text) refers to f2d.o(x$fpl$f2d) for __aeabi_f2d
    utility.o(.text) refers to dmul.o(x$fpl$dmul) for __aeabi_dmul
    utility.o(.text) refers to d2f.o(x$fpl$d2f) for __aeabi_d2f
    led.o(.text) refers to app_start.o(ServiceHeader) for GM_GpioInit
    led.o(.text) refers to hard_ware.o(.text) for hard_ware_set_gsm_led
    led.o(.text) refers to led.o(.bss) for .bss
    system_state.o(.text) refers to config_service.o(.text) for config_service_get_pointer
    system_state.o(.text) refers to app_start.o(ServiceHeader) for GM_memset
    system_state.o(.text) refers to log_service.o(.text) for log_service_print
    system_state.o(.text) refers to applied_math.o(.text) for applied_math_calc_common_crc16
    system_state.o(.text) refers to gprs.o(.text) for gprs_get_last_good_time
    system_state.o(.text) refers to switch8.o(.text) for __ARM_switch8
    system_state.o(.text) refers to system_state.o(.bss) for .bss
    system_state.o(.text) refers to utility.o(.text) for util_clock
    system_state.o(.text) refers to aeabi_sdiv.o(.text_udiv) for __aeabi_uidivmod
    json.o(.text) refers to app_start.o(ServiceHeader) for GM_strlen
    json.o(.text) refers to dflt_noclz.o(x$fpl$dflt) for __aeabi_i2d
    json.o(.text) refers to dfix.o(x$fpl$dfix) for __aeabi_d2iz
    json.o(.text) refers to __0sprintf.o(.text) for __1sprintf
    json.o(.text) refers (Special) to __printf.o(.text) for _printf_percent
    json.o(.text) refers (Special) to _printf_str.o(.text) for _printf_str
    applied_math.o(.text) refers to dleqf.o(x$fpl$dleqf) for __aeabi_cdcmple
    applied_math.o(.text) refers to drleqf.o(x$fpl$drleqf) for __aeabi_cdrcmple
    applied_math.o(.text) refers to daddsub_noclz.o(x$fpl$dadd) for __aeabi_dadd
    applied_math.o(.text) refers to dflt_noclz.o(x$fpl$dfltu) for __aeabi_ui2d
    applied_math.o(.text) refers to dmul.o(x$fpl$dmul) for __aeabi_dmul
    applied_math.o(.text) refers to dfix.o(x$fpl$dfix) for __aeabi_d2iz
    applied_math.o(.text) refers to fmul.o(x$fpl$fmul) for __aeabi_fmul
    applied_math.o(.text) refers to faddsub_noclz.o(x$fpl$fadd) for __aeabi_fadd
    applied_math.o(.text) refers to f2d.o(x$fpl$f2d) for __aeabi_f2d
    applied_math.o(.text) refers to sqrt.o(i.sqrt) for sqrt
    applied_math.o(.text) refers to ddiv.o(x$fpl$ddiv) for __aeabi_ddiv
    applied_math.o(.text) refers to d2f.o(x$fpl$d2f) for __aeabi_d2f
    applied_math.o(.text) refers to faddsub_noclz.o(x$fpl$fsub) for __aeabi_fsub
    applied_math.o(.text) refers to fdiv.o(x$fpl$fdiv) for __aeabi_fdiv
    applied_math.o(.text) refers to acos.o(i.acos) for acos
    applied_math.o(.text) refers to aeabi_sdiv.o(.text) for __aeabi_idivmod
    applied_math.o(.text) refers to aeabi_sdiv.o(.text_udiv) for __aeabi_uidivmod
    applied_math.o(.text) refers to daddsub_noclz.o(x$fpl$dsub) for __aeabi_dsub
    applied_math.o(.text) refers to scalbn_noclz.o(x$fpl$scalbn) for __ARM_scalbn
    applied_math.o(.text) refers to sin.o(i.sin) for sin
    applied_math.o(.text) refers to pow.o(i.pow) for pow
[...]
    circular_queue_get_by_index_i            0x0000ac4b   Thumb Code    72  circular_queue.o(.text)
    hard_ware_create                         0x0000ac95   Thumb Code    86  hard_ware.o(.text)
    hard_ware_destroy                        0x0000aceb   Thumb Code    10  hard_ware.o(.text)
    hard_ware_timer_proc                     0x0000acf5   Thumb Code     4  hard_ware.o(.text)
    hard_ware_set_gps_led                    0x0000acf9   Thumb Code    58  hard_ware.o(.text)
    hard_ware_set_gsm_led                    0x0000ad33   Thumb Code    54  hard_ware.o(.text)
    upload_boot_log                          0x0000ad69   Thumb Code   442  hard_ware.o(.text)
    hard_ware_reboot                         0x0000af23   Thumb Code    56  hard_ware.o(.text)
    hard_ware_sleep                          0x0000af5b   Thumb Code    18  hard_ware.o(.text)
    hard_ware_close_gps                      0x0000af6d   Thumb Code    14  hard_ware.o(.text)
    hard_ware_awake                          0x0000af7b   Thumb Code    18  hard_ware.o(.text)
    hard_ware_open_gps                       0x0000af8d   Thumb Code    14  hard_ware.o(.text)
    gprs_status_string                       0x0000b299   Thumb Code    10  gprs.o(.text)
    gprs_socket_notify                       0x0000b4a3   Thumb Code   314  gprs.o(.text)
    gprs_create                              0x0000b5dd   Thumb Code    66  gprs.o(.text)
    gprs_destroy                             0x0000b61f   Thumb Code   908  gprs.o(.text)
    gprs_check_need_reboot                   0x0000ba3d   Thumb Code    36  gprs.o(.text)
    gprs_timer_proc                          0x0000ba61   Thumb Code   102  gprs.o(.text)
    gprs_is_ok                               0x0000bac7   Thumb Code    16  gprs.o(.text)
    gprs_get_last_good_time                  0x0000bad7   Thumb Code     8  gprs.o(.text)
    gprs_get_call_ok_count                   0x0000badf   Thumb Code     8  gprs.o(.text)
    get_socket_by_id                         0x0000bb8d   Thumb Code    36  socket.o(.text)
    get_socket_by_accessid                   0x0000bbb1   Thumb Code    38  socket.o(.text)
    current_get_host_init                    0x0000bbd7   Thumb Code    18  socket.o(.text)
    gm_socket_global_init                    0x0000bbe9   Thumb Code    54  socket.o(.text)
    gm_socket_init                           0x0000bc1f   Thumb Code   108  socket.o(.text)
    gm_socket_set_addr                       0x0000bc8b   Thumb Code    46  socket.o(.text)
    gm_socket_set_account_id                 0x0000bcb9   Thumb Code     8  socket.o(.text)
    gm_socket_set_ip_port                    0x0000bcc1   Thumb Code    32  socket.o(.text)
    gm_socket_destroy                        0x0000bce1   Thumb Code    96  socket.o(.text)
    gm_socket_global_destroy                 0x0000bd41   Thumb Code    28  socket.o(.text)
    gm_is_valid_ip                           0x0000bd5d   Thumb Code    60  socket.o(.text)
    socket_get_host_by_name_callback         0x0000bd99   Thumb Code   176  socket.o(.text)
    gm_socket_connect_ok                     0x0000becd   Thumb Code    54  socket.o(.text)
    gm_socket_close_for_reconnect            0x0000bf03   Thumb Code    56  socket.o(.text)
    gm_socket_connect                        0x0000bf3b   Thumb Code   638  socket.o(.text)
    gm_socket_get_ackseq                     0x0000c1b9   Thumb Code    58  socket.o(.text)
    gm_socket_send                           0x0000c1f3   Thumb Code   284  socket.o(.text)
    gm_socket_recv                           0x0000c30f   Thumb Code   634  socket.o(.text)
    gm_socket_status_string                  0x0000c589   Thumb Code    10  socket.o(.text)
    gm_socket_get_host_by_name_trigger       0x0000c593   Thumb Code    22  socket.o(.text)
    gm_socket_get_host_timer_proc            0x0000c5a9   Thumb Code   208  socket.o(.text)
    gsm_create                               0x0000c881   Thumb Code   126  gsm.o(.text)
    gsm_destroy                              0x0000c8ff   Thumb Code     4  gsm.o(.text)
    gsm_get_creg_state                       0x0000c903   Thumb Code    34  gsm.o(.text)
    gsm_get_iccid                            0x0000c925   Thumb Code    46  gsm.o(.text)
    gsm_get_imsi                             0x0000c953   Thumb Code    46  gsm.o(.text)
    gsm_get_model_imei                       0x0000c981   Thumb Code    54  gsm.o(.text)
    gsm_get_imei                             0x0000c9b7   Thumb Code    58  gsm.o(.text)
    gsm_set_imei                             0x0000c9f1   Thumb Code   486  gsm.o(.text)
    gsm_get_csq                              0x0000cbd7   Thumb Code    28  gsm.o(.text)
    gsm_get_cell_info                        0x0000cbf3   Thumb Code    76  gsm.o(.text)
    get_sim_card_sate                        0x0000cc3f   Thumb Code    10  gsm.o(.text)
    sms_send                                 0x0000cd67   Thumb Code   112  sms.o(.text)
    sms_create                               0x0000ce25   Thumb Code    30  sms.o(.text)
    sms_destroy                              0x0000ce43   Thumb Code    12  sms.o(.text)
    uart_open_port                           0x0000cebd   Thumb Code    74  uart.o(.text)
    uart_close_port                          0x0000d0b1   Thumb Code   120  uart.o(.text)
    uart_write                               0x0000d129   Thumb Code   102  uart.o(.text)
    uart_create                              0x0000d223   Thumb Code   116  uart.o(.text)
    uart_destroy                             0x0000d297   Thumb Code   244  uart.o(.text)
    uart_timer_proc                          0x0000d38b   Thumb Code    94  uart.o(.text)
    nmea_sentence_id                         0x0000d8f1   Thumb Code   398  nmea_protocol.o(.text)
    nmea_parse_txt                           0x0000da7f   Thumb Code   258  nmea_protocol.o(.text)
    nmea_parse_inf                           0x0000db81   Thumb Code   292  nmea_protocol.o(.text)
    nmea_parse_rmc                           0x0000dca5   Thumb Code   380  nmea_protocol.o(.text)
    nmea_parse_gga                           0x0000de21   Thumb Code   124  nmea_protocol.o(.text)
    nmea_parse_gsa                           0x0000de9d   Thumb Code   134  nmea_protocol.o(.text)
    nmea_parse_gll                           0x0000df23   Thumb Code   104  nmea_protocol.o(.text)
    nmea_parse_gst                           0x0000df8b   Thumb Code    88  nmea_protocol.o(.text)
    nmea_parse_gsv                           0x0000dfe3   Thumb Code   120  nmea_protocol.o(.text)
    nmea_parse_vtg                           0x0000e05b   Thumb Code   136  nmea_protocol.o(.text)
    nmea_parse_zda                           0x0000e0e3   Thumb Code    96  nmea_protocol.o(.text)
    nmea_parse_mtk_ack                       0x0000e143   Thumb Code    60  nmea_protocol.o(.text)
    nmea_parse_mtk_ver                       0x0000e17f   Thumb Code     4  nmea_protocol.o(.text)
    nmea_parse_td_ack                        0x0000e183   Thumb Code    56  nmea_protocol.o(.text)
    nmea_parse_td_ver                        0x0000e1bb   Thumb Code    56  nmea_protocol.o(.text)
    nmea_parse_at_ack                        0x0000e1f3   Thumb Code    56  nmea_protocol.o(.text)
    nmea_parse_at_ver                        0x0000e22b   Thumb Code   234  nmea_protocol.o(.text)
    nmea_create_common_mtk_sentence          0x0000e315   Thumb Code    24  nmea_protocol.o(.text)
    nmea_creat_mtk_qeury_version_sentence    0x0000e32d   Thumb Code    64  nmea_protocol.o(.text)
    nmea_creat_mtk_aid_time_sentence         0x0000e36d   Thumb Code   102  nmea_protocol.o(.text)
    nmea_creat_mtk_aid_pos_sentence          0x0000e3d3   Thumb Code    98  nmea_protocol.o(.text)
    nmea_creat_mtk_full_cold_start_sentence  0x0000e435   Thumb Code    68  nmea_protocol.o(.text)
    nmea_creat_high_accuracy_sentence        0x0000e479   Thumb Code    74  nmea_protocol.o(.text)
    nmea_creat_active_interference_cancellation 0x0000e4c3   Thumb Code    72  nmea_protocol.o(.text)
    nmea_creat_set_min_snr_sentence          0x0000e50b   Thumb Code    72  nmea_protocol.o(.text)
    nmea_creat_mtk_epo_sentence              0x0000e553   Thumb Code   106  nmea_protocol.o(.text)
    flet_cher_16                             0x0000e5bd   Thumb Code    52  nmea_protocol.o(.text)
    nmea_creat_td_qeury_version_sentence     0x0000e681   Thumb Code    24  nmea_protocol.o(.text)
    nmea_creat_td_aid_time_sentence          0x0000e699   Thumb Code   302  nmea_protocol.o(.text)
    nmea_creat_td_aid_pos_sentence           0x0000e7c7   Thumb Code   132  nmea_protocol.o(.text)
    nmea_creat_td_open_vtg_sentence          0x0000e84b   Thumb Code    66  nmea_protocol.o(.text)
    nmea_creat_at_qeury_version_sentence     0x0000e88d   Thumb Code   242  nmea_protocol.o(.text)
    nmea_creat_at_aid_info_sentence          0x0000e97f   Thumb Code   226  nmea_protocol.o(.text)
    nmea_get_utc_time                        0x0000ea61   Thumb Code    92  nmea_protocol.o(.text)
    nmea_rescale                             0x0000eabd   Thumb Code    96  nmea_protocol.o(.text)
    nmea_tofloat                             0x0000eb1d   Thumb Code    34  nmea_protocol.o(.text)
    nmea_tocoord                             0x0000eb3f   Thumb Code    64  nmea_protocol.o(.text)
    gps_create                               0x0000ed25   Thumb Code    92  gps.o(.text)
    gps_destroy                              0x0000ed81   Thumb Code    66  gps.o(.text)
    gps_timer_proc                           0x0000edc3   Thumb Code     4  gps.o(.text)
    gps_power_off                            0x0000edc7   Thumb Code    60  gps.o(.text)
    gps_power_on                             0x0000f315   Thumb Code   328  gps.o(.text)
    gps_write_agps_info                      0x0000f45d   Thumb Code   872  gps.o(.text)
    gps_write_agps_data                      0x0000f7c5   Thumb Code   164  gps.o(.text)
    gps_get_state                            0x0000f869   Thumb Code     8  gps.o(.text)
    gps_is_fixed                             0x0000f871   Thumb Code    22  gps.o(.text)
    gps_get_fix_time                         0x0000f887   Thumb Code    12  gps.o(.text)
    get_last_fixed_time                      0x0000f893   Thumb Code     8  gps.o(.text)
    gps_get_max_snr                          0x0000f89b   Thumb Code     8  gps.o(.text)
    gps_get_satellites_tracked               0x0000f8a3   Thumb Code     8  gps.o(.text)
    gps_get_satellites_inview                0x0000f8ab   Thumb Code     8  gps.o(.text)
    gps_get_satellites_good                  0x0000f8b3   Thumb Code     8  gps.o(.text)
    gps_get_snr_array                        0x0000f8bb   Thumb Code     8  gps.o(.text)
    gps_get_last_n_senconds_data             0x0000f8c3   Thumb Code   146  gps.o(.text)
    gps_get_last_data                        0x0000f955   Thumb Code     6  gps.o(.text)
    gps_on_rcv_uart_data                     0x00010021   Thumb Code  1248  gps.o(.text)
    gps_get_constant_speed_time              0x00010501   Thumb Code    10  gps.o(.text)
    gps_get_aclr                             0x0001050b   Thumb Code    10  gps.o(.text)
    gps_write_mtk_cmd                        0x00010515   Thumb Code  1016  gps.o(.text)
    log_service_upload                       0x00010bf9   Thumb Code   176  log_service.o(.text)
    log_service_print                        0x00010ca9   Thumb Code   198  log_service.o(.text)
    log_service_create                       0x00010eab   Thumb Code   246  log_service.o(.text)
    log_service_destroy                      0x00010fa1   Thumb Code    28  log_service.o(.text)
    log_service_send_msg                     0x000111d1   Thumb Code   234  log_service.o(.text)
    log_service_connection_failed            0x000112bb   Thumb Code    64  log_service.o(.text)
    log_service_timer_proc                   0x000112fb   Thumb Code   124  log_service.o(.text)
    log_service_set_level                    0x00011377   Thumb Code    12  log_service.o(.text)
    log_service_get_level                    0x00011383   Thumb Code    16  log_service.o(.text)
    log_service_enable_print                 0x00011393   Thumb Code    10  log_service.o(.text)
    log_service_connection_ok                0x0001139d   Thumb Code    10  log_service.o(.text)
    log_service_close_for_reconnect          0x000113a7   Thumb Code    24  log_service.o(.text)
    log_service_print_test                   0x000113bf   Thumb Code    96  log_service.o(.text)
    log_service_print_hex                    0x0001141f   Thumb Code   122  log_service.o(.text)
    gps_service_socket_is_same               0x0001173d   Thumb Code   150  gps_service.o(.text)
    gps_service_connection_ok                0x000117d3   Thumb Code     4  gps_service.o(.text)
    gps_service_destroy                      0x000117fb   Thumb Code    52  gps_service.o(.text)
    gps_service_destroy_gprs                 0x0001182f   Thumb Code    52  gps_service.o(.text)
    gps_service_connection_failed            0x00011863   Thumb Code    68  gps_service.o(.text)
    gps_service_send_one_locate              0x000118e1   Thumb Code   158  gps_service.o(.text)
    gps_service_create                       0x0001197f   Thumb Code   800  gps_service.o(.text)
    gps_service_timer_proc                   0x00011c9f   Thumb Code   124  gps_service.o(.text)
    gps_service_get_current_ip               0x00011d1b   Thumb Code     8  gps_service.o(.text)
    gps_service_close_for_reconnect          0x00011d23   Thumb Code    24  gps_service.o(.text)
    gps_service_confirm_gps_cache            0x00011d3b   Thumb Code     2  gps_service.o(.text)
    gps_service_change_config                0x00011d3d   Thumb Code    50  gps_service.o(.text)
    gps_service_restart                      0x00011d6f   Thumb Code    42  gps_service.o(.text)
    gps_service_position_send_ok             0x00011d99   Thumb Code     8  gps_service.o(.text)
    gps_service_push_one_gps                 0x00011da1   Thumb Code    16  gps_service.o(.text)
    gps_service_push_lbs                     0x00011db1   Thumb Code    58  gps_service.o(.text)
    gps_service_clear_all_wait_gps           0x00011deb   Thumb Code    10  gps_service.o(.text)
    gps_service_clear_one_gps                0x00011df5   Thumb Code    48  gps_service.o(.text)
    gps_service_send_one_device_ack          0x00011e25   Thumb Code   104  gps_service.o(.text)
    gps_service_get_location_counts          0x00011e8d   Thumb Code    10  gps_service.o(.text)
    agps_service_create                      0x00012179   Thumb Code   308  agps_service.o(.text)
    agps_service_destroy                     0x000122ad   Thumb Code    30  agps_service.o(.text)
    agps_service_close_for_reconnect         0x00012381   Thumb Code    14  agps_service.o(.text)
    agps_service_delele_file                 0x0001238f   Thumb Code    16  agps_service.o(.text)
    agps_service_require_to_gps              0x0001239f   Thumb Code   866  agps_service.o(.text)
    agps_service_connection_failed           0x00014219   Thumb Code    52  agps_service.o(.text)
    agps_service_timer_proc                  0x000142eb   Thumb Code   128  agps_service.o(.text)
    agps_service_connection_ok               0x0001436b   Thumb Code    14  agps_service.o(.text)
    agps_service_get_unfix_lng               0x00014379   Thumb Code     8  agps_service.o(.text)
    agps_service_get_unfix_lat               0x00014381   Thumb Code     8  agps_service.o(.text)
    goome_del_param_file                     0x00014b75   Thumb Code    20  config_save.o(.text)
    read_param_from_file                     0x00014c3f   Thumb Code   462  config_save.o(.text)
    config_service_save_to_local             0x00015419   Thumb Code   328  config_save.o(.text)
    config_service_set_test_mode             0x00015921   Thumb Code    20  config_save.o(.text)
    config_service_read_from_local           0x00015d8f   Thumb Code   174  config_save.o(.text)
    config_service_restore_factory_config    0x00015e3d   Thumb Code    16  config_save.o(.text)
    config_service_is_test_mode              0x00015e4d   Thumb Code    24  config_save.o(.text)
    config_service_is_default_imei           0x00015e65   Thumb Code    94  config_save.o(.text)
    config_service_get_app_protocol          0x0001619d   Thumb Code     4  config_service.o(.text)
    config_service_get_gps_type              0x000161a1   Thumb Code     4  config_service.o(.text)
    config_service_set                       0x000161a5   Thumb Code   180  config_service.o(.text)
    config_service_connection_failed         0x00016345   Thumb Code    60  config_service.o(.text)
    config_service_connection_ok             0x00016e59   Thumb Code    14  config_service.o(.text)
    config_service_destroy                   0x00016e67   Thumb Code    56  config_service.o(.text)
    config_service_close_for_reconnect       0x00016e9f   Thumb Code     2  config_service.o(.text)
    config_service_get_pointer               0x00016ea1   Thumb Code    78  config_service.o(.text)
    config_service_create                    0x00016eef   Thumb Code   266  config_service.o(.text)
    config_service_timer_proc                0x00016ff9   Thumb Code   188  config_service.o(.text)
    config_service_get                       0x000170b5   Thumb Code   582  config_service.o(.text)
    config_service_get_length                0x000172fb   Thumb Code    42  config_service.o(.text)
    config_service_get_zone                  0x00017325   Thumb Code    50  config_service.o(.text)
    config_service_set_reming_gps_count      0x00017357   Thumb Code    44  config_service.o(.text)
    config_service_update_socket_type        0x00017383   Thumb Code     4  config_service.o(.text)
    config_service_agps_socket_type          0x00017387   Thumb Code     4  config_service.o(.text)
    update_filemod_create                    0x000177d9   Thumb Code   234  update_file.o(.text)
    update_filemod_destroy                   0x000178c3   Thumb Code    58  update_file.o(.text)
    update_filemod_get_checksum              0x0001799b   Thumb Code   174  update_file.o(.text)
    update_msg_receive                       0x00017f71   Thumb Code   224  update_file.o(.text)
    update_msg_pack_id_len                   0x00018051   Thumb Code   810  update_file.o(.text)
    update_msg_pack_head                     0x0001837b   Thumb Code   380  update_file.o(.text)
    update_msg_send_data_block_request       0x000184f7   Thumb Code   236  update_file.o(.text)
    update_filemod_connection_failed         0x00018659   Thumb Code    70  update_file.o(.text)
    update_filemod_timer_proc                0x0001869f   Thumb Code   116  update_file.o(.text)
    update_msg_start_data_block_request      0x00018a33   Thumb Code   386  update_file.o(.text)
    update_filemod_connection_ok             0x00018bb5   Thumb Code    18  update_file.o(.text)
    update_filemod_close_for_reconnect       0x00018bc7   Thumb Code     8  update_file.o(.text)
    update_msg_pack_request                  0x00018bcf   Thumb Code   782  update_file.o(.text)
    update_msg_send_result_to_server         0x00018f5d   Thumb Code   150  update_file.o(.text)
    get_file_extend                          0x00018ff3   Thumb Code     8  update_file.o(.text)
    init_file_extend                         0x00018ffb   Thumb Code    44  update_file.o(.text)
    update_service_create                    0x0001955d   Thumb Code   270  update_service.o(.text)
    update_service_destroy                   0x0001966b   Thumb Code    30  update_service.o(.text)
    update_service_get_status                0x00019689   Thumb Code     8  update_service.o(.text)
    update_service_is_waiting_reboot         0x00019691   Thumb Code    26  update_service.o(.text)
    update_service_result_to_server          0x000196f7   Thumb Code    48  update_service.o(.text)
    update_service_finish                    0x00019727   Thumb Code    28  update_service.o(.text)
    update_service_connection_failed         0x00019b49   Thumb Code    56  update_service.o(.text)
    update_service_timer_proc                0x00019b81   Thumb Code   124  update_service.o(.text)
    update_service_connection_ok             0x00019bfd   Thumb Code    14  update_service.o(.text)
    update_service_after_response            0x00019c0b   Thumb Code    72  update_service.o(.text)
    update_service_after_blocks_finish       0x00019c53   Thumb Code    20  update_service.o(.text)
    protocol_msg_receive                     0x00019ce9   Thumb Code   278  protocol.o(.text)
    protocol_2929_install_vehicle_terminal_confirmation_packet 0x0001a313   Thumb Code   146  protocol_2929.o(.text)
    protocol_2929_parse_msg                  0x0001a3a5   Thumb Code   536  protocol_2929.o(.text)
    protocol_2929_get_remaining_number       0x0001a767   Thumb Code    28  protocol_2929.o(.text)
    protocol_2929_get_next_time_update       0x0001ab29   Thumb Code   132  protocol_2929.o(.text)
    is_saved_protocol_data_valid             0x0001ac43   Thumb Code    80  protocol_2929.o(.text)
    clear_saved_protocol_data                0x0001ac93   Thumb Code    22  protocol_2929.o(.text)
    read_saved_protocol_data_from_file       0x0001aca9   Thumb Code    96  protocol_2929.o(.text)
    save_protocol_data_to_file               0x0001ad09   Thumb Code   104  protocol_2929.o(.text)
    get_saved_protocol_data_gps_time         0x0001ad71   Thumb Code   104  protocol_2929.o(.text)
    peek_one_location_protocol_data          0x0001b15b   Thumb Code    30  protocol_2929.o(.text)
    protocol_2929_install_one_location_packet 0x0001b179   Thumb Code   200  protocol_2929.o(.text)
    check_same_number_in_string              0x0001b379   Thumb Code    88  command.o(.text)
    set_pmu_byte_turn                        0x0001b3d1   Thumb Code    40  command.o(.text)
    gw_get_pmu_work_mode_data                0x0001b3f9   Thumb Code   262  command.o(.text)
    install_one_upload_mod_data              0x0001b4ff   Thumb Code   462  command.o(.text)
    save_gw_work_mode_to_file                0x0001b6cd   Thumb Code   190  command.o(.text)
    get_u16_data                             0x0001b78b   Thumb Code    10  command.o(.text)
    get_u32_data                             0x0001b795   Thumb Code    24  command.o(.text)
    deal_platform_mode                       0x0001b7ad   Thumb Code    60  command.o(.text)
    get_work_mode_upload_data                0x0001b7e9   Thumb Code     6  command.o(.text)
    get_old_config_para_number               0x0001b7ef   Thumb Code    56  command.o(.text)
    find_special_char                        0x0001b827   Thumb Code    68  command.o(.text)
    get_workmode_string                      0x0001ba1f   Thumb Code   760  command.o(.text)
    delay_gprs_destory                       0x0001bf1d   Thumb Code    12  command.o(.text)
    delay_gprs_change_dns                    0x0001bf29   Thumb Code     8  command.o(.text)
    command_on_receive_data                  0x0001c433   Thumb Code  2082  command.o(.text)
    auto_test_create                         0x0001d1bb   Thumb Code   112  auto_test.o(.text)
    auto_test_destroy                        0x0001d22b   Thumb Code    38  auto_test.o(.text)
    auto_test_reset                          0x0001d251   Thumb Code    22  auto_test.o(.text)
    auto_test_get_result                     0x0001d8d9   Thumb Code    86  auto_test.o(.text)
    get_max_ap_rssi                          0x0001d92f   Thumb Code    54  auto_test.o(.text)
    auto_test_timer_proc                     0x0001df03   Thumb Code    38  auto_test.o(.text)
    auto_test_is_working                     0x0001df29   Thumb Code    52  auto_test.o(.text)
    auto_test_acc_on                         0x0001df5d   Thumb Code    12  auto_test.o(.text)
    auto_test_acc_off                        0x0001df69   Thumb Code    12  auto_test.o(.text)
    auto_test_set_gps_location_counts        0x0001df75   Thumb Code    14  auto_test.o(.text)
    auto_test_repair_ramp                    0x0001df83   Thumb Code   474  auto_test.o(.text)
    is_expmu_power_on                        0x0001e33d   Thumb Code    16  expmu.o(.text)
    get_expmu_wkp_reason                     0x0001e34d   Thumb Code     8  expmu.o(.text)
    printf_hex_string                        0x0001e3b5   Thumb Code    96  expmu.o(.text)
    check_arry_data_xor                      0x0001e415   Thumb Code    28  expmu.o(.text)
    get_expmu_next_wkp_time_register         0x0001e431   Thumb Code     8  expmu.o(.text)
    does_expmu_in_sleeping                   0x0001e439   Thumb Code     8  expmu.o(.text)
    expmu_create                             0x0001e441   Thumb Code   134  expmu.o(.text)
    expmu_clear_smap_stack                   0x0001e4c7   Thumb Code    10  expmu.o(.text)
    expmu_enter_sleep                        0x0001e4d1   Thumb Code    20  expmu.o(.text)
    expmu_exit_sleep                         0x0001e4e5   Thumb Code    12  expmu.o(.text)
    insert_smsp_stack_que                    0x0001e5ed   Thumb Code   132  expmu.o(.text)
    write_expmu_reg                          0x0001e6ab   Thumb Code    62  expmu.o(.text)
    smsp_calibration_pmu_time                0x0001e6e9   Thumb Code   350  expmu.o(.text)
    set_expmu_time_to_mpu                    0x0001e847   Thumb Code   284  expmu.o(.text)
    expmu_get_version_string                 0x0001eb05   Thumb Code    74  expmu.o(.text)
    get_bcd_time_string                      0x0001eb4f   Thumb Code    68  expmu.o(.text)
    expmu_timer_proc                         0x0001eef7   Thumb Code   102  expmu.o(.text)
    auto_test_period_read_expmu_reg          0x0001ef5d   Thumb Code    80  expmu.o(.text)
    auto_test_get_expmu_light_io_state       0x0001efad   Thumb Code    26  expmu.o(.text)
    expmu_get_powr_on_cnt                    0x0001efc7   Thumb Code    20  expmu.o(.text)
    expmu_get_rtc_wkp_cnt                    0x0001efdb   Thumb Code    20  expmu.o(.text)
    expmu_get_exti1_wkp_cnt                  0x0001efef   Thumb Code    20  expmu.o(.text)
    expmu_get_exti2_wkp_cnt                  0x0001f003   Thumb Code    20  expmu.o(.text)
    match_the_mpu_register_addr              0x0001f0b3   Thumb Code    34  expmu.o(.text)
    prase_smsp_read_packet                   0x0001f0d5   Thumb Code   122  expmu.o(.text)
    prase_smsp_write_response_packet         0x0001f14f   Thumb Code   122  expmu.o(.text)
    slave_mem_share_protocol_prase           0x0001f1c9   Thumb Code   378  expmu.o(.text)
    parse_expmu_dat_fun                      0x0001f343   Thumb Code    72  expmu.o(.text)
    expmu_get_smsp_comm_err_count            0x0001f38b   Thumb Code    12  expmu.o(.text)
    smsp_set_pmu_force_work                  0x0001f397   Thumb Code    64  expmu.o(.text)
    smsp_set_save_fram_command               0x0001f3d7   Thumb Code    52  expmu.o(.text)
    smsp_set_exit_triger_mode                0x0001f40b   Thumb Code    96  expmu.o(.text)
    smsp_set_fram_default_value              0x0001f46b   Thumb Code    52  expmu.o(.text)
    smsp_clear_pmu_force_work                0x0001f49f   Thumb Code    52  expmu.o(.text)
    smsp_set_pmu_reset                       0x0001f4d3   Thumb Code    52  expmu.o(.text)
    smsp_set_pmu_time_zone                   0x0001f507   Thumb Code   102  expmu.o(.text)
    smsp_set_next_wakeup_time                0x0001f56d   Thumb Code    98  expmu.o(.text)
    smsp_comm_pmu_into_sleep                 0x0001f5cf   Thumb Code    52  expmu.o(.text)
    expmu_get_rtc_time_value                 0x0001f603   Thumb Code    14  expmu.o(.text)
    smsp_comm_pmu_workmode_set               0x0001f611   Thumb Code   110  expmu.o(.text)
    get_cur_gw_work_mode                     0x0001f67f   Thumb Code    88  expmu.o(.text)
    expmu_srv_trans_stage                    0x0001f769   Thumb Code     8  expmu_service.o(.text)
    get_unlimit_report_stop_time             0x0001f771   Thumb Code    32  expmu_service.o(.text)
    expmu_service_get_report_interval        0x0001f791   Thumb Code     8  expmu_service.o(.text)
    does_the_device_need_into_lpm            0x0001f799   Thumb Code   120  expmu_service.o(.text)
    get_gsm_error_code                       0x0001f811   Thumb Code   146  expmu_service.o(.text)
    expmu_service_creat                      0x0001fa95   Thumb Code   178  expmu_service.o(.text)
    expmu_service_close                      0x0001ff7d   Thumb Code    20  expmu_service.o(.text)
    expmu_service_timer_proc                 0x0001ff91   Thumb Code   218  expmu_service.o(.text)
    expmu_service_destory                    0x0002006b   Thumb Code    50  expmu_service.o(.text)
    expmu_service_is_working                 0x0002009d   Thumb Code    14  expmu_service.o(.text)
    calc_track_mode_next_sleep_time          0x00020289   Thumb Code    32  calc_wkp_time.o(.text)
    calc_week_mode_next_sleep_time           0x000202a9   Thumb Code   274  calc_wkp_time.o(.text)
    calc_plat_loop_mode_time_point           0x000203bb   Thumb Code   144  calc_wkp_time.o(.text)
    Image$$ER_RO$$Length                     0x00020408   Number         0  anon$$obj.o ABSOLUTE
    calc_plat_time_point_mode_time_point     0x0002044b   Thumb Code    88  calc_wkp_time.o(.text)
    recalc_next_wkp_time                     0x000204a3   Thumb Code    44  calc_wkp_time.o(.text)
    get_next_wake_up_time_point              0x000204cf   Thumb Code   130  calc_wkp_time.o(.text)
    wifi_service_period_scan_wifi            0x000207c7   Thumb Code    50  wifi_service.o(.text)
    wifi_power_on                            0x000207f9   Thumb Code   120  wifi_service.o(.text)
    wifi_power_off                           0x00020871   Thumb Code    38  wifi_service.o(.text)
    wifi_service_creat                       0x00020897   Thumb Code    18  wifi_service.o(.text)
    wifi_service_timer_proc                  0x000208a9   Thumb Code    46  wifi_service.o(.text)
    wifi_service_get_wifi_scan_result        0x000208d7   Thumb Code     6  wifi_service.o(.text)
    wifi_service_destory                     0x000208dd   Thumb Code     4  wifi_service.o(.text)
    __printf                                 0x000209ed   Thumb Code   748  __printf.o(.text)
    _printf_return_value                     0x00020cd9   Thumb Code     2  __printf.o(.text)
    _printf_percent                          0x00020cdb   Thumb Code     2  __printf.o(.text)
    _printf_sizespec                         0x00020cdd   Thumb Code     2  __printf.o(.text)
    _printf_str                              0x00020ce5   Thumb Code    94  _printf_str.o(.text)
    __0sprintf                               0x00020d45   Thumb Code    40  __0sprintf.o(.text)
    __1sprintf                               0x00020d45   Thumb Code     0  __0sprintf.o(.text)
    Inline Thumb to ARM Veneer to __aeabi_memcpy 0x00020d71   Thumb Code     0  rt_memcpy.o(.text)
    __aeabi_memcpy                           0x00020d74   ARM Code       0  rt_memcpy.o(.text)
    __rt_memcpy                              0x00020d74   ARM Code     212  rt_memcpy.o(.text)
    _memcpy_lastbytes                        0x00020e28   ARM Code       0  rt_memcpy.o(.text)
    Inline Thumb to ARM Veneer to __aeabi_memcpy4 0x00020e49   Thumb Code     0  rt_memcpy_w.o(.text)
    __aeabi_memcpy4                          0x00020e4c   ARM Code       0  rt_memcpy_w.o(.text)
    __aeabi_memcpy8                          0x00020e4c   ARM Code       0  rt_memcpy_w.o(.text)
    __rt_memcpy_w                            0x00020e4c   ARM Code     100  rt_memcpy_w.o(.text)
    _memcpy_lastbytes_aligned                0x00020e98   ARM Code       0  rt_memcpy_w.o(.text)
    Inline Thumb to ARM Veneer to __aeabi_memclr4 0x00020eb1   Thumb Code     0  rt_memclr_w.o(.text)
    __aeabi_memclr4                          0x00020eb4   ARM Code       0  rt_memclr_w.o(.text)
    __aeabi_memclr8                          0x00020eb4   ARM Code       0  rt_memclr_w.o(.text)
    __rt_memclr_w                            0x00020eb4   ARM Code      84  rt_memclr_w.o(.text)
    _memset_w                                0x00020eb8   ARM Code       0  rt_memclr_w.o(.text)
    strlen                                   0x00020f09   Thumb Code    68  strlen.o(.text)
    Inline Thumb to ARM Veneer to __aeabi_uread4 0x00020f51   Thumb Code     0  uread4.o(.text)
    __aeabi_uread4                           0x00020f54   ARM Code       0  uread4.o(.text)
    __rt_uread4                              0x00020f54   ARM Code      32  uread4.o(.text)
    Inline Thumb to ARM Veneer to __aeabi_uwrite4 0x00020f75   Thumb Code     0  uwrite4.o(.text)
    __aeabi_uwrite4                          0x00020f78   ARM Code       0  uwrite4.o(.text)
    __rt_uwrite4                             0x00020f78   ARM Code      32  uwrite4.o(.text)
    Inline Thumb to ARM Veneer to __aeabi_idivmod 0x00020f99   Thumb Code     0  aeabi_sdiv.o(.text)
    __aeabi_idiv                             0x00020f9c   ARM Code       0  aeabi_sdiv.o(.text)
    __aeabi_idivmod                          0x00020f9c   ARM Code     384  aeabi_sdiv.o(.text)
    Inline Thumb to ARM Veneer to __ARM_switch8 0x0002111d   Thumb Code     0  switch8.o(.text)
    __ARM_switch8                            0x00021120   ARM Code      24  switch8.o(.text)
    __rt_switch8                             0x00021120   ARM Code       0  switch8.o(.text)
    Inline ARM to Thumb Veneer to __set_errno 0x00021138   ARM Code       0  _rserrno.o(.text)
    __read_errno                             0x00021141   Thumb Code    14  _rserrno.o(.text)
    __set_errno                              0x0002114f   Thumb Code    12  _rserrno.o(.text)
    _printf_char_common                      0x0002115d   Thumb Code    44  _printf_char_common.o(.text)
    _sputc                                   0x00021191   Thumb Code    10  _sputc.o(.text)
    __ARM_call_via_r0                        0x0002119d   Thumb Code     2  callvia.o(.text)
    __call_via_r0                            0x0002119d   Thumb Code     0  callvia.o(.text)
    __ARM_call_via_r1                        0x0002119f   Thumb Code     2  callvia.o(.text)
    __call_via_r1                            0x0002119f   Thumb Code     0  callvia.o(.text)
    __ARM_call_via_r2                        0x000211a1   Thumb Code     2  callvia.o(.text)
    __call_via_r2                            0x000211a1   Thumb Code     0  callvia.o(.text)
    __ARM_call_via_r3                        0x000211a3   Thumb Code     2  callvia.o(.text)
    __call_via_r3                            0x000211a3   Thumb Code     0  callvia.o(.text)
    __ARM_call_via_r4                        0x000211a5   Thumb Code     2  callvia.o(.text)
    __call_via_r4                            0x000211a5   Thumb Code     0  callvia.o(.text)
    __ARM_call_via_r5                        0x000211a7   Thumb Code     2  callvia.o(.text)
    __call_via_r5                            0x000211a7   Thumb Code     0  callvia.o(.text)
    __ARM_call_via_r6                        0x000211a9   Thumb Code     2  callvia.o(.text)
    __call_via_r6                            0x000211a9   Thumb Code     0  callvia.o(.text)
    __ARM_call_via_r7                        0x000211ab   Thumb Code     2  callvia.o(.text)
    __call_via_r7                            0x000211ab   Thumb Code     0  callvia.o(.text)
    Inline Thumb to ARM Veneer to __aeabi_errno_addr 0x000211ad   Thumb Code     0  rt_errno_addr.o(.text)
    __aeabi_errno_addr                       0x000211b0   ARM Code      20  rt_errno_addr.o(.text)
    __rt_errno_addr                          0x000211b0   ARM Code       0  rt_errno_addr.o(.text)
    _printf_outstr_char                      0x000211c5   Thumb Code    32  _printf_outstr_char.o(.text)
    _printf_input_char                       0x000211e5   Thumb Code    10  _printf_input_char.o(.text)
    Inline Thumb to ARM Veneer to __aeabi_uidivmod 0x000211f1   Thumb Code     0  aeabi_sdiv.o(.text_udiv)
    __aeabi_uidiv                            0x000211f4   ARM Code       0  aeabi_sdiv.o(.text_udiv)
    __aeabi_uidivmod                         0x000211f4   ARM Code      28  aeabi_sdiv.o(.text_udiv)
    Short Thumb to ARM Veneer to GM_StartTimer 0x00021211   Thumb Code     0  anon$$obj.o(Veneer$$Code)
    Short Thumb to ARM Veneer to GM_CreateKalTimer 0x00021219   Thumb Code     0  anon$$obj.o(Veneer$$Code)
    Short Thumb to ARM Veneer to GM_StartKalTimer 0x00021221   Thumb Code     0  anon$$obj.o(Veneer$$Code)
    Short Thumb to ARM Veneer to TK_dll_set_sb 0x00021229   Thumb Code     0  anon$$obj.o(Veneer$$Code)
    Short Thumb to ARM Veneer to GM_GetLocalTime 0x00021231   Thumb Code     0  anon$$obj.o(Veneer$$Code)
    Short Thumb to ARM Veneer to GM_FS_CheckFile 0x00021239   Thumb Code     0  anon$$obj.o(Veneer$$Code)
    Short Thumb to ARM Veneer to GM_FS_Delete 0x00021241   Thumb Code     0  anon$$obj.o(Veneer$$Code)
    Short Thumb to ARM Veneer to GM_GpioInit 0x00021249   Thumb Code     0  anon$$obj.o(Veneer$$Code)
    Short Thumb to ARM Veneer to GM_GpioSetLevel 0x00021251   Thumb Code     0  anon$$obj.o(Veneer$$Code)
    Short Thumb to ARM Veneer to GM_memset   0x00021259   Thumb Code     0  anon$$obj.o(Veneer$$Code)
    Short Thumb to ARM Veneer to GM_strstr   0x00021261   Thumb Code     0  anon$$obj.o(Veneer$$Code)
    Short Thumb to ARM Veneer to GM_ConvertIpAddr 0x00021269   Thumb Code     0  anon$$obj.o(Veneer$$Code)
    Short Thumb to ARM Veneer to GM_FS_Open  0x00021271   Thumb Code     0  anon$$obj.o(Veneer$$Code)
    Short Thumb to ARM Veneer to GM_FS_Read  0x00021279   Thumb Code     0  anon$$obj.o(Veneer$$Code)
    Short Thumb to ARM Veneer to GM_FS_Close 0x00021281   Thumb Code     0  anon$$obj.o(Veneer$$Code)
    Short Thumb to ARM Veneer to GM_FS_Write 0x00021289   Thumb Code     0  anon$$obj.o(Veneer$$Code)
    Short Thumb to ARM Veneer to GM_FS_Commit 0x00021291   Thumb Code     0  anon$$obj.o(Veneer$$Code)
    Short Thumb to ARM Veneer to GM_memcpy   0x00021299   Thumb Code     0  anon$$obj.o(Veneer$$Code)
    Short Thumb to ARM Veneer to GM_strlen   0x000212a1   Thumb Code     0  anon$$obj.o(Veneer$$Code)
    Short Thumb to ARM Veneer to GM_MemoryAlloc 0x000212a9   Thumb Code     0  anon$$obj.o(Veneer$$Code)
    Short Thumb to ARM Veneer to GM_MemoryFree 0x000212b1   Thumb Code     0  anon$$obj.o(Veneer$$Code)
    Short Thumb to ARM Veneer to GM_sprintf  0x000212b9   Thumb Code     0  anon$$obj.o(Veneer$$Code)
    Short Thumb to ARM Veneer to GM_IsinkBacklightCtrl 0x000212c1   Thumb Code     0  anon$$obj.o(Veneer$$Code)
    Short Thumb to ARM Veneer to GM_KpledLevelCtrl 0x000212c9   Thumb Code     0  anon$$obj.o(Veneer$$Code)
    Short Thumb to ARM Veneer to GM_snprintf 0x000212d1   Thumb Code     0  anon$$obj.o(Veneer$$Code)
    Short Thumb to ARM Veneer to GM_ReleaseVerno 0x000212d9   Thumb Code     0  anon$$obj.o(Veneer$$Code)
    Short Thumb to ARM Veneer to GM_BuildDateTime 0x000212e1   Thumb Code     0  anon$$obj.o(Veneer$$Code)
    Short Thumb to ARM Veneer to GM_SleepEnable 0x000212e9   Thumb Code     0  anon$$obj.o(Veneer$$Code)
    Short Thumb to ARM Veneer to GM_SleepDisable 0x000212f1   Thumb Code     0  anon$$obj.o(Veneer$$Code)
    Short Thumb to ARM Veneer to GM_SystemReboot 0x000212f9   Thumb Code     0  anon$$obj.o(Veneer$$Code)
    Short Thumb to ARM Veneer to GM_AutoApnCheck 0x00021301   Thumb Code     0  anon$$obj.o(Veneer$$Code)
    Short Thumb to ARM Veneer to GM_strncpy  0x00021309   Thumb Code     0  anon$$obj.o(Veneer$$Code)
    Short Thumb to ARM Veneer to GM_strcpy   0x00021311   Thumb Code     0  anon$$obj.o(Veneer$$Code)
    Short Thumb to ARM Veneer to GM_ApnConfig 0x00021319   Thumb Code     0  anon$$obj.o(Veneer$$Code)
    Short Thumb to ARM Veneer to GM_SocketClose 0x00021321   Thumb Code     0  anon$$obj.o(Veneer$$Code)
    Short Thumb to ARM Veneer to GM_CheckSimValid 0x00021329   Thumb Code     0  anon$$obj.o(Veneer$$Code)
    Short Thumb to ARM Veneer to GM_DnsParserCallback 0x00021331   Thumb Code     0  anon$$obj.o(Veneer$$Code)
    Short Thumb to ARM Veneer to GM_AccountIdClose 0x00021339   Thumb Code     0  anon$$obj.o(Veneer$$Code)
    Short Thumb to ARM Veneer to GM_SocketRegisterCallBack 0x00021341   Thumb Code     0  anon$$obj.o(Veneer$$Code)
    Short Thumb to ARM Veneer to GM_GetServiceAvailability 0x00021349   Thumb Code     0  anon$$obj.o(Veneer$$Code)
    Short Thumb to ARM Veneer to GM_GetBearerStatus 0x00021351   Thumb Code     0  anon$$obj.o(Veneer$$Code)
    Short Thumb to ARM Veneer to GM_strcmp   0x00021359   Thumb Code     0  anon$$obj.o(Veneer$$Code)
    Short Thumb to ARM Veneer to GM_GetHostByName 0x00021361   Thumb Code     0  anon$$obj.o(Veneer$$Code)
    Short Thumb to ARM Veneer to GM_SocketCreate 0x00021369   Thumb Code     0  anon$$obj.o(Veneer$$Code)
    Short Thumb to ARM Veneer to GM_SocketConnect 0x00021371   Thumb Code     0  anon$$obj.o(Veneer$$Code)
    Short Thumb to ARM Veneer to GM_GetTcpStatus 0x00021379   Thumb Code     0  anon$$obj.o(Veneer$$Code)
    Short Thumb to ARM Veneer to GM_SocketSend 0x00021381   Thumb Code     0  anon$$obj.o(Veneer$$Code)
    Short Thumb to ARM Veneer to GM_SocketRecv 0x00021389   Thumb Code     0  anon$$obj.o(Veneer$$Code)
    Short Thumb to ARM Veneer to GM_GetIccid 0x00021391   Thumb Code     0  anon$$obj.o(Veneer$$Code)
    Short Thumb to ARM Veneer to GM_GetLbsInfo 0x00021399   Thumb Code     0  anon$$obj.o(Veneer$$Code)
    Short Thumb to ARM Veneer to GM_GetImsi  0x000213a1   Thumb Code     0  anon$$obj.o(Veneer$$Code)
    Short Thumb to ARM Veneer to GM_GetImei  0x000213a9   Thumb Code     0  anon$$obj.o(Veneer$$Code)
    Short Thumb to ARM Veneer to GM_CallAnswer 0x000213b1   Thumb Code     0  anon$$obj.o(Veneer$$Code)
    Short Thumb to ARM Veneer to GM_RegisterCallBack 0x000213b9   Thumb Code     0  anon$$obj.o(Veneer$$Code)
    Short Thumb to ARM Veneer to GM_GetCregStatus 0x000213c1   Thumb Code     0  anon$$obj.o(Veneer$$Code)
    Short Thumb to ARM Veneer to GM_ReadNvramLid 0x000213c9   Thumb Code     0  anon$$obj.o(Veneer$$Code)
    Short Thumb to ARM Veneer to GM_ReadWriteNvram 0x000213d1   Thumb Code     0  anon$$obj.o(Veneer$$Code)
    Short Thumb to ARM Veneer to GM_memcmp   0x000213d9   Thumb Code     0  anon$$obj.o(Veneer$$Code)
    Short Thumb to ARM Veneer to GM_GetSignalValue 0x000213e1   Thumb Code     0  anon$$obj.o(Veneer$$Code)
    Short Thumb to ARM Veneer to GM_SendSMS  0x000213e9   Thumb Code     0  anon$$obj.o(Veneer$$Code)
    Short Thumb to ARM Veneer to GM_UartOpen 0x000213f1   Thumb Code     0  anon$$obj.o(Veneer$$Code)
    Short Thumb to ARM Veneer to GM_UartRead 0x000213f9   Thumb Code     0  anon$$obj.o(Veneer$$Code)
    Short Thumb to ARM Veneer to GM_UartClrRxBuffer 0x00021401   Thumb Code     0  anon$$obj.o(Veneer$$Code)
    Short Thumb to ARM Veneer to GM_UartClrTxBuffer 0x00021409   Thumb Code     0  anon$$obj.o(Veneer$$Code)
    Short Thumb to ARM Veneer to GM_UartClose 0x00021411   Thumb Code     0  anon$$obj.o(Veneer$$Code)
    Short Thumb to ARM Veneer to GM_UartWrite 0x00021419   Thumb Code     0  anon$$obj.o(Veneer$$Code)
    Short Thumb to ARM Veneer to GM_StopTimer 0x00021421   Thumb Code     0  anon$$obj.o(Veneer$$Code)
    Short Thumb to ARM Veneer to GM_SysMsdelay 0x00021429   Thumb Code     0  anon$$obj.o(Veneer$$Code)
    Short Thumb to ARM Veneer to GM_SetLocalTime 0x00021431   Thumb Code     0  anon$$obj.o(Veneer$$Code)
    Short Thumb to ARM Veneer to GM_vsprintf 0x00021439   Thumb Code     0  anon$$obj.o(Veneer$$Code)
    Short Thumb to ARM Veneer to GM_sscanf   0x00021441   Thumb Code     0  anon$$obj.o(Veneer$$Code)
    Short Thumb to ARM Veneer to GM_ImageDummyBase 0x00021449   Thumb Code     0  anon$$obj.o(Veneer$$Code)
    Short Thumb to ARM Veneer to GM_FS_GetFileSize 0x00021451   Thumb Code     0  anon$$obj.o(Veneer$$Code)
    Short Thumb to ARM Veneer to GM_FS_Seek  0x00021459   Thumb Code     0  anon$$obj.o(Veneer$$Code)
    Short Thumb to ARM Veneer to GM_strncmp  0x00021461   Thumb Code     0  anon$$obj.o(Veneer$$Code)
    Short Thumb to ARM Veneer to GM_FS_Rename 0x00021469   Thumb Code     0  anon$$obj.o(Veneer$$Code)
    Short Thumb to ARM Veneer to GM_atoi     0x00021471   Thumb Code     0  anon$$obj.o(Veneer$$Code)
    Short Thumb to ARM Veneer to GM_GetChipRID 0x00021479   Thumb Code     0  anon$$obj.o(Veneer$$Code)
    Short Thumb to ARM Veneer to GM_GetBarcode 0x00021481   Thumb Code     0  anon$$obj.o(Veneer$$Code)
    Short Thumb to ARM Veneer to wlan_deinit 0x00021489   Thumb Code     0  anon$$obj.o(Veneer$$Code)
    Short Thumb to ARM Veneer to wlan_scan   0x00021491   Thumb Code     0  anon$$obj.o(Veneer$$Code)
    Short Thumb to ARM Veneer to wlan_init   0x00021499   Thumb Code     0  anon$$obj.o(Veneer$$Code)
    __ieee754_rem_pio2                       0x000214a0   ARM Code    1172  rred.o(i.__ieee754_rem_pio2)
    __kernel_cos                             0x0002194c   ARM Code     372  cos_i.o(i.__kernel_cos)
    __kernel_poly                            0x00021adc   ARM Code     248  poly.o(i.__kernel_poly)
    __kernel_sin                             0x00021bd4   ARM Code     364  sin_i.o(i.__kernel_sin)
    Inline Thumb to ARM Veneer to acos       0x00021d4d   Thumb Code     0  acos.o(i.acos)
    acos                                     0x00021d50   ARM Code     984  acos.o(i.acos)
    Inline Thumb to ARM Veneer to asin       0x00022129   Thumb Code     0  asin.o(i.asin)
    asin                                     0x0002212c   ARM Code    1000  asin.o(i.asin)
    Inline Thumb to ARM Veneer to cos        0x00022525   Thumb Code     0  cos.o(i.cos)
    cos                                      0x00022528   ARM Code     212  cos.o(i.cos)
    Inline Thumb to ARM Veneer to pow        0x00022615   Thumb Code     0  pow.o(i.pow)
    pow                                      0x00022618   ARM Code    3604  pow.o(i.pow)
    Inline Thumb to ARM Veneer to sin        0x00023439   Thumb Code     0  sin.o(i.sin)
    sin                                      0x0002343c   ARM Code     228  sin.o(i.sin)
    Inline Thumb to ARM Veneer to sqrt       0x00023539   Thumb Code     0  sqrt.o(i.sqrt)
    sqrt                                     0x0002353c   ARM Code     100  sqrt.o(i.sqrt)
    Inline Thumb to ARM Veneer to __aeabi_d2f 0x000235b5   Thumb Code     0  d2f.o(x$fpl$d2f)
    __aeabi_d2f                              0x000235b8   ARM Code       0  d2f.o(x$fpl$d2f)
    _d2f                                     0x000235b8   ARM Code     168  d2f.o(x$fpl$d2f)
    __fpl_inf_d2f                            0x00023658   ARM Code       0  d2f.o(x$fpl$d2f)
    Inline Thumb to ARM Veneer to __aeabi_dadd 0x00023665   Thumb Code     0  daddsub_noclz.o(x$fpl$dadd)
    __aeabi_dadd                             0x00023668   ARM Code       0  daddsub_noclz.o(x$fpl$dadd)
    _dadd                                    0x00023668   ARM Code     452  daddsub_noclz.o(x$fpl$dadd)
    __fpl_inf_dadd                           0x000237e4   ARM Code       0  daddsub_noclz.o(x$fpl$dadd)
    __fpl_dcheck_NaN2                        0x0002383c   ARM Code      12  dcheck.o(x$fpl$dcheck)
    __fpl_dcheck_NaN1                        0x0002384c   ARM Code      12  dcheck1.o(x$fpl$dcheck1)
    __fpl_dcmp_InfNaN                        0x0002385c   ARM Code     128  dcmpin.o(x$fpl$dcmpinfnan)
    __fpl_inf_dcmp                           0x00023880   ARM Code       0  dcmpin.o(x$fpl$dcmpinfnan)
    Inline Thumb to ARM Veneer to __aeabi_ddiv 0x000238dd   Thumb Code     0  ddiv.o(x$fpl$ddiv)
    __aeabi_ddiv                             0x000238e0   ARM Code       0  ddiv.o(x$fpl$ddiv)
    _ddiv                                    0x000238e0   ARM Code     464  ddiv.o(x$fpl$ddiv)
    __fpl_inf_ddiv                           0x00023a6c   ARM Code       0  ddiv.o(x$fpl$ddiv)
    _ddiv_mantissas                          0x00023ab0   ARM Code     608  ddiv.o(x$fpl$ddiv)
    Inline Thumb to ARM Veneer to __aeabi_d2iz 0x00023da1   Thumb Code     0  dfix.o(x$fpl$dfix)
    __aeabi_d2iz                             0x00023da4   ARM Code       0  dfix.o(x$fpl$dfix)
    _dfix                                    0x00023da4   ARM Code     172  dfix.o(x$fpl$dfix)
    __fpl_inf_dfix                           0x00023e44   ARM Code       0  dfix.o(x$fpl$dfix)
    Inline Thumb to ARM Veneer to __aeabi_d2uiz 0x00023e55   Thumb Code     0  dfixu.o(x$fpl$dfixu)
    __aeabi_d2uiz                            0x00023e58   ARM Code       0  dfixu.o(x$fpl$dfixu)
    _dfixu                                   0x00023e58   ARM Code     132  dfixu.o(x$fpl$dfixu)
    __fpl_inf_dfixu                          0x00023ed4   ARM Code       0  dfixu.o(x$fpl$dfixu)
    Inline Thumb to ARM Veneer to __aeabi_i2d 0x00023ee1   Thumb Code     0  dflt_noclz.o(x$fpl$dflt)
    __aeabi_i2d                              0x00023ee4   ARM Code       0  dflt_noclz.o(x$fpl$dflt)
    _dflt                                    0x00023ee4   ARM Code      88  dflt_noclz.o(x$fpl$dflt)
    __dflt_normalise                         0x00023ef4   ARM Code       0  dflt_noclz.o(x$fpl$dflt)
    Inline Thumb to ARM Veneer to __aeabi_ui2d 0x00023f3d   Thumb Code     0  dflt_noclz.o(x$fpl$dfltu)
    __aeabi_ui2d                             0x00023f40   ARM Code       0  dflt_noclz.o(x$fpl$dfltu)
    _dfltu                                   0x00023f40   ARM Code      12  dflt_noclz.o(x$fpl$dfltu)
    Inline Thumb to ARM Veneer to __aeabi_cdcmple 0x00023f4d   Thumb Code     0  dleqf.o(x$fpl$dleqf)
    __aeabi_cdcmple                          0x00023f50   ARM Code       0  dleqf.o(x$fpl$dleqf)
    _dcmple                                  0x00023f50   ARM Code     132  dleqf.o(x$fpl$dleqf)
    Inline Thumb to ARM Veneer to __aeabi_dmul 0x00023fd9   Thumb Code     0  dmul.o(x$fpl$dmul)
    __aeabi_dmul                             0x00023fdc   ARM Code       0  dmul.o(x$fpl$dmul)
    _dmul                                    0x00023fdc   ARM Code     460  dmul.o(x$fpl$dmul)
    __fpl_inf_dmul                           0x00024174   ARM Code       0  dmul.o(x$fpl$dmul)
    _drem                                    0x000241b8   ARM Code     496  drem.o(x$fpl$drem)
    __fpl_inf_drem                           0x00024370   ARM Code       0  drem.o(x$fpl$drem)
    Inline Thumb to ARM Veneer to __aeabi_cdrcmple 0x000243b5   Thumb Code     0  drleqf.o(x$fpl$drleqf)
    __aeabi_cdrcmple                         0x000243b8   ARM Code       0  drleqf.o(x$fpl$drleqf)
    _drcmple                                 0x000243b8   ARM Code     156  drleqf.o(x$fpl$drleqf)
    __aeabi_drsub                            0x00024458   ARM Code       0  daddsub_noclz.o(x$fpl$drsb)
    _drsb                                    0x00024458   ARM Code      24  daddsub_noclz.o(x$fpl$drsb)
    _dsqrt                                   0x00024470   ARM Code     384  dsqrt.o(x$fpl$dsqrt)
    __fpl_inf_dsqrt                          0x000245d4   ARM Code       0  dsqrt.o(x$fpl$dsqrt)
    Inline Thumb to ARM Veneer to __aeabi_dsub 0x000245f9   Thumb Code     0  daddsub_noclz.o(x$fpl$dsub)
    __aeabi_dsub                             0x000245fc   ARM Code       0  daddsub_noclz.o(x$fpl$dsub)
    _dsub                                    0x000245fc   ARM Code     572  daddsub_noclz.o(x$fpl$dsub)
    __fpl_inf_dsub                           0x000247f0   ARM Code       0  daddsub_noclz.o(x$fpl$dsub)
    __dunder                                 0x00024844   ARM Code     272  dunder.o(x$fpl$dunder)
    __dunder_d                               0x00024954   ARM Code       4  dunder.o(x$fpl$dunder)
    Inline Thumb to ARM Veneer to __aeabi_f2d 0x00024959   Thumb Code     0  f2d.o(x$fpl$f2d)
    __aeabi_f2d                              0x0002495c   ARM Code       0  f2d.o(x$fpl$f2d)
    _f2d                                     0x0002495c   ARM Code      96  f2d.o(x$fpl$f2d)
    __fpl_inf_f2d                            0x000249b0   ARM Code       0  f2d.o(x$fpl$f2d)
    Inline Thumb to ARM Veneer to __aeabi_fadd 0x000249c1   Thumb Code     0  faddsub_noclz.o(x$fpl$fadd)
    __aeabi_fadd                             0x000249c4   ARM Code       0  faddsub_noclz.o(x$fpl$fadd)
    _fadd                                    0x000249c4   ARM Code     260  faddsub_noclz.o(x$fpl$fadd)
    __fpl_inf_fadd                           0x00024aa0   ARM Code       0  faddsub_noclz.o(x$fpl$fadd)
    __fpl_fcheck_NaN2                        0x00024acc   ARM Code       8  fcheck.o(x$fpl$fcheck)
    __fpl_fcheck_NaN1                        0x00024ad8   ARM Code       8  fcheck1.o(x$fpl$fcheck1)
    Inline Thumb to ARM Veneer to __aeabi_fdiv 0x00024ae5   Thumb Code     0  fdiv.o(x$fpl$fdiv)
    __aeabi_fdiv                             0x00024ae8   ARM Code       0  fdiv.o(x$fpl$fdiv)
    _fdiv                                    0x00024ae8   ARM Code     476  fdiv.o(x$fpl$fdiv)
    __fpl_inf_fdiv                           0x00024c84   ARM Code       0  fdiv.o(x$fpl$fdiv)
    Inline Thumb to ARM Veneer to __aeabi_f2iz 0x00024ccd   Thumb Code     0  ffix.o(x$fpl$ffix)
    __aeabi_f2iz                             0x00024cd0   ARM Code       0  ffix.o(x$fpl$ffix)
    _ffix                                    0x00024cd0   ARM Code     112  ffix.o(x$fpl$ffix)
    __fpl_inf_ffix                           0x00024d34   ARM Code       0  ffix.o(x$fpl$ffix)
    Inline Thumb to ARM Veneer to __aeabi_f2uiz 0x00024d45   Thumb Code     0  ffixu.o(x$fpl$ffixu)
    __aeabi_f2uiz                            0x00024d48   ARM Code       0  ffixu.o(x$fpl$ffixu)
    _ffixu                                   0x00024d48   ARM Code      92  ffixu.o(x$fpl$ffixu)
    __fpl_inf_ffixu                          0x00024d9c   ARM Code       0  ffixu.o(x$fpl$ffixu)
    Inline Thumb to ARM Veneer to __aeabi_i2f 0x00024da9   Thumb Code     0  fflt_noclz.o(x$fpl$fflt)
    __aeabi_i2f                              0x00024dac   ARM Code       0  fflt_noclz.o(x$fpl$fflt)
    _fflt                                    0x00024dac   ARM Code      92  fflt_noclz.o(x$fpl$fflt)
    __fflt_normalise                         0x00024db8   ARM Code       0  fflt_noclz.o(x$fpl$fflt)
    Inline Thumb to ARM Veneer to __aeabi_ui2f 0x00024e09   Thumb Code     0  fflt_noclz.o(x$fpl$ffltu)
    __aeabi_ui2f                             0x00024e0c   ARM Code       0  fflt_noclz.o(x$fpl$ffltu)
    _ffltu                                   0x00024e0c   ARM Code       8  fflt_noclz.o(x$fpl$ffltu)
    Inline Thumb to ARM Veneer to __aeabi_fmul 0x00024e15   Thumb Code     0  fmul.o(x$fpl$fmul)
    __aeabi_fmul                             0x00024e18   ARM Code       0  fmul.o(x$fpl$fmul)
    _fmul                                    0x00024e18   ARM Code     260  fmul.o(x$fpl$fmul)
    __fpl_inf_fmul                           0x00024f00   ARM Code       0  fmul.o(x$fpl$fmul)
    __fpl_normalise2                         0x00024f20   ARM Code     148  fnorm2_noclz.o(x$fpl$fnorm2)
    Inline Thumb to ARM Veneer to __aeabi_fsub 0x00024fb5   Thumb Code     0  faddsub_noclz.o(x$fpl$fsub)
    __aeabi_fsub                             0x00024fb8   ARM Code       0  faddsub_noclz.o(x$fpl$fsub)
    _fsub                                    0x00024fb8   ARM Code     356  faddsub_noclz.o(x$fpl$fsub)
    __fpl_inf_fsub                           0x000250f4   ARM Code       0  faddsub_noclz.o(x$fpl$fsub)
    __funder                                 0x00025120   ARM Code     140  funder.o(x$fpl$funder)
    __funder_d                               0x000251ac   ARM Code       4  funder.o(x$fpl$funder)
    __fpl_return_NaN                         0x000251b0   ARM Code     116  retnan.o(x$fpl$retnan)
    Inline Thumb to ARM Veneer to __ARM_scalbn 0x00025225   Thumb Code     0  scalbn_noclz.o(x$fpl$scalbn)
    __ARM_scalbn                             0x00025228   ARM Code       0  scalbn_noclz.o(x$fpl$scalbn)
    scalbn                                   0x00025228   ARM Code     108  scalbn_noclz.o(x$fpl$scalbn)
    __fpl_inf_scalbn                         0x00025290   ARM Code       0  scalbn_noclz.o(x$fpl$scalbn)
    __fpl_cmpreturn                          0x00025294   ARM Code      60  trapv.o(x$fpl$trapveneer)
    __I_use_fp                               0x000252d0   Number         0  usenofp.o(x$fpl$usenofp)
    s_gprs_status_string                     0x000257ac   Data         160  gprs.o(.constdata)
    s_socket_status_string                   0x0002597c   Data         224  socket.o(.constdata)
    __mathlib_zero                           0x00028318   Data           8  qnan.o(.constdata)
    dll_version                              0x01000004   Data           4  main.o(.data)
    dll_edition                              0x01000008   Data           4  main.o(.data)
    time_difference                          0x0100000c   Data           4  utility.o(.data)
    g_util                                   0x01000010   Data           4  utility.o(.data)
    s_old_cmd_info                           0x010004b5   Data          84  command.o(.data)
    g_exportfunc                             0x01000674   Data          12  main.o(.bss)
    s_get_host_list                          0x010007b0   Data          88  socket.o(.bss)
    s_protocol                               0x01003adc   Data         404  protocol_2929.o(.bss)
    s_upload_mod                             0x01003c70   Data          42  command.o(.bss)
    g_mcu_version                            0x01003e94   Data          30  expmu.o(.bss)
    g_mcu_build_date                         0x01003eb2   Data          30  expmu.o(.bss)
    g_mcu_build_time                         0x01003ed0   Data          30  expmu.o(.bss)
    g_gpio                                   0x01003eee   Data          15  expmu.o(.bss)
    g_mcu_evt                                0x01003efd   Data          37  expmu.o(.bss)
    g_mcu_para                               0x01003f22   Data          51  expmu.o(.bss)
    g_smsp_reg_map                           0x01003f58   Data         108  expmu.o(.bss)
    g_mcu_send                               0x01003fdc   Data        2488  expmu.o(.bss)
    s_expmu_srv                              0x010049ec   Data          44  expmu_service.o(.bss)


================================================================================

Memory Map of the image

  Image Entry point : 0x00008899

  Load Region LR_1 (Base: 0x00008000, Size: 0x00020a7c, Max: 0xffffffff, PI)

    Execution Region ER_RO (Base: 0x00008000, Size: 0x00020408, Max: 0xffffffff, PI)

    Base Addr    Size         Type   Attr      Idx    E Section Name        Object

    0x00008000   0x000007cc   Code   RO            1    ServiceHeader       app_start.o
    0x000087cc   0x00000124   Code   RO            7  * .text               main.o
    0x000088f0   0x00000abc   Code   RO           11    .text               utility.o
    0x000093ac   0x0000014c   Code   RO           16    .text               led.o
    0x000094f8   0x00000b4c   Code   RO           19    .text               system_state.o
    0x0000a044   0x00000208   Code   RO           22    .text               json.o
    0x0000a24c   0x00000548   Code   RO           24    .text               applied_math.o
    0x0000a794   0x00000270   Code   RO           27    .text               fifo.o
    0x0000aa04   0x0000028e   Code   RO           29    .text               circular_queue.o
    0x0000ac92   0x00000002   PAD
    0x0000ac94   0x00000604   Code   RO           31    .text               hard_ware.o
    0x0000b298   0x000008f4   Code   RO           34    .text               gprs.o
    0x0000bb8c   0x00000b30   Code   RO           38    .text               socket.o
    0x0000c6bc   0x00000604   Code   RO           43    .text               gsm.o
    0x0000ccc0   0x000001fc   Code   RO           46    .text               sms.o
    0x0000cebc   0x0000055c   Code   RO           49    .text               uart.o
    0x0000d418   0x0000182e   Code   RO           52    .text               nmea_protocol.o
    0x0000ec46   0x00000002   PAD
    0x0000ec48   0x00001fb0   Code   RO           54    .text               gps.o
    0x00010bf8   0x00000a68   Code   RO           58    .text               log_service.o
    0x00011660   0x00000a40   Code   RO           63    .text               gps_service.o
    0x000120a0   0x000023e8   Code   RO           68    .text               agps_service.o
    0x00014488   0x00001c3c   Code   RO           73    .text               config_save.o
    0x000160c4   0x0000163c   Code   RO           77    .text               config_service.o
    0x00017700   0x00001d82   Code   RO           82    .text               update_file.o
    0x00019482   0x00000002   PAD
    0x00019484   0x00000864   Code   RO           87    .text               update_service.o
    0x00019ce8   0x00000244   Code   RO           92    .text               protocol.o
    0x00019f2c   0x0000144c   Code   RO           95    .text               protocol_2929.o
    0x0001b378   0x00001da0   Code   RO           99    .text               command.o
    0x0001d118   0x00001224   Code   RO          104    .text               auto_test.o
    0x0001e33c   0x0000142c   Code   RO          109    .text               expmu.o
    0x0001f768   0x00000af8   Code   RO          114    .text               expmu_service.o
    0x00020260   0x00000458   Code   RO          120    .text               calc_wkp_time.o
    0x000206b8   0x00000334   Code   RO          122    .text               wifi_service.o
    0x000209ec   0x000002f8   Code   RO          127    .text               __printf.o(c_te.l)
    0x00020ce4   0x0000005e   Code   RO          130    .text               _printf_str.o(c_te.l)
    0x00020d42   0x00000002   PAD
    0x00020d44   0x0000002c   Code   RO          132    .text               __0sprintf.o(c_te.l)
    0x00020d70   0x00000004   Ven    RO          134    .text               rt_memcpy.o(c_te.l)
    0x00020d74   0x000000d4   Code   RO          134    .text               rt_memcpy.o(c_te.l)
    0x00020e48   0x00000004   Ven    RO          136    .text               rt_memcpy_w.o(c_te.l)
    0x00020e4c   0x00000064   Code   RO          136    .text               rt_memcpy_w.o(c_te.l)
    0x00020eb0   0x00000004   Ven    RO          138    .text               rt_memclr_w.o(c_te.l)
    0x00020eb4   0x00000054   Code   RO          138    .text               rt_memclr_w.o(c_te.l)
    0x00020f08   0x00000048   Code   RO          140    .text               strlen.o(c_te.l)
    0x00020f50   0x00000004   Ven    RO          142    .text               uread4.o(c_te.l)
    0x00020f54   0x00000020   Code   RO          142    .text               uread4.o(c_te.l)
    0x00020f74   0x00000004   Ven    RO          144    .text               uwrite4.o(c_te.l)
    0x00020f78   0x00000020   Code   RO          144    .text               uwrite4.o(c_te.l)
    0x00020f98   0x00000004   Ven    RO          146    .text               aeabi_sdiv.o(c_te.l)
    0x00020f9c   0x00000180   Code   RO          146    .text               aeabi_sdiv.o(c_te.l)
    0x0002111c   0x00000004   Ven    RO          226    .text               switch8.o(h_te.l)
    0x00021120   0x00000018   Code   RO          226    .text               switch8.o(h_te.l)
    0x00021138   0x00000008   Ven    RO          261    .text               _rserrno.o(c_te.l)
    0x00021140   0x0000001a   Code   RO          261    .text               _rserrno.o(c_te.l)
    0x0002115a   0x00000002   PAD
    0x0002115c   0x00000034   Code   RO          263    .text               _printf_char_common.o(c_te.l)
    0x00021190   0x0000000a   Code   RO          265    .text               _sputc.o(c_te.l)
    0x0002119a   0x00000002   PAD
    0x0002119c   0x00000010   Code   RO          286    .text               callvia.o(h_te.l)
    0x000211ac   0x00000004   Ven    RO          301    .text               rt_errno_addr.o(c_te.l)
    0x000211b0   0x00000014   Code   RO          301    .text               rt_errno_addr.o(c_te.l)
    0x000211c4   0x00000020   Code   RO          310    .text               _printf_outstr_char.o(c_te.l)
    0x000211e4   0x0000000a   Code   RO          312    .text               _printf_input_char.o(c_te.l)
    0x000211ee   0x00000002   PAD
    0x000211f0   0x00000004   Ven    RO          147    .text_udiv          aeabi_sdiv.o(c_te.l)
    0x000211f4   0x0000001c   Code   RO          147    .text_udiv          aeabi_sdiv.o(c_te.l)
    0x00021210   0x00000008   Ven    RO          380    Veneer$$Code        anon$$obj.o
    0x00021218   0x00000008   Ven    RO          381    Veneer$$Code        anon$$obj.o
    0x00021220   0x00000008   Ven    RO          382    Veneer$$Code        anon$$obj.o
    0x00021228   0x00000008   Ven    RO          383    Veneer$$Code        anon$$obj.o
    0x00021230   0x00000008   Ven    RO          384    Veneer$$Code        anon$$obj.o
    0x00021238   0x00000008   Ven    RO          385    Veneer$$Code        anon$$obj.o
    0x00021240   0x00000008   Ven    RO          386    Veneer$$Code        anon$$obj.o
    0x00021248   0x00000008   Ven    RO          387    Veneer$$Code        anon$$obj.o
    0x00021250   0x00000008   Ven    RO          388    Veneer$$Code        anon$$obj.o
    0x00021258   0x00000008   Ven    RO          389    Veneer$$Code        anon$$obj.o
    0x00021260   0x00000008   Ven    RO          390    Veneer$$Code        anon$$obj.o
    0x00021268   0x00000008   Ven    RO          391    Veneer$$Code        anon$$obj.o
    0x00021270   0x00000008   Ven    RO          392    Veneer$$Code        anon$$obj.o
    0x00021278   0x00000008   Ven    RO          393    Veneer$$Code        anon$$obj.o
    0x00021280   0x00000008   Ven    RO          394    Veneer$$Code        anon$$obj.o
    0x00021288   0x00000008   Ven    RO          395    Veneer$$Code        anon$$obj.o
    0x00021290   0x00000008   Ven    RO          396    Veneer$$Code        anon$$obj.o
    0x00021298   0x00000008   Ven    RO          397    Veneer$$Code        anon$$obj.o
    0x000212a0   0x00000008   Ven    RO          398    Veneer$$Code        anon$$obj.o
    0x000212a8   0x00000008   Ven    RO          399    Veneer$$Code        anon$$obj.o
    0x000212b0   0x00000008   Ven    RO          400    Veneer$$Code        anon$$obj.o
    0x000212b8   0x00000008   Ven    RO          401    Veneer$$Code        anon$$obj.o
    0x000212c0   0x00000008   Ven    RO          402    Veneer$$Code        anon$$obj.o
    0x000212c8   0x00000008   Ven    RO          403    Veneer$$Code        anon$$obj.o
    0x000212d0   0x00000008   Ven    RO          404    Veneer$$Code        anon$$obj.o
    0x000212d8   0x00000008   Ven    RO          405    Veneer$$Code        anon$$obj.o
    0x000212e0   0x00000008   Ven    RO          406    Veneer$$Code        anon$$obj.o
    0x000212e8   0x00000008   Ven    RO          407    Veneer$$Code        anon$$obj.o
    0x000212f0   0x00000008   Ven    RO          408    Veneer$$Code        anon$$obj.o
    0x000212f8   0x00000008   Ven    RO          409    Veneer$$Code        anon$$obj.o
    0x00021300   0x00000008   Ven    RO          410    Veneer$$Code        anon$$obj.o
    0x00021308   0x00000008   Ven    RO          411    Veneer$$Code        anon$$obj.o
    0x00021310   0x00000008   Ven    RO          412    Veneer$$Code        anon$$obj.o
    0x00021318   0x00000008   Ven    RO          413    Veneer$$Code        anon$$obj.o
    0x00021320   0x00000008   Ven    RO          414    Veneer$$Code        anon$$obj.o
    0x00021328   0x00000008   Ven    RO          415    Veneer$$Code        anon$$obj.o
    0x00021330   0x00000008   Ven    RO          416    Veneer$$Code        anon$$obj.o
    0x00021338   0x00000008   Ven    RO          417    Veneer$$Code        anon$$obj.o
    0x00021340   0x00000008   Ven    RO          418    Veneer$$Code        anon$$obj.o
    0x00021348   0x00000008   Ven    RO          419    Veneer$$Code        anon$$obj.o
    0x00021350   0x00000008   Ven    RO          420    Veneer$$Code        anon$$obj.o
    0x00021358   0x00000008   Ven    RO          421    Veneer$$Code        anon$$obj.o
    0x00021360   0x00000008   Ven    RO          422    Veneer$$Code        anon$$obj.o
    0x00021368   0x00000008   Ven    RO          423    Veneer$$Code        anon$$obj.o
    0x00021370   0x00000008   Ven    RO          424    Veneer$$Code        anon$$obj.o
    0x00021378   0x00000008   Ven    RO          425    Veneer$$Code        anon$$obj.o
    0x00021380   0x00000008   Ven    RO          426    Veneer$$Code        anon$$obj.o
    0x00021388   0x00000008   Ven    RO          427    Veneer$$Code        anon$$obj.o
    0x00021390   0x00000008   Ven    RO          428    Veneer$$Code        anon$$obj.o
    0x00021398   0x00000008   Ven    RO          429    Veneer$$Code        anon$$obj.o
    0x000213a0   0x00000008   Ven    RO          430    Veneer$$Code        anon$$obj.o
    0x000213a8   0x00000008   Ven    RO          431    Veneer$$Code        anon$$obj.o
    0x000213b0   0x00000008   Ven    RO          432    Veneer$$Code        anon$$obj.o
    0x000213b8   0x00000008   Ven    RO          433    Veneer$$Code        anon$$obj.o
    0x000213c0   0x00000008   Ven    RO          434    Veneer$$Code        anon$$obj.o
    0x000213c8   0x00000008   Ven    RO          435    Veneer$$Code        anon$$obj.o
    0x000213d0   0x00000008   Ven    RO          436    Veneer$$Code        anon$$obj.o
    0x000213d8   0x00000008   Ven    RO          437    Veneer$$Code        anon$$obj.o
    0x000213e0   0x00000008   Ven    RO          438    Veneer$$Code        anon$$obj.o
    0x000213e8   0x00000008   Ven    RO          439    Veneer$$Code        anon$$obj.o
    0x000213f0   0x00000008   Ven    RO          440    Veneer$$Code        anon$$obj.o
    0x000213f8   0x00000008   Ven    RO          441    Veneer$$Code        anon$$obj.o
    0x00021400   0x00000008   Ven    RO          442    Veneer$$Code        anon$$obj.o
    0x00021408   0x00000008   Ven    RO          443    Veneer$$Code        anon$$obj.o
    0x00021410   0x00000008   Ven    RO          444    Veneer$$Code        anon$$obj.o
    0x00021418   0x00000008   Ven    RO          445    Veneer$$Code        anon$$obj.o
    0x00021420   0x00000008   Ven    RO          446    Veneer$$Code        anon$$obj.o
    0x00021428   0x00000008   Ven    RO          447    Veneer$$Code        anon$$obj.o
    0x00021430   0x00000008   Ven    RO          448    Veneer$$Code        anon$$obj.o
    0x00021438   0x00000008   Ven    RO          449    Veneer$$Code        anon$$obj.o
    0x00021440   0x00000008   Ven    RO          450    Veneer$$Code        anon$$obj.o
    0x00021448   0x00000008   Ven    RO          451    Veneer$$Code        anon$$obj.o
    0x00021450   0x00000008   Ven    RO          452    Veneer$$Code        anon$$obj.o
    0x00021458   0x00000008   Ven    RO          453    Veneer$$Code        anon$$obj.o
    0x00021460   0x00000008   Ven    RO          454    Veneer$$Code        anon$$obj.o
    0x00021468   0x00000008   Ven    RO          455    Veneer$$Code        anon$$obj.o
    0x00021470   0x00000008   Ven    RO          456    Veneer$$Code        anon$$obj.o
    0x00021478   0x00000008   Ven    RO          457    Veneer$$Code        anon$$obj.o
    0x00021480   0x00000008   Ven    RO          458    Veneer$$Code        anon$$obj.o
    0x00021488   0x00000008   Ven    RO          459    Veneer$$Code        anon$$obj.o
    0x00021490   0x00000008   Ven    RO          460    Veneer$$Code        anon$$obj.o
    0x00021498   0x00000008   Ven    RO          461    Veneer$$Code        anon$$obj.o
    0x000214a0   0x000004ac   Code   RO          293    i.__ieee754_rem_pio2  rred.o(m_ts.l)
    0x0002194c   0x00000190   Code   RO          287    i.__kernel_cos      cos_i.o(m_ts.l)
    0x00021adc   0x000000f8   Code   RO          290    i.__kernel_poly     poly.o(m_ts.l)
    0x00021bd4   0x00000178   Code   RO          296    i.__kernel_sin      sin_i.o(m_ts.l)
    0x00021d4c   0x00000004   Ven    RO          228    i.acos              acos.o(m_ts.l)
    0x00021d50   0x000003d8   Code   RO          228    i.acos              acos.o(m_ts.l)
    0x00022128   0x00000004   Ven    RO          233    i.asin              asin.o(m_ts.l)
    0x0002212c   0x000003e8   Code   RO          233    i.asin              asin.o(m_ts.l)
    0x00022514   0x00000010   Code   RO          244    i.copysign          pow.o(m_ts.l)
    0x00022524   0x00000004   Ven    RO          238    i.cos               cos.o(m_ts.l)
    0x00022528   0x000000ec   Code   RO          238    i.cos               cos.o(m_ts.l)
    0x00022614   0x00000004   Ven    RO          242    i.pow               pow.o(m_ts.l)
    0x00022618   0x00000e20   Code   RO          242    i.pow               pow.o(m_ts.l)
    0x00023438   0x00000004   Ven    RO          249    i.sin               sin.o(m_ts.l)
    0x0002343c   0x000000fc   Code   RO          249    i.sin               sin.o(m_ts.l)
    0x00023538   0x00000004   Ven    RO          253    i.sqrt              sqrt.o(m_ts.l)
    0x0002353c   0x00000078   Code   RO          253    i.sqrt              sqrt.o(m_ts.l)
    0x000235b4   0x00000004   Ven    RO          162    x$fpl$d2f           d2f.o(fz_ts.l)
    0x000235b8   0x000000ac   Code   RO          162    x$fpl$d2f           d2f.o(fz_ts.l)
    0x00023664   0x00000004   Ven    RO          164    x$fpl$dadd          daddsub_noclz.o(fz_ts.l)
    0x00023668   0x000001d4   Code   RO          164    x$fpl$dadd          daddsub_noclz.o(fz_ts.l)
    0x0002383c   0x00000010   Code   RO          268    x$fpl$dcheck        dcheck.o(fz_ts.l)
    0x0002384c   0x00000010   Code   RO          270    x$fpl$dcheck1       dcheck1.o(fz_ts.l)
    0x0002385c   0x00000080   Code   RO          272    x$fpl$dcmpinfnan    dcmpin.o(fz_ts.l)
    0x000238dc   0x00000004   Ven    RO          171    x$fpl$ddiv          ddiv.o(fz_ts.l)
    0x000238e0   0x000004c0   Code   RO          171    x$fpl$ddiv          ddiv.o(fz_ts.l)
    0x00023da0   0x00000004   Ven    RO          174    x$fpl$dfix          dfix.o(fz_ts.l)
    0x00023da4   0x000000b0   Code   RO          174    x$fpl$dfix          dfix.o(fz_ts.l)
    0x00023e54   0x00000004   Ven    RO          178    x$fpl$dfixu         dfixu.o(fz_ts.l)
    0x00023e58   0x00000088   Code   RO          178    x$fpl$dfixu         dfixu.o(fz_ts.l)
    0x00023ee0   0x00000004   Ven    RO          183    x$fpl$dflt          dflt_noclz.o(fz_ts.l)
    0x00023ee4   0x00000058   Code   RO          183    x$fpl$dflt          dflt_noclz.o(fz_ts.l)
    0x00023f3c   0x00000004   Ven    RO          182    x$fpl$dfltu         dflt_noclz.o(fz_ts.l)
    0x00023f40   0x0000000c   Code   RO          182    x$fpl$dfltu         dflt_noclz.o(fz_ts.l)
    0x00023f4c   0x00000004   Ven    RO          214    x$fpl$dleqf         dleqf.o(fz_ts.l)
    0x00023f50   0x00000088   Code   RO          214    x$fpl$dleqf         dleqf.o(fz_ts.l)
    0x00023fd8   0x00000004   Ven    RO          186    x$fpl$dmul          dmul.o(fz_ts.l)
    0x00023fdc   0x000001dc   Code   RO          186    x$fpl$dmul          dmul.o(fz_ts.l)
    0x000241b8   0x000001fc   Code   RO          318    x$fpl$drem          drem.o(fz_ts.l)
    0x000243b4   0x00000004   Ven    RO          216    x$fpl$drleqf        drleqf.o(fz_ts.l)
    0x000243b8   0x000000a0   Code   RO          216    x$fpl$drleqf        drleqf.o(fz_ts.l)
    0x00024458   0x00000018   Code   RO          165    x$fpl$drsb          daddsub_noclz.o(fz_ts.l)
    0x00024470   0x00000188   Code   RO          274    x$fpl$dsqrt         dsqrt.o(fz_ts.l)
    0x000245f8   0x00000004   Ven    RO          166    x$fpl$dsub          daddsub_noclz.o(fz_ts.l)
    0x000245fc   0x00000248   Code   RO          166    x$fpl$dsub          daddsub_noclz.o(fz_ts.l)
    0x00024844   0x00000114   Code   RO          276    x$fpl$dunder        dunder.o(fz_ts.l)
    0x00024958   0x00000004   Ven    RO          188    x$fpl$f2d           f2d.o(fz_ts.l)
    0x0002495c   0x00000064   Code   RO          188    x$fpl$f2d           f2d.o(fz_ts.l)
    0x000249c0   0x00000004   Ven    RO          190    x$fpl$fadd          faddsub_noclz.o(fz_ts.l)
    0x000249c4   0x00000108   Code   RO          190    x$fpl$fadd          faddsub_noclz.o(fz_ts.l)
    0x00024acc   0x0000000c   Code   RO          278    x$fpl$fcheck        fcheck.o(fz_ts.l)
    0x00024ad8   0x0000000c   Code   RO          280    x$fpl$fcheck1       fcheck1.o(fz_ts.l)
    0x00024ae4   0x00000004   Ven    RO          197    x$fpl$fdiv          fdiv.o(fz_ts.l)
    0x00024ae8   0x000001e4   Code   RO          197    x$fpl$fdiv          fdiv.o(fz_ts.l)
    0x00024ccc   0x00000004   Ven    RO          200    x$fpl$ffix          ffix.o(fz_ts.l)
    0x00024cd0   0x00000074   Code   RO          200    x$fpl$ffix          ffix.o(fz_ts.l)
    0x00024d44   0x00000004   Ven    RO          204    x$fpl$ffixu         ffixu.o(fz_ts.l)
    0x00024d48   0x00000060   Code   RO          204    x$fpl$ffixu         ffixu.o(fz_ts.l)
    0x00024da8   0x00000004   Ven    RO          209    x$fpl$fflt          fflt_noclz.o(fz_ts.l)
    0x00024dac   0x0000005c   Code   RO          209    x$fpl$fflt          fflt_noclz.o(fz_ts.l)
    0x00024e08   0x00000004   Ven    RO          208    x$fpl$ffltu         fflt_noclz.o(fz_ts.l)
    0x00024e0c   0x00000008   Code   RO          208    x$fpl$ffltu         fflt_noclz.o(fz_ts.l)
    0x00024e14   0x00000004   Ven    RO          212    x$fpl$fmul          fmul.o(fz_ts.l)
    0x00024e18   0x00000108   Code   RO          212    x$fpl$fmul          fmul.o(fz_ts.l)
    0x00024f20   0x00000094   Code   RO          282    x$fpl$fnorm2        fnorm2_noclz.o(fz_ts.l)
    0x00024fb4   0x00000004   Ven    RO          192    x$fpl$fsub          faddsub_noclz.o(fz_ts.l)
    0x00024fb8   0x00000168   Code   RO          192    x$fpl$fsub          faddsub_noclz.o(fz_ts.l)
    0x00025120   0x00000090   Code   RO          284    x$fpl$funder        funder.o(fz_ts.l)
    0x000251b0   0x00000074   Code   RO          314    x$fpl$retnan        retnan.o(fz_ts.l)
    0x00025224   0x00000004   Ven    RO          221    x$fpl$scalbn        scalbn_noclz.o(fz_ts.l)
    0x00025228   0x0000006c   Code   RO          221    x$fpl$scalbn        scalbn_noclz.o(fz_ts.l)
    0x00025294   0x0000003c   Code   RO          316    x$fpl$trapveneer    trapv.o(fz_ts.l)
    0x000252d0   0x00000000   Code   RO          267    x$fpl$usenofp       usenofp.o(fz_ts.l)
    0x000252d0   0x000000dc   Data   RO           13    .constdata          utility.o
    0x000253ac   0x00000400   Data   RO           25    .constdata          applied_math.o
    0x000257ac   0x000001cd   Data   RO           35    .constdata          gprs.o
    0x00025979   0x00000003   PAD
    0x0002597c   0x000004f3   Data   RO           40    .constdata          socket.o
    0x00025e6f   0x00000001   PAD
    0x00025e70   0x0000009a   Data   RO           60    .constdata          log_service.o
    0x00025f0a   0x00000002   PAD
    0x00025f0c   0x00000124   Data   RO           65    .constdata          gps_service.o
    0x00026030   0x000008e8   Data   RO           70    .constdata          agps_service.o
    0x00026918   0x0000026b   Data   RO           75    .constdata          config_save.o
    0x00026b83   0x00000001   PAD
    0x00026b84   0x000003b9   Data   RO           79    .constdata          config_service.o
    0x00026f3d   0x00000003   PAD
    0x00026f40   0x000007e4   Data   RO           84    .constdata          update_file.o
    0x00027724   0x000000e7   Data   RO           89    .constdata          update_service.o
    0x0002780b   0x00000001   PAD
    0x0002780c   0x0000033d   Data   RO           96    .constdata          protocol_2929.o
    0x00027b49   0x00000003   PAD
    0x00027b4c   0x0000042c   Data   RO          101    .constdata          command.o
    0x00027f78   0x0000004a   Data   RO          106    .constdata          auto_test.o
    0x00027fc2   0x00000002   PAD
    0x00027fc4   0x000001a7   Data   RO          111    .constdata          expmu.o
    0x0002816b   0x00000001   PAD
    0x0002816c   0x00000041   Data   RO          116    .constdata          expmu_service.o
    0x000281ad   0x00000011   Data   RO          128    .constdata          __printf.o(c_te.l)
    0x000281be   0x00000002   PAD
    0x000281c0   0x00000050   Data   RO          230    .constdata          acos.o(m_ts.l)
    0x00028210   0x00000050   Data   RO          235    .constdata          asin.o(m_ts.l)
    0x00028260   0x00000088   Data   RO          245    .constdata          pow.o(m_ts.l)
    0x000282e8   0x00000030   Data   RO          288    .constdata          cos_i.o(m_ts.l)
    0x00028318   0x00000008   Data   RO          292    .constdata          qnan.o(m_ts.l)
    0x00028320   0x000000c0   Data   RO          294    .constdata          rred.o(m_ts.l)
    0x000283e0   0x00000028   Data   RO          297    .constdata          sin_i.o(m_ts.l)


    Execution Region ER_RW (Base: 0x01000000, Size: 0x00000674, Max: 0xffffffff, PI)

    Base Addr    Size         Type   Attr      Idx    E Section Name        Object

    0x01000000   0x00000004   Data   RW          342    PDT$$ptr            anon$$obj.o
    0x01000004   0x00000008   Data   RW            8    .data               main.o
    0x0100000c   0x00000068   Data   RW           12    .data               utility.o
    0x01000074   0x00000008   Data   RW           32    .data               hard_ware.o
    0x0100007c   0x00000004   Data   RW           39    .data               socket.o
    0x01000080   0x00000003   Data   RW           55    .data               gps.o
    0x01000083   0x00000001   PAD
    0x01000084   0x00000088   Data   RW           59    .data               log_service.o
    0x0100010c   0x00000060   Data   RW           64    .data               gps_service.o
    0x0100016c   0x00000099   Data   RW           69    .data               agps_service.o
    0x01000205   0x00000003   PAD
    0x01000208   0x00000010   Data   RW           74    .data               config_save.o
    0x01000218   0x00000070   Data   RW           78    .data               config_service.o
    0x01000288   0x00000068   Data   RW           83    .data               update_file.o
    0x010002f0   0x00000060   Data   RW           88    .data               update_service.o
    0x01000350   0x00000004   Data   RW           93    .data               protocol.o
    0x01000354   0x000001b5   Data   RW          100    .data               command.o
    0x01000509   0x00000001   Data   RW          105    .data               auto_test.o
    0x0100050a   0x00000161   Data   RW          110    .data               expmu.o
    0x0100066b   0x00000001   PAD
    0x0100066c   0x00000008   Data   RW          115    .data               expmu_service.o


    Execution Region ER_ZI (Base: 0x01000674, Size: 0x00004884, Max: 0xffffffff, PI)

    Base Addr    Size         Type   Attr      Idx    E Section Name        Object

    0x01000674   0x0000000c   Zero   RW            9    .bss                main.o
    0x01000680   0x0000002c   Zero   RW           14    .bss                utility.o
    0x010006ac   0x00000014   Zero   RW           17    .bss                led.o
    0x010006c0   0x000000b4   Zero   RW           20    .bss                system_state.o
    0x01000774   0x00000014   Zero   RW           36    .bss                gprs.o
    0x01000788   0x000000b8   Zero   RW           41    .bss                socket.o
    0x01000840   0x00000090   Zero   RW           44    .bss                gsm.o
    0x010008d0   0x00000018   Zero   RW           47    .bss                sms.o
    0x010008e8   0x00000c70   Zero   RW           50    .bss                uart.o
    0x01001558   0x00000304   Zero   RW           56    .bss                gps.o
    0x0100185c   0x00000014   Zero   RW           61    .bss                log_service.o
    0x01001870   0x00000014   Zero   RW           66    .bss                gps_service.o
    0x01001884   0x00001f84   Zero   RW           71    .bss                agps_service.o
    0x01003808   0x000001e0   Zero   RW           80    .bss                config_service.o
    0x010039e8   0x000000e8   Zero   RW           85    .bss                update_file.o
    0x01003ad0   0x0000000c   Zero   RW           90    .bss                update_service.o
    0x01003adc   0x00000194   Zero   RW           97    .bss                protocol_2929.o
    0x01003c70   0x0000002a   Zero   RW          102    .bss                command.o
    0x01003c9a   0x00000002   PAD
    0x01003c9c   0x000001f8   Zero   RW          107    .bss                auto_test.o
    0x01003e94   0x00000b00   Zero   RW          112    .bss                expmu.o
    0x01004994   0x00000084   Zero   RW          117    .bss                expmu_service.o
    0x01004a18   0x000004dc   Zero   RW          123    .bss                wifi_service.o
    0x01004ef4   0x00000004   Zero   RW          302    .bss                rt_errno_addr.o(c_te.l)


================================================================================

Image component sizes


      Code (inc. data)   RO Data    RW Data    ZI Data      Debug   Object Name

      9192       2716       2280        153       8068          0   agps_service.o
      1996       1000          0          0          0        444   app_start.o
      1352         92       1024          0          0          0   applied_math.o
      4644       1690         74          1        504          0   auto_test.o
      1112         32          0          0          0          0   calc_wkp_time.o
       654          0          0          0          0          0   circular_queue.o
      7584       1634       1068        437         42          0   command.o
      7228       2322        619         16          0          0   config_save.o
      5692       1802        953        112        480          0   config_service.o
      5164        986        423        353       2816          0   expmu.o
      2808        920         65          8        132          0   expmu_service.o
       624          0          0          0          0          0   fifo.o
      2292        850        461          0         20          0   gprs.o
      8112       2638          0          3        772          0   gps.o
      2624        908        292         96         20          0   gps_service.o
      1540        348          0          0        144          0   gsm.o
      1540        706          0          8          0          0   hard_ware.o
       520         20          0          0          0          0   json.o
       332         12          0          0         20          0   led.o
      2664        768        154        136         20          0   log_service.o
       292         36          0          8         12      25589   main.o
      6190        804          0          0          0          0   nmea_protocol.o
       580        302          0          4          0          0   protocol.o
      5196       1004        829          0        404          0   protocol_2929.o
       508        110          0          0         24          0   sms.o
      2864        618       1267          4        184          0   socket.o
      2892        474          0          0        180          0   system_state.o
      1372        232          0          0       3184          0   uart.o
      7554       2452       2020        104        232          0   update_file.o
      2148        798        231         96         12          0   update_service.o
      2748         70        220        104         44          0   utility.o
       820        268          0          0       1244          0   wifi_service.o

    ------------------------------------------------------------------------
    101500      26612      11997       1652      18560      26036   Object Totals
       656          0          0          4          0          0   (incl. Generated)
         6          0         17          5          2          3   (incl. Padding)

    ------------------------------------------------------------------------

      Code (inc. data)   RO Data    RW Data    ZI Data      Debug   Library Member Name

        44          4          0          0          0          0   __0sprintf.o
       760          6         17          0          0          0   __printf.o
        52          8          0          0          0          0   _printf_char_common.o
        10          0          0          0          0          0   _printf_input_char.o
        32          0          0          0          0          0   _printf_outstr_char.o
        94          0          0          0          0          0   _printf_str.o
        34          0          0          0          0          0   _rserrno.o
        10          0          0          0          0          0   _sputc.o
       988         84         80          0          0          0   acos.o
       420          0          0          0          0          0   aeabi_sdiv.o
      1004         80         80          0          0          0   asin.o
        16          0          0          0          0          0   callvia.o
       240         24          0          0          0          0   cos.o
       400         28         48          0          0          0   cos_i.o
       176          4          0          0          0          0   d2f.o
      1084         28          0          0          0          0   daddsub_noclz.o
        16          4          0          0          0          0   dcheck.o
        16          4          0          0          0          0   dcheck1.o
       128          0          0          0          0          0   dcmpin.o
      1220        144          0          0          0          0   ddiv.o
       180          4          0          0          0          0   dfix.o
       140          4          0          0          0          0   dfixu.o
       108          0          0          0          0          0   dflt_noclz.o
       140          4          0          0          0          0   dleqf.o
       480         16          0          0          0          0   dmul.o
       508         12          0          0          0          0   drem.o
       164          4          0          0          0          0   drleqf.o
       392          8          0          0          0          0   dsqrt.o
       276          0          0          0          0          0   dunder.o
       104          4          0          0          0          0   f2d.o
       632          8          0          0          0          0   faddsub_noclz.o
        12          4          0          0          0          0   fcheck.o
        12          4          0          0          0          0   fcheck1.o
       488         76          0          0          0          0   fdiv.o
       120          4          0          0          0          0   ffix.o
       100          4          0          0          0          0   ffixu.o
       108          0          0          0          0          0   fflt_noclz.o
       268          4          0          0          0          0   fmul.o
       148          0          0          0          0          0   fnorm2_noclz.o
       144          0          0          0          0          0   funder.o
       248          0          0          0          0          0   poly.o
      3636        236        136          0          0          0   pow.o
         0          0          8          0          0          0   qnan.o
       116          0          0          0          0          0   retnan.o
      1196        104        192          0          0          0   rred.o
        24          4          0          0          4          0   rt_errno_addr.o
        88          0          0          0          0          0   rt_memclr_w.o
       216          0          0          0          0          0   rt_memcpy.o
       104          0          0          0          0          0   rt_memcpy_w.o
       112          0          0          0          0          0   scalbn_noclz.o
       256         24          0          0          0          0   sin.o
       376         12         40          0          0          0   sin_i.o
       124         20          0          0          0          0   sqrt.o
        72          4          0          0          0          0   strlen.o
        28          0          0          0          0          0   switch8.o
        60          0          0          0          0          0   trapv.o
        36          0          0          0          0          0   uread4.o
         0          0          0          0          0          0   usenofp.o
        36          0          0          0          0          0   uwrite4.o

    ------------------------------------------------------------------------
     18004        982        603          0          4          0   Library Totals
         8          0          2          0          0          0   (incl. Padding)

    ------------------------------------------------------------------------

      Code (inc. data)   RO Data    RW Data    ZI Data      Debug   Library Name

      2032         26         17          0          4          0   c_te.l
      7452        344          0          0          0          0   fz_ts.l
        44          0          0          0          0          0   h_te.l
      8468        612        584          0          0          0   m_ts.l

    ------------------------------------------------------------------------
     18004        982        603          0          4          0   Library Totals

    ------------------------------------------------------------------------

================================================================================


      Code (inc. data)   RO Data    RW Data    ZI Data      Debug   

    119504      27594      12600       1652      18564      26036   Grand Totals
    119504      27594      12600       1652      18564      26036   ELF Image Totals
    119504      27594      12600       1652          0          0   ROM Totals

================================================================================

    Total RO  Size (Code + RO Data)               132104 ( 129.01kB)
    Total RW  Size (RW Data + ZI Data)             20216 (  19.74kB)
    Total ROM Size (Code + RO Data + RW Data)     133756 ( 130.62kB)

================================================================================

