<!doctype html public "-//w3c//dtd html 4.0 transitional//en">
<html><head>
<title>Static Call Graph - [build\GmAppMain.axf]</title></head>
<body><HR>
<H1>Static Call Graph for image build\GmAppMain.axf</H1><HR>
<BR><P>#&#060CALLGRAPH&#062# ARM Linker, RVCT3.1 [Build 569]: Last Updated: Thu Aug 08 15:18:06 2019
<BR><P>
<H3>Maximum Stack Usage =       8232 bytes + Unknown(Functions without stacksize, Cycles, Untraceable Function Pointers)</H3><H3>
Call chain for Maximum Stack Depth:</H3>
on_recv_sms &rArr; sms_send &rArr; send_sms_real &rArr; log_service_print &rArr; log_service_upload &rArr;  log_service_print (Cycle)
<P>
<H3>
Functions with no stack information
</H3><UL>
 <LI><a href="#[15d7670]">GM_Trace</a>
 <LI><a href="#[15d7628]">GM_ReleaseBuild</a>
 <LI><a href="#[15d75e0]">GM_ReleaseBranch</a>
 <LI><a href="#[15d7598]">GM_ReleaseHwVer</a>
 <LI><a href="#[15d7550]">GM_ReleaseVerno</a>
 <LI><a href="#[15d7508]">GM_BuildDateTime</a>
 <LI><a href="#[15d74c0]">GM_atoi</a>
 <LI><a href="#[15d7478]">GM_atof</a>
 <LI><a href="#[15d7430]">GM_memset</a>
 <LI><a href="#[15d73e8]">GM_memcpy</a>
 <LI><a href="#[15d73a0]">GM_memcmp</a>
 <LI><a href="#[15d7358]">GM_memmove</a>
 <LI><a href="#[15d7310]">GM_strcpy</a>
 <LI><a href="#[15d72c8]">GM_strncpy</a>
 <LI><a href="#[15d7280]">GM_strcat</a>
 <LI><a href="#[15d7238]">GM_strncat</a>
 <LI><a href="#[15d71f0]">GM_strcmp</a>
 <LI><a href="#[15d71a8]">GM_strncmp</a>
 <LI><a href="#[15d7160]">GM_strchr</a>
 <LI><a href="#[15d7118]">GM_strlen</a>
 <LI><a href="#[15d70d0]">GM_strstr</a>
 <LI><a href="#[15d7088]">GM_sprintf</a>
 <LI><a href="#[15d7040]">GM_snprintf</a>
 <LI><a href="#[15d6ff8]">GM_vsprintf</a>
 <LI><a href="#[15d6fb0]">GM_sscanf</a>
 <LI><a href="#[15d6f68]">GM_GpioInit</a>
 <LI><a href="#[15d6f20]">GM_GetGpioMode</a>
 <LI><a href="#[15d6ed8]">GM_GpioSetLevel</a>
 <LI><a href="#[15d6e90]">GM_GpioGetLevel</a>
 <LI><a href="#[15d6e48]">GM_GpioSetDirection</a>
 <LI><a href="#[15d6e00]">GM_GpioGetDirection</a>
 <LI><a href="#[15d6db8]">GM_GpioSetPullSelection</a>
 <LI><a href="#[15d6d70]">GM_RegisterCallBack</a>
 <LI><a href="#[15d6d28]">GM_UartOpen</a>
 <LI><a href="#[15d6ce0]">GM_UartClose</a>
 <LI><a href="#[15d6c98]">GM_UartWrite</a>
 <LI><a href="#[15d6c50]">GM_UartRead</a>
 <LI><a href="#[15d6c08]">GM_UartClrRxBuffer</a>
 <LI><a href="#[15d6bc0]">GM_UartClrTxBuffer</a>
 <LI><a href="#[15d6b78]">GM_CheckSimValid</a>
 <LI><a href="#[15d6b30]">GM_GetImei</a>
 <LI><a href="#[15d6ae8]">GM_GetPlmn</a>
 <LI><a href="#[15d6aa0]">GM_GetServiceAvailability</a>
 <LI><a href="#[15d6a58]">GM_SetLocalTime</a>
 <LI><a href="#[15d6a10]">GM_GetLocalTime</a>
 <LI><a href="#[15d69c8]">GM_SetUartTrace</a>
 <LI><a href="#[15d6980]">GM_CloseUartTrace</a>
 <LI><a href="#[15d6938]">GM_MemoryAlloc</a>
 <LI><a href="#[15d68f0]">GM_MemoryFree</a>
 <LI><a href="#[15d68a8]">GM_Ucs2ToAsc</a>
 <LI><a href="#[15d6860]">GM_AscToUcs2</a>
 <LI><a href="#[15d6818]">GM_SendSMS</a>
 <LI><a href="#[15d67d0]">GM_CallAnswer</a>
 <LI><a href="#[15d6788]">GM_CallHangUp</a>
 <LI><a href="#[15d6740]">GM_MakeCall</a>
 <LI><a href="#[15d66f8]">GM_SystemReboot</a>
 <LI><a href="#[15d66b0]">GM_SystemPowerOff</a>
 <LI><a href="#[15d6668]">GM_FS_Open</a>
 <LI><a href="#[15d6620]">GM_FS_Close</a>
 <LI><a href="#[15d65d8]">GM_FS_Read</a>
 <LI><a href="#[15d6590]">GM_FS_Write</a>
 <LI><a href="#[15d6548]">GM_FS_Seek</a>
 <LI><a href="#[15d6500]">GM_FS_Commit</a>
 <LI><a href="#[15d64b8]">GM_FS_GetFileSize</a>
 <LI><a href="#[15d6470]">GM_FS_GetFilePosition</a>
 <LI><a href="#[15d6428]">GM_GetDiskFreeSpace</a>
 <LI><a href="#[15d63e0]">GM_FS_Delete</a>
 <LI><a href="#[15d6398]">GM_FS_CheckFile</a>
 <LI><a href="#[15d6350]">GM_FS_GetCurrentDir</a>
 <LI><a href="#[15d6308]">GM_FS_SetCurrentDir</a>
 <LI><a href="#[15d62c0]">GM_FS_CreateDir</a>
 <LI><a href="#[15d6278]">GM_FS_RemoveDir</a>
 <LI><a href="#[15d6230]">GM_FS_Rename</a>
 <LI><a href="#[15d61e8]">GM_FS_XDelete</a>
 <LI><a href="#[15d61a0]">GM_IsinkBacklightCtrl</a>
 <LI><a href="#[15d6158]">GM_SocketCreate</a>
 <LI><a href="#[15d6110]">GM_SocketConnect</a>
 <LI><a href="#[15d60c8]">GM_SocketRecv</a>
 <LI><a href="#[15d6080]">GM_SocketClose</a>
 <LI><a href="#[15d6038]">GM_SocketSend</a>
 <LI><a href="#[15d5ff0]">GM_SocketRegisterCallBack</a>
 <LI><a href="#[15d5fa8]">GM_GetLocalIP</a>
 <LI><a href="#[15d5f60]">GM_SleepEnable</a>
 <LI><a href="#[15d5f18]">GM_SleepDisable</a>
 <LI><a href="#[15d5ed0]">GM_KpledLevelCtrl</a>
 <LI><a href="#[15d5e88]">GM_CreateKalTimer</a>
 <LI><a href="#[15d5e40]">GM_StartKalTimer</a>
 <LI><a href="#[15d5df8]">GM_StopKalTimer</a>
 <LI><a href="#[15d5db0]">GM_StartTimer</a>
 <LI><a href="#[15d5d68]">GM_StopTimer</a>
 <LI><a href="#[15d5d20]">GM_GetSignalValue</a>
 <LI><a href="#[15d5cd8]">GM_GetLbsInfo</a>
 <LI><a href="#[15d5c90]">GM_I2cInit</a>
 <LI><a href="#[15d5c48]">GM_I2cConfig</a>
 <LI><a href="#[15d5c00]">GM_I2cWriteByte</a>
 <LI><a href="#[15d5bb8]">GM_I2cReadBytes</a>
 <LI><a href="#[15d5b70]">GM_I2cGetMode</a>
 <LI><a href="#[15d5b28]">GM_I2cSetMode</a>
 <LI><a href="#[15d5ae0]">GM_AdcRead</a>
 <LI><a href="#[15d5a98]">GM_EintRegister</a>
 <LI><a href="#[15d5a50]">GM_EintPinInit</a>
 <LI><a href="#[15d5a08]">GM_EintSetPolarity</a>
 <LI><a href="#[15d59c0]">GM_SysUsdelay</a>
 <LI><a href="#[15d5978]">GM_SysMsdelay</a>
 <LI><a href="#[15d5930]">GM_GetImsi</a>
 <LI><a href="#[15d58e8]">GM_GetIccid</a>
 <LI><a href="#[15d58a0]">GM_GetPdpStatus</a>
 <LI><a href="#[15d5858]">GM_GetGsmStatus</a>
 <LI><a href="#[15d5810]">GM_ImageZiLimit</a>
 <LI><a href="#[15d57c8]">GM_ImageDummyBase</a>
 <LI><a href="#[15d5780]">GM_GetBarcode</a>
 <LI><a href="#[15d5738]">GM_IsGprsAutoOn</a>
 <LI><a href="#[15d56f0]">GM_GetTcpStatus</a>
 <LI><a href="#[15d56a8]">GM_GetLibStatus</a>
 <LI><a href="#[15d5660]">GM_SetUartFunc</a>
 <LI><a href="#[15d5618]">GM_GetHostByName</a>
 <LI><a href="#[15d55d0]">GM_GetCregStatus</a>
 <LI><a href="#[15d5588]">GM_GetBearerStatus</a>
 <LI><a href="#[15d5540]">GM_AccountIdClose</a>
 <LI><a href="#[15d54f8]">GM_GetFakeCellFeature</a>
 <LI><a href="#[15d54b0]">GM_ApnConfig</a>
 <LI><a href="#[15d5468]">GM_ReadWriteNvram</a>
 <LI><a href="#[15d5420]">GM_GetNewAttachStatus</a>
 <LI><a href="#[15d53d8]">GM_IsWdtPwrOn</a>
 <LI><a href="#[15d5390]">GM_DnsParserCallback</a>
 <LI><a href="#[15d5348]">GM_GetSetFlightMode</a>
 <LI><a href="#[15d5300]">GM_CloseBearerAppId</a>
 <LI><a href="#[15d52b8]">GM_GetApnMatch</a>
 <LI><a href="#[15d5270]">GM_DeleteApn</a>
 <LI><a href="#[15d5228]">GM_SoftwareWdtCounterEnable</a>
 <LI><a href="#[15d51e0]">GM_SetSoftwareWdtCounter</a>
 <LI><a href="#[15d5198]">GM_GetSoftwareWdtCounter</a>
 <LI><a href="#[15d5150]">GM_SetSwLogicCounterEnable</a>
 <LI><a href="#[15d5108]">GM_SetSwLogicCounter</a>
 <LI><a href="#[15d50c0]">GM_SetSwLogicCounterMax</a>
 <LI><a href="#[15d5078]">GM_GetSwLogicCounter</a>
 <LI><a href="#[15d5030]">GM_GetSwLogicCounterMax</a>
 <LI><a href="#[15d4fe8]">GM_SpiReadData</a>
 <LI><a href="#[15d4fa0]">GM_SpiWriteData</a>
 <LI><a href="#[15d4f58]">GM_SpiFlashReadID</a>
 <LI><a href="#[15d4f10]">GM_SpiPinInit</a>
 <LI><a href="#[15d4ec8]">GM_StopRecord</a>
 <LI><a href="#[15d4e80]">GM_StartRecord</a>
 <LI><a href="#[15d4e38]">GM_RecordRegister</a>
 <LI><a href="#[15d4df0]">GM_GetChrStatus</a>
 <LI><a href="#[15d4da8]">GM_PowerKeyRegister</a>
 <LI><a href="#[15d4d60]">GM_ConvertIpAddr</a>
 <LI><a href="#[15d4d18]">GM_ReadNvramLid</a>
 <LI><a href="#[15d4cd0]">GM_ChrCurrentConfig</a>
 <LI><a href="#[15d4c88]">GM_ChrCurrentGet</a>
 <LI><a href="#[15d4c40]">GM_AutoApnCheck</a>
 <LI><a href="#[15d4bf8]">GM_Set_Mic_Volume</a>
 <LI><a href="#[15d4bb0]">GM_log10</a>
 <LI><a href="#[15d4b68]">GM_log</a>
 <LI><a href="#[15d4b20]">GM_sqrt</a>
 <LI><a href="#[15d4ad8]">GM_fabs</a>
 <LI><a href="#[15d4a90]">wlan_init</a>
 <LI><a href="#[15d4a48]">wlan_deinit</a>
 <LI><a href="#[15d4a00]">wlan_scan</a>
 <LI><a href="#[15d49b8]">GM_MemoryRealloc</a>
 <LI><a href="#[15d4970]">GM_GetTime</a>
 <LI><a href="#[15d4928]">GM_GetChipRID</a>
 <LI><a href="#[15d48e0]">GM_Func19</a>
 <LI><a href="#[15d4898]">GM_Func20</a>
 <LI><a href="#[15d4850]">GM_Func21</a>
 <LI><a href="#[15d4808]">GM_Func22</a>
 <LI><a href="#[15d47c0]">GM_Func23</a>
 <LI><a href="#[15d4778]">GM_Func24</a>
 <LI><a href="#[15d4730]">GM_Func25</a>
 <LI><a href="#[15d46e8]">GM_Func26</a>
 <LI><a href="#[15d46a0]">GM_Func27</a>
 <LI><a href="#[15d4658]">GM_Func28</a>
 <LI><a href="#[15d4610]">GM_Func29</a>
 <LI><a href="#[15d45c8]">GM_Func30</a>
 <LI><a href="#[15d4580]">GM_Func31</a>
 <LI><a href="#[15d4538]">GM_Func32</a>
 <LI><a href="#[15d44f0]">GM_Func33</a>
 <LI><a href="#[15d44a8]">GM_Func34</a>
 <LI><a href="#[15d4460]">GM_Func35</a>
 <LI><a href="#[15d4418]">GM_Func36</a>
 <LI><a href="#[15d43d0]">GM_Func37</a>
 <LI><a href="#[15d4388]">GM_Func38</a>
 <LI><a href="#[15d4340]">GM_Func39</a>
 <LI><a href="#[15d42f8]">GM_Func40</a>
 <LI><a href="#[15d42b0]">GM_Func41</a>
 <LI><a href="#[15d4268]">GM_Func42</a>
 <LI><a href="#[15d4220]">GM_Func43</a>
 <LI><a href="#[15d41d8]">GM_Func44</a>
 <LI><a href="#[15d4190]">GM_Func45</a>
 <LI><a href="#[15d4148]">GM_Func46</a>
 <LI><a href="#[15d4100]">GM_Func47</a>
 <LI><a href="#[15d40b8]">GM_Func48</a>
 <LI><a href="#[15d4070]">GM_Func49</a>
 <LI><a href="#[15d4028]">GM_Func50</a>
 <LI><a href="#[15d3fe0]">GM_CallbackFunc1</a>
 <LI><a href="#[15d3f98]">GM_CallbackFunc2</a>
 <LI><a href="#[15d3f50]">GM_CallbackFunc3</a>
 <LI><a href="#[15d3f08]">GM_CallbackFunc4</a>
 <LI><a href="#[15d3ec0]">GM_CallbackFunc5</a>
 <LI><a href="#[15d3e78]">GM_CallbackFunc6</a>
 <LI><a href="#[15d3e30]">GM_CallbackFunc7</a>
 <LI><a href="#[15d3de8]">GM_CallbackFunc8</a>
 <LI><a href="#[15d3da0]">GM_CallbackFunc9</a>
 <LI><a href="#[15d3d58]">GM_CallbackFunc10</a>
 <LI><a href="#[15d3d10]">GM_CallbackFunc11</a>
 <LI><a href="#[15d3cc8]">GM_CallbackFunc12</a>
 <LI><a href="#[15d3c80]">GM_CallbackFunc13</a>
 <LI><a href="#[15d3c38]">GM_CallbackFunc14</a>
 <LI><a href="#[15d3bf0]">GM_CallbackFunc15</a>
 <LI><a href="#[15d3ba8]">GM_CallbackFunc16</a>
 <LI><a href="#[15d3b60]">GM_CallbackFunc17</a>
 <LI><a href="#[15d3b18]">GM_CallbackFunc18</a>
 <LI><a href="#[15d3ad0]">GM_CallbackFunc19</a>
 <LI><a href="#[15d3a88]">GM_CallbackFunc20</a>
 <LI><a href="#[15d3a40]">GM_CallbackFunc21</a>
 <LI><a href="#[15d39f8]">GM_CallbackFunc22</a>
 <LI><a href="#[15d39b0]">GM_CallbackFunc23</a>
 <LI><a href="#[15d3968]">GM_CallbackFunc24</a>
 <LI><a href="#[15d3920]">GM_CallbackFunc25</a>
 <LI><a href="#[15d38d8]">GM_CallbackFunc26</a>
 <LI><a href="#[15d3890]">GM_CallbackFunc27</a>
 <LI><a href="#[15d3848]">GM_CallbackFunc28</a>
 <LI><a href="#[15d3800]">GM_CallbackFunc29</a>
 <LI><a href="#[15d37b8]">GM_CallbackFunc30</a>
 <LI><a href="#[15d3770]">GM_CallbackFunc31</a>
 <LI><a href="#[15d3728]">GM_CallbackFunc32</a>
 <LI><a href="#[15d36e0]">GM_CallbackFunc33</a>
 <LI><a href="#[15d3698]">GM_CallbackFunc34</a>
 <LI><a href="#[15d3650]">GM_CallbackFunc35</a>
 <LI><a href="#[15d3608]">GM_CallbackFunc36</a>
 <LI><a href="#[15d35c0]">GM_CallbackFunc37</a>
 <LI><a href="#[15d3578]">GM_CallbackFunc38</a>
 <LI><a href="#[15d3530]">GM_CallbackFunc39</a>
 <LI><a href="#[15d34e8]">GM_CallbackFunc40</a>
 <LI><a href="#[15d34a0]">GM_CallbackFunc41</a>
 <LI><a href="#[15d3458]">GM_CallbackFunc42</a>
 <LI><a href="#[15d3410]">GM_CallbackFunc43</a>
 <LI><a href="#[15d33c8]">GM_CallbackFunc44</a>
 <LI><a href="#[15d3380]">GM_CallbackFunc45</a>
 <LI><a href="#[15d3338]">GM_CallbackFunc46</a>
 <LI><a href="#[15d32f0]">GM_CallbackFunc47</a>
 <LI><a href="#[15d32a8]">GM_CallbackFunc48</a>
 <LI><a href="#[15d3260]">GM_CallbackFunc49</a>
 <LI><a href="#[15d3218]">GM_CallbackFunc50</a>
 <LI><a href="#[15d31d0]">TK_dll_set_sb</a>
</UL>
</UL>
<P>
<H3>
Mutually Recursive functions
</H3> <LI><a href="#[2309478]">log_data_insert_one</a>&nbsp;&nbsp;&nbsp;&rArr;&nbsp;&nbsp;&nbsp;<a href="#[230fb20]">log_service_print</a><BR>
 <LI><a href="#[230d7f8]">config_service_get</a>&nbsp;&nbsp;&nbsp;&rArr;&nbsp;&nbsp;&nbsp;<a href="#[230fb20]">log_service_print</a><BR>
 <LI><a href="#[230de28]">config_service_get_zone</a>&nbsp;&nbsp;&nbsp;&rArr;&nbsp;&nbsp;&nbsp;<a href="#[230fb20]">log_service_print</a><BR>
 <LI><a href="#[230dde0]">log_service_upload</a>&nbsp;&nbsp;&nbsp;&rArr;&nbsp;&nbsp;&nbsp;<a href="#[230fb20]">log_service_print</a><BR>
</UL>
<P>
<H3>
Function Pointers
</H3><UL>
 <LI><a href="#[15cec10]">Service_Entry</a>
 <LI><a href="#[15cf678]">$Super$$GM_Trace</a>
 <LI><a href="#[15d0050]">$Super$$GM_ReleaseBuild</a>
 <LI><a href="#[15d0098]">$Super$$GM_ReleaseBranch</a>
 <LI><a href="#[15d0008]">$Super$$GM_ReleaseHwVer</a>
 <LI><a href="#[15cffc0]">$Super$$GM_ReleaseVerno</a>
 <LI><a href="#[15d3020]">$Super$$GM_BuildDateTime</a>
 <LI><a href="#[15cf3f0]">$Super$$GM_atoi</a>
 <LI><a href="#[15cf438]">$Super$$GM_atof</a>
 <LI><a href="#[15cf1f8]">$Super$$GM_memset</a>
 <LI><a href="#[15cf288]">$Super$$GM_memcpy</a>
 <LI><a href="#[15cf2d0]">$Super$$GM_memcmp</a>
 <LI><a href="#[15cf240]">$Super$$GM_memmove</a>
 <LI><a href="#[15cefb8]">$Super$$GM_strcpy</a>
 <LI><a href="#[15cee98]">$Super$$GM_strncpy</a>
 <LI><a href="#[15cf090]">$Super$$GM_strcat</a>
 <LI><a href="#[15cef28]">$Super$$GM_strncat</a>
 <LI><a href="#[15cf000]">$Super$$GM_strcmp</a>
 <LI><a href="#[15ceee0]">$Super$$GM_strncmp</a>
 <LI><a href="#[15cf048]">$Super$$GM_strchr</a>
 <LI><a href="#[15cef70]">$Super$$GM_strlen</a>
 <LI><a href="#[15cee50]">$Super$$GM_strstr</a>
 <LI><a href="#[15cf168]">$Super$$GM_sprintf</a>
 <LI><a href="#[15cf1b0]">$Super$$GM_snprintf</a>
 <LI><a href="#[15cee08]">$Super$$GM_vsprintf</a>
 <LI><a href="#[15cf0d8]">$Super$$GM_sscanf</a>
 <LI><a href="#[15d07a0]">$Super$$GM_GpioInit</a>
 <LI><a href="#[15d0e18]">$Super$$GM_GetGpioMode</a>
 <LI><a href="#[15d0710]">$Super$$GM_GpioSetLevel</a>
 <LI><a href="#[15d07e8]">$Super$$GM_GpioGetLevel</a>
 <LI><a href="#[15d0758]">$Super$$GM_GpioSetDirection</a>
 <LI><a href="#[15d0830]">$Super$$GM_GpioGetDirection</a>
 <LI><a href="#[15d06c8]">$Super$$GM_GpioSetPullSelection</a>
 <LI><a href="#[15d00e0]">$Super$$GM_RegisterCallBack</a>
 <LI><a href="#[15cf558]">$Super$$GM_UartOpen</a>
 <LI><a href="#[15cf630]">$Super$$GM_UartClose</a>
 <LI><a href="#[15cf4c8]">$Super$$GM_UartWrite</a>
 <LI><a href="#[15cf510]">$Super$$GM_UartRead</a>
 <LI><a href="#[15cf5e8]">$Super$$GM_UartClrRxBuffer</a>
 <LI><a href="#[15cf5a0]">$Super$$GM_UartClrTxBuffer</a>
 <LI><a href="#[15d2138]">$Super$$GM_CheckSimValid</a>
 <LI><a href="#[15d0cf8]">$Super$$GM_GetImei</a>
 <LI><a href="#[15d0ab8]">$Super$$GM_GetPlmn</a>
 <LI><a href="#[15d0a70]">$Super$$GM_GetServiceAvailability</a>
 <LI><a href="#[15cff30]">$Super$$GM_SetLocalTime</a>
 <LI><a href="#[15d0b90]">$Super$$GM_GetLocalTime</a>
 <LI><a href="#[15cfd80]">$Super$$GM_SetUartTrace</a>
 <LI><a href="#[15d2018]">$Super$$GM_CloseUartTrace</a>
 <LI><a href="#[15d02d8]">$Super$$GM_MemoryAlloc</a>
 <LI><a href="#[15d0290]">$Super$$GM_MemoryFree</a>
 <LI><a href="#[15cf480]">$Super$$GM_Ucs2ToAsc</a>
 <LI><a href="#[15d30b0]">$Super$$GM_AscToUcs2</a>
 <LI><a href="#[15cff78]">$Super$$GM_SendSMS</a>
 <LI><a href="#[15d2fd8]">$Super$$GM_CallAnswer</a>
 <LI><a href="#[15d2f90]">$Super$$GM_CallHangUp</a>
 <LI><a href="#[15d0320]">$Super$$GM_MakeCall</a>
 <LI><a href="#[15cf6c0]">$Super$$GM_SystemReboot</a>
 <LI><a href="#[15cf708]">$Super$$GM_SystemPowerOff</a>
 <LI><a href="#[15d1b98]">$Super$$GM_FS_Open</a>
 <LI><a href="#[15d1d90]">$Super$$GM_FS_Close</a>
 <LI><a href="#[15d1b50]">$Super$$GM_FS_Read</a>
 <LI><a href="#[15d19e8]">$Super$$GM_FS_Write</a>
 <LI><a href="#[15d1a78]">$Super$$GM_FS_Seek</a>
 <LI><a href="#[15d1d48]">$Super$$GM_FS_Commit</a>
 <LI><a href="#[15d1be0]">$Super$$GM_FS_GetFileSize</a>
 <LI><a href="#[15d1c28]">$Super$$GM_FS_GetFilePosition</a>
 <LI><a href="#[15d0ea8]">$Super$$GM_GetDiskFreeSpace</a>
 <LI><a href="#[15d1cb8]">$Super$$GM_FS_Delete</a>
 <LI><a href="#[15d1dd8]">$Super$$GM_FS_CheckFile</a>
 <LI><a href="#[15d1c70]">$Super$$GM_FS_GetCurrentDir</a>
 <LI><a href="#[15d1a30]">$Super$$GM_FS_SetCurrentDir</a>
 <LI><a href="#[15d1d00]">$Super$$GM_FS_CreateDir</a>
 <LI><a href="#[15d1b08]">$Super$$GM_FS_RemoveDir</a>
 <LI><a href="#[15d1ac0]">$Super$$GM_FS_Rename</a>
 <LI><a href="#[15d19a0]">$Super$$GM_FS_XDelete</a>
 <LI><a href="#[15d03b0]">$Super$$GM_IsinkBacklightCtrl</a>
 <LI><a href="#[15cfbd0]">$Super$$GM_SocketCreate</a>
 <LI><a href="#[15cfc18]">$Super$$GM_SocketConnect</a>
 <LI><a href="#[15cfb88]">$Super$$GM_SocketRecv</a>
 <LI><a href="#[15cfc60]">$Super$$GM_SocketClose</a>
 <LI><a href="#[15cfaf8]">$Super$$GM_SocketSend</a>
 <LI><a href="#[15cfb40]">$Super$$GM_SocketRegisterCallBack</a>
 <LI><a href="#[15d0bd8]">$Super$$GM_GetLocalIP</a>
 <LI><a href="#[15cfca8]">$Super$$GM_SleepEnable</a>
 <LI><a href="#[15cfcf0]">$Super$$GM_SleepDisable</a>
 <LI><a href="#[15d0368]">$Super$$GM_KpledLevelCtrl</a>
 <LI><a href="#[15d1f88]">$Super$$GM_CreateKalTimer</a>
 <LI><a href="#[15cf948]">$Super$$GM_StartKalTimer</a>
 <LI><a href="#[15cf870]">$Super$$GM_StopKalTimer</a>
 <LI><a href="#[15cf8b8]">$Super$$GM_StartTimer</a>
 <LI><a href="#[15cf7e0]">$Super$$GM_StopTimer</a>
 <LI><a href="#[15d09e0]">$Super$$GM_GetSignalValue</a>
 <LI><a href="#[15d0c68]">$Super$$GM_GetLbsInfo</a>
 <LI><a href="#[15d05f0]">$Super$$GM_I2cInit</a>
 <LI><a href="#[15d0680]">$Super$$GM_I2cConfig</a>
 <LI><a href="#[15d0518]">$Super$$GM_I2cWriteByte</a>
 <LI><a href="#[15d05a8]">$Super$$GM_I2cReadBytes</a>
 <LI><a href="#[15d0638]">$Super$$GM_I2cGetMode</a>
 <LI><a href="#[15d0560]">$Super$$GM_I2cSetMode</a>
 <LI><a href="#[15d3140]">$Super$$GM_AdcRead</a>
 <LI><a href="#[15d1e68]">$Super$$GM_EintRegister</a>
 <LI><a href="#[15d1eb0]">$Super$$GM_EintPinInit</a>
 <LI><a href="#[15d1e20]">$Super$$GM_EintSetPolarity</a>
 <LI><a href="#[15cf750]">$Super$$GM_SysUsdelay</a>
 <LI><a href="#[15cf798]">$Super$$GM_SysMsdelay</a>
 <LI><a href="#[15d0cb0]">$Super$$GM_GetImsi</a>
 <LI><a href="#[15d0d40]">$Super$$GM_GetIccid</a>
 <LI><a href="#[15d0b00]">$Super$$GM_GetPdpStatus</a>
 <LI><a href="#[15d0dd0]">$Super$$GM_GetGsmStatus</a>
 <LI><a href="#[15d0488]">$Super$$GM_ImageZiLimit</a>
 <LI><a href="#[15d04d0]">$Super$$GM_ImageDummyBase</a>
 <LI><a href="#[15d1010]">$Super$$GM_GetBarcode</a>
 <LI><a href="#[15d0440]">$Super$$GM_IsGprsAutoOn</a>
 <LI><a href="#[15d08c0]">$Super$$GM_GetTcpStatus</a>
 <LI><a href="#[15d0c20]">$Super$$GM_GetLibStatus</a>
 <LI><a href="#[15cfdc8]">$Super$$GM_SetUartFunc</a>
 <LI><a href="#[15d0d88]">$Super$$GM_GetHostByName</a>
 <LI><a href="#[15d0ef0]">$Super$$GM_GetCregStatus</a>
 <LI><a href="#[15d0fc8]">$Super$$GM_GetBearerStatus</a>
 <LI><a href="#[15d3188]">$Super$$GM_AccountIdClose</a>
 <LI><a href="#[15d0e60]">$Super$$GM_GetFakeCellFeature</a>
 <LI><a href="#[15d30f8]">$Super$$GM_ApnConfig</a>
 <LI><a href="#[15d0170]">$Super$$GM_ReadWriteNvram</a>
 <LI><a href="#[15d0b48]">$Super$$GM_GetNewAttachStatus</a>
 <LI><a href="#[15d03f8]">$Super$$GM_IsWdtPwrOn</a>
 <LI><a href="#[15d1ef8]">$Super$$GM_DnsParserCallback</a>
 <LI><a href="#[15d0a28]">$Super$$GM_GetSetFlightMode</a>
 <LI><a href="#[15d2060]">$Super$$GM_CloseBearerAppId</a>
 <LI><a href="#[15d1058]">$Super$$GM_GetApnMatch</a>
 <LI><a href="#[15d1f40]">$Super$$GM_DeleteApn</a>
 <LI><a href="#[15cfab0]">$Super$$GM_SoftwareWdtCounterEnable</a>
 <LI><a href="#[15cfee8]">$Super$$GM_SetSoftwareWdtCounter</a>
 <LI><a href="#[15d0998]">$Super$$GM_GetSoftwareWdtCounter</a>
 <LI><a href="#[15cfe58]">$Super$$GM_SetSwLogicCounterEnable</a>
 <LI><a href="#[15cfea0]">$Super$$GM_SetSwLogicCounter</a>
 <LI><a href="#[15cfe10]">$Super$$GM_SetSwLogicCounterMax</a>
 <LI><a href="#[15d0950]">$Super$$GM_GetSwLogicCounter</a>
 <LI><a href="#[15d0908]">$Super$$GM_GetSwLogicCounterMax</a>
 <LI><a href="#[15cf9d8]">$Super$$GM_SpiReadData</a>
 <LI><a href="#[15cf990]">$Super$$GM_SpiWriteData</a>
 <LI><a href="#[15cfa68]">$Super$$GM_SpiFlashReadID</a>
 <LI><a href="#[15cfa20]">$Super$$GM_SpiPinInit</a>
 <LI><a href="#[15cf828]">$Super$$GM_StopRecord</a>
 <LI><a href="#[15cf900]">$Super$$GM_StartRecord</a>
 <LI><a href="#[15d0128]">$Super$$GM_RecordRegister</a>
 <LI><a href="#[15d0f38]">$Super$$GM_GetChrStatus</a>
 <LI><a href="#[15d0200]">$Super$$GM_PowerKeyRegister</a>
 <LI><a href="#[15d1fd0]">$Super$$GM_ConvertIpAddr</a>
 <LI><a href="#[15d01b8]">$Super$$GM_ReadNvramLid</a>
 <LI><a href="#[15d20f0]">$Super$$GM_ChrCurrentConfig</a>
 <LI><a href="#[15d20a8]">$Super$$GM_ChrCurrentGet</a>
 <LI><a href="#[15d3068]">$Super$$GM_AutoApnCheck</a>
 <LI><a href="#[15cfd38]">$Super$$GM_Set_Mic_Volume</a>
 <LI><a href="#[15cf318]">$Super$$GM_log10</a>
 <LI><a href="#[15cf360]">$Super$$GM_log</a>
 <LI><a href="#[15cf120]">$Super$$GM_sqrt</a>
 <LI><a href="#[15cf3a8]">$Super$$GM_fabs</a>
 <LI><a href="#[15ced78]">$Super$$wlan_init</a>
 <LI><a href="#[15cedc0]">$Super$$wlan_deinit</a>
 <LI><a href="#[15ced30]">$Super$$wlan_scan</a>
 <LI><a href="#[15d0248]">$Super$$GM_MemoryRealloc</a>
 <LI><a href="#[15d0878]">$Super$$GM_GetTime</a>
 <LI><a href="#[15d0f80]">$Super$$GM_GetChipRID</a>
 <LI><a href="#[15d1958]">$Super$$GM_Func19</a>
 <LI><a href="#[15d1910]">$Super$$GM_Func20</a>
 <LI><a href="#[15d18c8]">$Super$$GM_Func21</a>
 <LI><a href="#[15d1880]">$Super$$GM_Func22</a>
 <LI><a href="#[15d1838]">$Super$$GM_Func23</a>
 <LI><a href="#[15d17f0]">$Super$$GM_Func24</a>
 <LI><a href="#[15d17a8]">$Super$$GM_Func25</a>
 <LI><a href="#[15d1760]">$Super$$GM_Func26</a>
 <LI><a href="#[15d1718]">$Super$$GM_Func27</a>
 <LI><a href="#[15d16d0]">$Super$$GM_Func28</a>
 <LI><a href="#[15d1688]">$Super$$GM_Func29</a>
 <LI><a href="#[15d1640]">$Super$$GM_Func30</a>
 <LI><a href="#[15d15f8]">$Super$$GM_Func31</a>
 <LI><a href="#[15d15b0]">$Super$$GM_Func32</a>
 <LI><a href="#[15d1568]">$Super$$GM_Func33</a>
 <LI><a href="#[15d1520]">$Super$$GM_Func34</a>
 <LI><a href="#[15d14d8]">$Super$$GM_Func35</a>
 <LI><a href="#[15d1490]">$Super$$GM_Func36</a>
 <LI><a href="#[15d1448]">$Super$$GM_Func37</a>
 <LI><a href="#[15d1400]">$Super$$GM_Func38</a>
 <LI><a href="#[15d13b8]">$Super$$GM_Func39</a>
 <LI><a href="#[15d1370]">$Super$$GM_Func40</a>
 <LI><a href="#[15d1328]">$Super$$GM_Func41</a>
 <LI><a href="#[15d12e0]">$Super$$GM_Func42</a>
 <LI><a href="#[15d1298]">$Super$$GM_Func43</a>
 <LI><a href="#[15d1250]">$Super$$GM_Func44</a>
 <LI><a href="#[15d1208]">$Super$$GM_Func45</a>
 <LI><a href="#[15d11c0]">$Super$$GM_Func46</a>
 <LI><a href="#[15d1178]">$Super$$GM_Func47</a>
 <LI><a href="#[15d1130]">$Super$$GM_Func48</a>
 <LI><a href="#[15d10e8]">$Super$$GM_Func49</a>
 <LI><a href="#[15d10a0]">$Super$$GM_Func50</a>
 <LI><a href="#[15d2f48]">$Super$$GM_CallbackFunc1</a>
 <LI><a href="#[15d2c30]">$Super$$GM_CallbackFunc2</a>
 <LI><a href="#[15d2918]">$Super$$GM_CallbackFunc3</a>
 <LI><a href="#[15d2600]">$Super$$GM_CallbackFunc4</a>
 <LI><a href="#[15d22e8]">$Super$$GM_CallbackFunc5</a>
 <LI><a href="#[15d2258]">$Super$$GM_CallbackFunc6</a>
 <LI><a href="#[15d2210]">$Super$$GM_CallbackFunc7</a>
 <LI><a href="#[15d21c8]">$Super$$GM_CallbackFunc8</a>
 <LI><a href="#[15d2180]">$Super$$GM_CallbackFunc9</a>
 <LI><a href="#[15d2f00]">$Super$$GM_CallbackFunc10</a>
 <LI><a href="#[15d2eb8]">$Super$$GM_CallbackFunc11</a>
 <LI><a href="#[15d2e70]">$Super$$GM_CallbackFunc12</a>
 <LI><a href="#[15d2e28]">$Super$$GM_CallbackFunc13</a>
 <LI><a href="#[15d2de0]">$Super$$GM_CallbackFunc14</a>
 <LI><a href="#[15d2d98]">$Super$$GM_CallbackFunc15</a>
 <LI><a href="#[15d2d50]">$Super$$GM_CallbackFunc16</a>
 <LI><a href="#[15d2d08]">$Super$$GM_CallbackFunc17</a>
 <LI><a href="#[15d2cc0]">$Super$$GM_CallbackFunc18</a>
 <LI><a href="#[15d2c78]">$Super$$GM_CallbackFunc19</a>
 <LI><a href="#[15d2be8]">$Super$$GM_CallbackFunc20</a>
 <LI><a href="#[15d2ba0]">$Super$$GM_CallbackFunc21</a>
 <LI><a href="#[15d2b58]">$Super$$GM_CallbackFunc22</a>
 <LI><a href="#[15d2b10]">$Super$$GM_CallbackFunc23</a>
 <LI><a href="#[15d2ac8]">$Super$$GM_CallbackFunc24</a>
 <LI><a href="#[15d2a80]">$Super$$GM_CallbackFunc25</a>
 <LI><a href="#[15d2a38]">$Super$$GM_CallbackFunc26</a>
 <LI><a href="#[15d29f0]">$Super$$GM_CallbackFunc27</a>
 <LI><a href="#[15d29a8]">$Super$$GM_CallbackFunc28</a>
 <LI><a href="#[15d2960]">$Super$$GM_CallbackFunc29</a>
 <LI><a href="#[15d28d0]">$Super$$GM_CallbackFunc30</a>
 <LI><a href="#[15d2888]">$Super$$GM_CallbackFunc31</a>
 <LI><a href="#[15d2840]">$Super$$GM_CallbackFunc32</a>
 <LI><a href="#[15d27f8]">$Super$$GM_CallbackFunc33</a>
 <LI><a href="#[15d27b0]">$Super$$GM_CallbackFunc34</a>
 <LI><a href="#[15d2768]">$Super$$GM_CallbackFunc35</a>
 <LI><a href="#[15d2720]">$Super$$GM_CallbackFunc36</a>
 <LI><a href="#[15d26d8]">$Super$$GM_CallbackFunc37</a>
 <LI><a href="#[15d2690]">$Super$$GM_CallbackFunc38</a>
 <LI><a href="#[15d2648]">$Super$$GM_CallbackFunc39</a>
 <LI><a href="#[15d25b8]">$Super$$GM_CallbackFunc40</a>
 <LI><a href="#[15d2570]">$Super$$GM_CallbackFunc41</a>
 <LI><a href="#[15d2528]">$Super$$GM_CallbackFunc42</a>
 <LI><a href="#[15d24e0]">$Super$$GM_CallbackFunc43</a>
 <LI><a href="#[15d2498]">$Super$$GM_CallbackFunc44</a>
 <LI><a href="#[15d2450]">$Super$$GM_CallbackFunc45</a>
 <LI><a href="#[15d2408]">$Super$$GM_CallbackFunc46</a>
 <LI><a href="#[15d23c0]">$Super$$GM_CallbackFunc47</a>
 <LI><a href="#[15d2378]">$Super$$GM_CallbackFunc48</a>
 <LI><a href="#[15d2330]">$Super$$GM_CallbackFunc49</a>
 <LI><a href="#[15d22a0]">$Super$$GM_CallbackFunc50</a>
 <LI><a href="#[15ce8b0]">timer_1s_proc</a>
 <LI><a href="#[15ce868]">timer_10ms_proc</a>
 <LI><a href="#[15ce280]">upload_boot_log</a>
 <LI><a href="#[15ce820]">kal_timer_1s_proc</a>
 <LI><a href="#[15ce790]">DLL_init_SB</a>
 <LI><a href="#[15ce7d8]">app_main_entry</a>
 <LI><a href="#[230e0b0]">hard_ware_reboot_atonce</a>
 <LI><a href="#[230d258]">socket_get_host_by_name_callback</a>
 <LI><a href="#[230d9f0]">gprs_socket_notify</a>
 <LI><a href="#[230c0a0]">check_sim_card</a>
 <LI><a href="#[230c0e8]">gsm_iccid_callback</a>
 <LI><a href="#[230c130]">gsm_lbs_callback</a>
 <LI><a href="#[230c178]">gsm_imei_callback</a>
 <LI><a href="#[230c058]">gsm_call_status_callback</a>
 <LI><a href="#[230bfc8]">gsm_fake_cell_callback</a>
 <LI><a href="#[230c010]">gsm_incomming_call</a>
 <LI><a href="#[230c0a0]">check_sim_card</a>
 <LI><a href="#[230c208]">check_fake_cell_alarm_timer_proc</a>
 <LI><a href="#[230bb90]">send_sms_real</a>
 <LI><a href="#[230bbd8]">send_sms_callback</a>
 <LI><a href="#[230bb48]">on_recv_sms</a>
 <LI><a href="#[230b830]">debug_port_on_receive</a>
 <LI><a href="#[230b878]">gps_port_on_receive</a>
 <LI><a href="#[230b8c0]">expmu_port_receive</a>
 <LI><a href="#[230a510]">check_fix_state</a>
 <LI><a href="#[230a4c8]">query_mtk_version</a>
 <LI><a href="#[230a480]">check_has_received_data</a>
 <LI><a href="#[230a438]">query_at_version</a>
 <LI><a href="#[230a3f0]">query_td_version</a>
 <LI><a href="#[230a3a8]">query_td_and_at_version</a>
 <LI><a href="#[230a438]">query_at_version</a>
 <LI><a href="#[230a3a8]">query_td_and_at_version</a>
 <LI><a href="#[230a4c8]">query_mtk_version</a>
 <LI><a href="#[230a480]">check_has_received_data</a>
 <LI><a href="#[230a510]">check_fix_state</a>
 <LI><a href="#[230a3f0]">query_td_version</a>
 <LI><a href="#[230a168]">open_td_vtg</a>
 <LI><a href="#[23098b0]">gps_service_push_lbs</a>
 <LI><a href="#[2304260]">delay_gprs_destory</a>
 <LI><a href="#[2304218]">delay_gprs_change_dns</a>
 <LI><a href="#[2304848]">cmd_reboot</a>
 <LI><a href="#[23016c0]">wlan_deinit_cb</a>
 <LI><a href="#[2301678]">wlan_scan_cb</a>
 <LI><a href="#[2301630]">wlan_init_cb</a>
 <LI><a href="#[23015e8]">wifi_service_period_scan_wifi</a>
 <LI><a href="#[23016c0]">wlan_deinit_cb</a>
 <LI><a href="#[2369eb0]">_sputc</a>
 <LI><a href="#[23674b8]">_printf_outstr_char</a>
 <LI><a href="#[2367340]">_printf_input_char</a>
</UL>
<P>
<H3>
Global Symbols
</H3>
<P><STRONG><a name="[15cf678]"></a>$Super$$GM_Trace</STRONG> (ARM, 0 bytes, Stack size 0 bytes, app_start.sym(ABSOLUTE))
<BR>[Address Reference Count : 1]<UL><LI> app_start.o(ServiceHeader)
</UL>
<P><STRONG><a name="[15d0050]"></a>$Super$$GM_ReleaseBuild</STRONG> (ARM, 0 bytes, Stack size 0 bytes, app_start.sym(ABSOLUTE))
<BR>[Address Reference Count : 1]<UL><LI> app_start.o(ServiceHeader)
</UL>
<P><STRONG><a name="[15d0098]"></a>$Super$$GM_ReleaseBranch</STRONG> (ARM, 0 bytes, Stack size 0 bytes, app_start.sym(ABSOLUTE))
<BR>[Address Reference Count : 1]<UL><LI> app_start.o(ServiceHeader)
</UL>
<P><STRONG><a name="[15d0008]"></a>$Super$$GM_ReleaseHwVer</STRONG> (ARM, 0 bytes, Stack size 0 bytes, app_start.sym(ABSOLUTE))
<BR>[Address Reference Count : 1]<UL><LI> app_start.o(ServiceHeader)
</UL>
<P><STRONG><a name="[15cffc0]"></a>$Super$$GM_ReleaseVerno</STRONG> (ARM, 0 bytes, Stack size 0 bytes, app_start.sym(ABSOLUTE))
<BR>[Address Reference Count : 1]<UL><LI> app_start.o(ServiceHeader)
</UL>
<P><STRONG><a name="[15d3020]"></a>$Super$$GM_BuildDateTime</STRONG> (ARM, 0 bytes, Stack size 0 bytes, app_start.sym(ABSOLUTE))
<BR>[Address Reference Count : 1]<UL><LI> app_start.o(ServiceHeader)
</UL>
<P><STRONG><a name="[15cf3f0]"></a>$Super$$GM_atoi</STRONG> (ARM, 0 bytes, Stack size 0 bytes, app_start.sym(ABSOLUTE))
<BR>[Address Reference Count : 1]<UL><LI> app_start.o(ServiceHeader)
</UL>
<P><STRONG><a name="[15cf438]"></a>$Super$$GM_atof</STRONG> (ARM, 0 bytes, Stack size 0 bytes, app_start.sym(ABSOLUTE))
<BR>[Address Reference Count : 1]<UL><LI> app_start.o(ServiceHeader)
</UL>
<P><STRONG><a name="[15cf1f8]"></a>$Super$$GM_memset</STRONG> (ARM, 0 bytes, Stack size 0 bytes, app_start.sym(ABSOLUTE))
<BR>[Address Reference Count : 1]<UL><LI> app_start.o(ServiceHeader)
</UL>
<P><STRONG><a name="[15cf288]"></a>$Super$$GM_memcpy</STRONG> (ARM, 0 bytes, Stack size 0 bytes, app_start.sym(ABSOLUTE))
<BR>[Address Reference Count : 1]<UL><LI> app_start.o(ServiceHeader)
</UL>
<P><STRONG><a name="[15cf2d0]"></a>$Super$$GM_memcmp</STRONG> (ARM, 0 bytes, Stack size 0 bytes, app_start.sym(ABSOLUTE))
<BR>[Address Reference Count : 1]<UL><LI> app_start.o(ServiceHeader)
</UL>
<P><STRONG><a name="[15cf240]"></a>$Super$$GM_memmove</STRONG> (ARM, 0 bytes, Stack size 0 bytes, app_start.sym(ABSOLUTE))
<BR>[Address Reference Count : 1]<UL><LI> app_start.o(ServiceHeader)
</UL>
<P><STRONG><a name="[15cefb8]"></a>$Super$$GM_strcpy</STRONG> (ARM, 0 bytes, Stack size 0 bytes, app_start.sym(ABSOLUTE))
<BR>[Address Reference Count : 1]<UL><LI> app_start.o(ServiceHeader)
</UL>
<P><STRONG><a name="[15cee98]"></a>$Super$$GM_strncpy</STRONG> (ARM, 0 bytes, Stack size 0 bytes, app_start.sym(ABSOLUTE))
<BR>[Address Reference Count : 1]<UL><LI> app_start.o(ServiceHeader)
</UL>
<P><STRONG><a name="[15cf090]"></a>$Super$$GM_strcat</STRONG> (ARM, 0 bytes, Stack size 0 bytes, app_start.sym(ABSOLUTE))
<BR>[Address Reference Count : 1]<UL><LI> app_start.o(ServiceHeader)
</UL>
<P><STRONG><a name="[15cef28]"></a>$Super$$GM_strncat</STRONG> (ARM, 0 bytes, Stack size 0 bytes, app_start.sym(ABSOLUTE))
<BR>[Address Reference Count : 1]<UL><LI> app_start.o(ServiceHeader)
</UL>
<P><STRONG><a name="[15cf000]"></a>$Super$$GM_strcmp</STRONG> (ARM, 0 bytes, Stack size 0 bytes, app_start.sym(ABSOLUTE))
<BR>[Address Reference Count : 1]<UL><LI> app_start.o(ServiceHeader)
</UL>
<P><STRONG><a name="[15ceee0]"></a>$Super$$GM_strncmp</STRONG> (ARM, 0 bytes, Stack size 0 bytes, app_start.sym(ABSOLUTE))
<BR>[Address Reference Count : 1]<UL><LI> app_start.o(ServiceHeader)
</UL>
<P><STRONG><a name="[15cf048]"></a>$Super$$GM_strchr</STRONG> (ARM, 0 bytes, Stack size 0 bytes, app_start.sym(ABSOLUTE))
<BR>[Address Reference Count : 1]<UL><LI> app_start.o(ServiceHeader)
</UL>
<P><STRONG><a name="[15cef70]"></a>$Super$$GM_strlen</STRONG> (ARM, 0 bytes, Stack size 0 bytes, app_start.sym(ABSOLUTE))
<BR>[Address Reference Count : 1]<UL><LI> app_start.o(ServiceHeader)
</UL>
<P><STRONG><a name="[15cee50]"></a>$Super$$GM_strstr</STRONG> (ARM, 0 bytes, Stack size 0 bytes, app_start.sym(ABSOLUTE))
<BR>[Address Reference Count : 1]<UL><LI> app_start.o(ServiceHeader)
</UL>
<P><STRONG><a name="[15cf168]"></a>$Super$$GM_sprintf</STRONG> (ARM, 0 bytes, Stack size 0 bytes, app_start.sym(ABSOLUTE))
<BR>[Address Reference Count : 1]<UL><LI> app_start.o(ServiceHeader)
</UL>
<P><STRONG><a name="[15cf1b0]"></a>$Super$$GM_snprintf</STRONG> (ARM, 0 bytes, Stack size 0 bytes, app_start.sym(ABSOLUTE))
<BR>[Address Reference Count : 1]<UL><LI> app_start.o(ServiceHeader)
</UL>
<P><STRONG><a name="[15cee08]"></a>$Super$$GM_vsprintf</STRONG> (ARM, 0 bytes, Stack size 0 bytes, app_start.sym(ABSOLUTE))
<BR>[Address Reference Count : 1]<UL><LI> app_start.o(ServiceHeader)
</UL>
<P><STRONG><a name="[15cf0d8]"></a>$Super$$GM_sscanf</STRONG> (ARM, 0 bytes, Stack size 0 bytes, app_start.sym(ABSOLUTE))
<BR>[Address Reference Count : 1]<UL><LI> app_start.o(ServiceHeader)
</UL>
<P><STRONG><a name="[15d07a0]"></a>$Super$$GM_GpioInit</STRONG> (ARM, 0 bytes, Stack size 0 bytes, app_start.sym(ABSOLUTE))
<BR>[Address Reference Count : 1]<UL><LI> app_start.o(ServiceHeader)
</UL>
<P><STRONG><a name="[15d0e18]"></a>$Super$$GM_GetGpioMode</STRONG> (ARM, 0 bytes, Stack size 0 bytes, app_start.sym(ABSOLUTE))
<BR>[Address Reference Count : 1]<UL><LI> app_start.o(ServiceHeader)
</UL>
<P><STRONG><a name="[15d0710]"></a>$Super$$GM_GpioSetLevel</STRONG> (ARM, 0 bytes, Stack size 0 bytes, app_start.sym(ABSOLUTE))
<BR>[Address Reference Count : 1]<UL><LI> app_start.o(ServiceHeader)
</UL>
<P><STRONG><a name="[15d07e8]"></a>$Super$$GM_GpioGetLevel</STRONG> (ARM, 0 bytes, Stack size 0 bytes, app_start.sym(ABSOLUTE))
<BR>[Address Reference Count : 1]<UL><LI> app_start.o(ServiceHeader)
</UL>
<P><STRONG><a name="[15d0758]"></a>$Super$$GM_GpioSetDirection</STRONG> (ARM, 0 bytes, Stack size 0 bytes, app_start.sym(ABSOLUTE))
<BR>[Address Reference Count : 1]<UL><LI> app_start.o(ServiceHeader)
</UL>
<P><STRONG><a name="[15d0830]"></a>$Super$$GM_GpioGetDirection</STRONG> (ARM, 0 bytes, Stack size 0 bytes, app_start.sym(ABSOLUTE))
<BR>[Address Reference Count : 1]<UL><LI> app_start.o(ServiceHeader)
</UL>
<P><STRONG><a name="[15d06c8]"></a>$Super$$GM_GpioSetPullSelection</STRONG> (ARM, 0 bytes, Stack size 0 bytes, app_start.sym(ABSOLUTE))
<BR>[Address Reference Count : 1]<UL><LI> app_start.o(ServiceHeader)
</UL>
<P><STRONG><a name="[15d00e0]"></a>$Super$$GM_RegisterCallBack</STRONG> (ARM, 0 bytes, Stack size 0 bytes, app_start.sym(ABSOLUTE))
<BR>[Address Reference Count : 1]<UL><LI> app_start.o(ServiceHeader)
</UL>
<P><STRONG><a name="[15cf558]"></a>$Super$$GM_UartOpen</STRONG> (ARM, 0 bytes, Stack size 0 bytes, app_start.sym(ABSOLUTE))
<BR>[Address Reference Count : 1]<UL><LI> app_start.o(ServiceHeader)
</UL>
<P><STRONG><a name="[15cf630]"></a>$Super$$GM_UartClose</STRONG> (ARM, 0 bytes, Stack size 0 bytes, app_start.sym(ABSOLUTE))
<BR>[Address Reference Count : 1]<UL><LI> app_start.o(ServiceHeader)
</UL>
<P><STRONG><a name="[15cf4c8]"></a>$Super$$GM_UartWrite</STRONG> (ARM, 0 bytes, Stack size 0 bytes, app_start.sym(ABSOLUTE))
<BR>[Address Reference Count : 1]<UL><LI> app_start.o(ServiceHeader)
</UL>
<P><STRONG><a name="[15cf510]"></a>$Super$$GM_UartRead</STRONG> (ARM, 0 bytes, Stack size 0 bytes, app_start.sym(ABSOLUTE))
<BR>[Address Reference Count : 1]<UL><LI> app_start.o(ServiceHeader)
</UL>
<P><STRONG><a name="[15cf5e8]"></a>$Super$$GM_UartClrRxBuffer</STRONG> (ARM, 0 bytes, Stack size 0 bytes, app_start.sym(ABSOLUTE))
<BR>[Address Reference Count : 1]<UL><LI> app_start.o(ServiceHeader)
</UL>
<P><STRONG><a name="[15cf5a0]"></a>$Super$$GM_UartClrTxBuffer</STRONG> (ARM, 0 bytes, Stack size 0 bytes, app_start.sym(ABSOLUTE))
<BR>[Address Reference Count : 1]<UL><LI> app_start.o(ServiceHeader)
</UL>
<P><STRONG><a name="[15d2138]"></a>$Super$$GM_CheckSimValid</STRONG> (ARM, 0 bytes, Stack size 0 bytes, app_start.sym(ABSOLUTE))
<BR>[Address Reference Count : 1]<UL><LI> app_start.o(ServiceHeader)
</UL>
<P><STRONG><a name="[15d0cf8]"></a>$Super$$GM_GetImei</STRONG> (ARM, 0 bytes, Stack size 0 bytes, app_start.sym(ABSOLUTE))
<BR>[Address Reference Count : 1]<UL><LI> app_start.o(ServiceHeader)
</UL>
<P><STRONG><a name="[15d0ab8]"></a>$Super$$GM_GetPlmn</STRONG> (ARM, 0 bytes, Stack size 0 bytes, app_start.sym(ABSOLUTE))
<BR>[Address Reference Count : 1]<UL><LI> app_start.o(ServiceHeader)
</UL>
<P><STRONG><a name="[15d0a70]"></a>$Super$$GM_GetServiceAvailability</STRONG> (ARM, 0 bytes, Stack size 0 bytes, app_start.sym(ABSOLUTE))
<BR>[Address Reference Count : 1]<UL><LI> app_start.o(ServiceHeader)
</UL>
<P><STRONG><a name="[15cff30]"></a>$Super$$GM_SetLocalTime</STRONG> (ARM, 0 bytes, Stack size 0 bytes, app_start.sym(ABSOLUTE))
<BR>[Address Reference Count : 1]<UL><LI> app_start.o(ServiceHeader)
</UL>
<P><STRONG><a name="[15d0b90]"></a>$Super$$GM_GetLocalTime</STRONG> (ARM, 0 bytes, Stack size 0 bytes, app_start.sym(ABSOLUTE))
<BR>[Address Reference Count : 1]<UL><LI> app_start.o(ServiceHeader)
</UL>
<P><STRONG><a name="[15cfd80]"></a>$Super$$GM_SetUartTrace</STRONG> (ARM, 0 bytes, Stack size 0 bytes, app_start.sym(ABSOLUTE))
<BR>[Address Reference Count : 1]<UL><LI> app_start.o(ServiceHeader)
</UL>
<P><STRONG><a name="[15d2018]"></a>$Super$$GM_CloseUartTrace</STRONG> (ARM, 0 bytes, Stack size 0 bytes, app_start.sym(ABSOLUTE))
<BR>[Address Reference Count : 1]<UL><LI> app_start.o(ServiceHeader)
</UL>
<P><STRONG><a name="[15d02d8]"></a>$Super$$GM_MemoryAlloc</STRONG> (ARM, 0 bytes, Stack size 0 bytes, app_start.sym(ABSOLUTE))
<BR>[Address Reference Count : 1]<UL><LI> app_start.o(ServiceHeader)
</UL>
<P><STRONG><a name="[15d0290]"></a>$Super$$GM_MemoryFree</STRONG> (ARM, 0 bytes, Stack size 0 bytes, app_start.sym(ABSOLUTE))
<BR>[Address Reference Count : 1]<UL><LI> app_start.o(ServiceHeader)
</UL>
<P><STRONG><a name="[15cf480]"></a>$Super$$GM_Ucs2ToAsc</STRONG> (ARM, 0 bytes, Stack size 0 bytes, app_start.sym(ABSOLUTE))
<BR>[Address Reference Count : 1]<UL><LI> app_start.o(ServiceHeader)
</UL>
<P><STRONG><a name="[15d30b0]"></a>$Super$$GM_AscToUcs2</STRONG> (ARM, 0 bytes, Stack size 0 bytes, app_start.sym(ABSOLUTE))
<BR>[Address Reference Count : 1]<UL><LI> app_start.o(ServiceHeader)
</UL>
<P><STRONG><a name="[15cff78]"></a>$Super$$GM_SendSMS</STRONG> (ARM, 0 bytes, Stack size 0 bytes, app_start.sym(ABSOLUTE))
<BR>[Address Reference Count : 1]<UL><LI> app_start.o(ServiceHeader)
</UL>
<P><STRONG><a name="[15d2fd8]"></a>$Super$$GM_CallAnswer</STRONG> (ARM, 0 bytes, Stack size 0 bytes, app_start.sym(ABSOLUTE))
<BR>[Address Reference Count : 1]<UL><LI> app_start.o(ServiceHeader)
</UL>
<P><STRONG><a name="[15d2f90]"></a>$Super$$GM_CallHangUp</STRONG> (ARM, 0 bytes, Stack size 0 bytes, app_start.sym(ABSOLUTE))
<BR>[Address Reference Count : 1]<UL><LI> app_start.o(ServiceHeader)
</UL>
<P><STRONG><a name="[15d0320]"></a>$Super$$GM_MakeCall</STRONG> (ARM, 0 bytes, Stack size 0 bytes, app_start.sym(ABSOLUTE))
<BR>[Address Reference Count : 1]<UL><LI> app_start.o(ServiceHeader)
</UL>
<P><STRONG><a name="[15cf6c0]"></a>$Super$$GM_SystemReboot</STRONG> (ARM, 0 bytes, Stack size 0 bytes, app_start.sym(ABSOLUTE))
<BR>[Address Reference Count : 1]<UL><LI> app_start.o(ServiceHeader)
</UL>
<P><STRONG><a name="[15cf708]"></a>$Super$$GM_SystemPowerOff</STRONG> (ARM, 0 bytes, Stack size 0 bytes, app_start.sym(ABSOLUTE))
<BR>[Address Reference Count : 1]<UL><LI> app_start.o(ServiceHeader)
</UL>
<P><STRONG><a name="[15d1b98]"></a>$Super$$GM_FS_Open</STRONG> (ARM, 0 bytes, Stack size 0 bytes, app_start.sym(ABSOLUTE))
<BR>[Address Reference Count : 1]<UL><LI> app_start.o(ServiceHeader)
</UL>
<P><STRONG><a name="[15d1d90]"></a>$Super$$GM_FS_Close</STRONG> (ARM, 0 bytes, Stack size 0 bytes, app_start.sym(ABSOLUTE))
<BR>[Address Reference Count : 1]<UL><LI> app_start.o(ServiceHeader)
</UL>
<P><STRONG><a name="[15d1b50]"></a>$Super$$GM_FS_Read</STRONG> (ARM, 0 bytes, Stack size 0 bytes, app_start.sym(ABSOLUTE))
<BR>[Address Reference Count : 1]<UL><LI> app_start.o(ServiceHeader)
</UL>
<P><STRONG><a name="[15d19e8]"></a>$Super$$GM_FS_Write</STRONG> (ARM, 0 bytes, Stack size 0 bytes, app_start.sym(ABSOLUTE))
<BR>[Address Reference Count : 1]<UL><LI> app_start.o(ServiceHeader)
</UL>
<P><STRONG><a name="[15d1a78]"></a>$Super$$GM_FS_Seek</STRONG> (ARM, 0 bytes, Stack size 0 bytes, app_start.sym(ABSOLUTE))
<BR>[Address Reference Count : 1]<UL><LI> app_start.o(ServiceHeader)
</UL>
<P><STRONG><a name="[15d1d48]"></a>$Super$$GM_FS_Commit</STRONG> (ARM, 0 bytes, Stack size 0 bytes, app_start.sym(ABSOLUTE))
<BR>[Address Reference Count : 1]<UL><LI> app_start.o(ServiceHeader)
</UL>
<P><STRONG><a name="[15d1be0]"></a>$Super$$GM_FS_GetFileSize</STRONG> (ARM, 0 bytes, Stack size 0 bytes, app_start.sym(ABSOLUTE))
<BR>[Address Reference Count : 1]<UL><LI> app_start.o(ServiceHeader)
</UL>
<P><STRONG><a name="[15d1c28]"></a>$Super$$GM_FS_GetFilePosition</STRONG> (ARM, 0 bytes, Stack size 0 bytes, app_start.sym(ABSOLUTE))
<BR>[Address Reference Count : 1]<UL><LI> app_start.o(ServiceHeader)
</UL>
<P><STRONG><a name="[15d0ea8]"></a>$Super$$GM_GetDiskFreeSpace</STRONG> (ARM, 0 bytes, Stack size 0 bytes, app_start.sym(ABSOLUTE))
<BR>[Address Reference Count : 1]<UL><LI> app_start.o(ServiceHeader)
</UL>
<P><STRONG><a name="[15d1cb8]"></a>$Super$$GM_FS_Delete</STRONG> (ARM, 0 bytes, Stack size 0 bytes, app_start.sym(ABSOLUTE))
<BR>[Address Reference Count : 1]<UL><LI> app_start.o(ServiceHeader)
</UL>
<P><STRONG><a name="[15d1dd8]"></a>$Super$$GM_FS_CheckFile</STRONG> (ARM, 0 bytes, Stack size 0 bytes, app_start.sym(ABSOLUTE))
<BR>[Address Reference Count : 1]<UL><LI> app_start.o(ServiceHeader)
</UL>
<P><STRONG><a name="[15d1c70]"></a>$Super$$GM_FS_GetCurrentDir</STRONG> (ARM, 0 bytes, Stack size 0 bytes, app_start.sym(ABSOLUTE))
<BR>[Address Reference Count : 1]<UL><LI> app_start.o(ServiceHeader)
</UL>
<P><STRONG><a name="[15d1a30]"></a>$Super$$GM_FS_SetCurrentDir</STRONG> (ARM, 0 bytes, Stack size 0 bytes, app_start.sym(ABSOLUTE))
<BR>[Address Reference Count : 1]<UL><LI> app_start.o(ServiceHeader)
</UL>
<P><STRONG><a name="[15d1d00]"></a>$Super$$GM_FS_CreateDir</STRONG> (ARM, 0 bytes, Stack size 0 bytes, app_start.sym(ABSOLUTE))
<BR>[Address Reference Count : 1]<UL><LI> app_start.o(ServiceHeader)
</UL>
<P><STRONG><a name="[15d1b08]"></a>$Super$$GM_FS_RemoveDir</STRONG> (ARM, 0 bytes, Stack size 0 bytes, app_start.sym(ABSOLUTE))
<BR>[Address Reference Count : 1]<UL><LI> app_start.o(ServiceHeader)
</UL>
<P><STRONG><a name="[15d1ac0]"></a>$Super$$GM_FS_Rename</STRONG> (ARM, 0 bytes, Stack size 0 bytes, app_start.sym(ABSOLUTE))
<BR>[Address Reference Count : 1]<UL><LI> app_start.o(ServiceHeader)
</UL>
<P><STRONG><a name="[15d19a0]"></a>$Super$$GM_FS_XDelete</STRONG> (ARM, 0 bytes, Stack size 0 bytes, app_start.sym(ABSOLUTE))
<BR>[Address Reference Count : 1]<UL><LI> app_start.o(ServiceHeader)
</UL>
<P><STRONG><a name="[15d03b0]"></a>$Super$$GM_IsinkBacklightCtrl</STRONG> (ARM, 0 bytes, Stack size 0 bytes, app_start.sym(ABSOLUTE))
<BR>[Address Reference Count : 1]<UL><LI> app_start.o(ServiceHeader)
</UL>
<P><STRONG><a name="[15cfbd0]"></a>$Super$$GM_SocketCreate</STRONG> (ARM, 0 bytes, Stack size 0 bytes, app_start.sym(ABSOLUTE))
<BR>[Address Reference Count : 1]<UL><LI> app_start.o(ServiceHeader)
</UL>
<P><STRONG><a name="[15cfc18]"></a>$Super$$GM_SocketConnect</STRONG> (ARM, 0 bytes, Stack size 0 bytes, app_start.sym(ABSOLUTE))
<BR>[Address Reference Count : 1]<UL><LI> app_start.o(ServiceHeader)
</UL>
<P><STRONG><a name="[15cfb88]"></a>$Super$$GM_SocketRecv</STRONG> (ARM, 0 bytes, Stack size 0 bytes, app_start.sym(ABSOLUTE))
<BR>[Address Reference Count : 1]<UL><LI> app_start.o(ServiceHeader)
</UL>
<P><STRONG><a name="[15cfc60]"></a>$Super$$GM_SocketClose</STRONG> (ARM, 0 bytes, Stack size 0 bytes, app_start.sym(ABSOLUTE))
<BR>[Address Reference Count : 1]<UL><LI> app_start.o(ServiceHeader)
</UL>
<P><STRONG><a name="[15cfaf8]"></a>$Super$$GM_SocketSend</STRONG> (ARM, 0 bytes, Stack size 0 bytes, app_start.sym(ABSOLUTE))
<BR>[Address Reference Count : 1]<UL><LI> app_start.o(ServiceHeader)
</UL>
<P><STRONG><a name="[15cfb40]"></a>$Super$$GM_SocketRegisterCallBack</STRONG> (ARM, 0 bytes, Stack size 0 bytes, app_start.sym(ABSOLUTE))
<BR>[Address Reference Count : 1]<UL><LI> app_start.o(ServiceHeader)
</UL>
<P><STRONG><a name="[15d0bd8]"></a>$Super$$GM_GetLocalIP</STRONG> (ARM, 0 bytes, Stack size 0 bytes, app_start.sym(ABSOLUTE))
<BR>[Address Reference Count : 1]<UL><LI> app_start.o(ServiceHeader)
</UL>
<P><STRONG><a name="[15cfca8]"></a>$Super$$GM_SleepEnable</STRONG> (ARM, 0 bytes, Stack size 0 bytes, app_start.sym(ABSOLUTE))
<BR>[Address Reference Count : 1]<UL><LI> app_start.o(ServiceHeader)
</UL>
<P><STRONG><a name="[15cfcf0]"></a>$Super$$GM_SleepDisable</STRONG> (ARM, 0 bytes, Stack size 0 bytes, app_start.sym(ABSOLUTE))
<BR>[Address Reference Count : 1]<UL><LI> app_start.o(ServiceHeader)
</UL>
<P><STRONG><a name="[15d0368]"></a>$Super$$GM_KpledLevelCtrl</STRONG> (ARM, 0 bytes, Stack size 0 bytes, app_start.sym(ABSOLUTE))
<BR>[Address Reference Count : 1]<UL><LI> app_start.o(ServiceHeader)
</UL>
<P><STRONG><a name="[15d1f88]"></a>$Super$$GM_CreateKalTimer</STRONG> (ARM, 0 bytes, Stack size 0 bytes, app_start.sym(ABSOLUTE))
<BR>[Address Reference Count : 1]<UL><LI> app_start.o(ServiceHeader)
</UL>
<P><STRONG><a name="[15cf948]"></a>$Super$$GM_StartKalTimer</STRONG> (ARM, 0 bytes, Stack size 0 bytes, app_start.sym(ABSOLUTE))
<BR>[Address Reference Count : 1]<UL><LI> app_start.o(ServiceHeader)
</UL>
<P><STRONG><a name="[15cf870]"></a>$Super$$GM_StopKalTimer</STRONG> (ARM, 0 bytes, Stack size 0 bytes, app_start.sym(ABSOLUTE))
<BR>[Address Reference Count : 1]<UL><LI> app_start.o(ServiceHeader)
</UL>
<P><STRONG><a name="[15cf8b8]"></a>$Super$$GM_StartTimer</STRONG> (ARM, 0 bytes, Stack size 0 bytes, app_start.sym(ABSOLUTE))
<BR>[Address Reference Count : 1]<UL><LI> app_start.o(ServiceHeader)
</UL>
<P><STRONG><a name="[15cf7e0]"></a>$Super$$GM_StopTimer</STRONG> (ARM, 0 bytes, Stack size 0 bytes, app_start.sym(ABSOLUTE))
<BR>[Address Reference Count : 1]<UL><LI> app_start.o(ServiceHeader)
</UL>
<P><STRONG><a name="[15d09e0]"></a>$Super$$GM_GetSignalValue</STRONG> (ARM, 0 bytes, Stack size 0 bytes, app_start.sym(ABSOLUTE))
<BR>[Address Reference Count : 1]<UL><LI> app_start.o(ServiceHeader)
</UL>
<P><STRONG><a name="[15d0c68]"></a>$Super$$GM_GetLbsInfo</STRONG> (ARM, 0 bytes, Stack size 0 bytes, app_start.sym(ABSOLUTE))
<BR>[Address Reference Count : 1]<UL><LI> app_start.o(ServiceHeader)
</UL>
<P><STRONG><a name="[15d05f0]"></a>$Super$$GM_I2cInit</STRONG> (ARM, 0 bytes, Stack size 0 bytes, app_start.sym(ABSOLUTE))
<BR>[Address Reference Count : 1]<UL><LI> app_start.o(ServiceHeader)
</UL>
<P><STRONG><a name="[15d0680]"></a>$Super$$GM_I2cConfig</STRONG> (ARM, 0 bytes, Stack size 0 bytes, app_start.sym(ABSOLUTE))
<BR>[Address Reference Count : 1]<UL><LI> app_start.o(ServiceHeader)
</UL>
<P><STRONG><a name="[15d0518]"></a>$Super$$GM_I2cWriteByte</STRONG> (ARM, 0 bytes, Stack size 0 bytes, app_start.sym(ABSOLUTE))
<BR>[Address Reference Count : 1]<UL><LI> app_start.o(ServiceHeader)
</UL>
<P><STRONG><a name="[15d05a8]"></a>$Super$$GM_I2cReadBytes</STRONG> (ARM, 0 bytes, Stack size 0 bytes, app_start.sym(ABSOLUTE))
<BR>[Address Reference Count : 1]<UL><LI> app_start.o(ServiceHeader)
</UL>
<P><STRONG><a name="[15d0638]"></a>$Super$$GM_I2cGetMode</STRONG> (ARM, 0 bytes, Stack size 0 bytes, app_start.sym(ABSOLUTE))
<BR>[Address Reference Count : 1]<UL><LI> app_start.o(ServiceHeader)
</UL>
<P><STRONG><a name="[15d0560]"></a>$Super$$GM_I2cSetMode</STRONG> (ARM, 0 bytes, Stack size 0 bytes, app_start.sym(ABSOLUTE))
<BR>[Address Reference Count : 1]<UL><LI> app_start.o(ServiceHeader)
</UL>
<P><STRONG><a name="[15d3140]"></a>$Super$$GM_AdcRead</STRONG> (ARM, 0 bytes, Stack size 0 bytes, app_start.sym(ABSOLUTE))
<BR>[Address Reference Count : 1]<UL><LI> app_start.o(ServiceHeader)
</UL>
<P><STRONG><a name="[15d1e68]"></a>$Super$$GM_EintRegister</STRONG> (ARM, 0 bytes, Stack size 0 bytes, app_start.sym(ABSOLUTE))
<BR>[Address Reference Count : 1]<UL><LI> app_start.o(ServiceHeader)
</UL>
<P><STRONG><a name="[15d1eb0]"></a>$Super$$GM_EintPinInit</STRONG> (ARM, 0 bytes, Stack size 0 bytes, app_start.sym(ABSOLUTE))
<BR>[Address Reference Count : 1]<UL><LI> app_start.o(ServiceHeader)
</UL>
<P><STRONG><a name="[15d1e20]"></a>$Super$$GM_EintSetPolarity</STRONG> (ARM, 0 bytes, Stack size 0 bytes, app_start.sym(ABSOLUTE))
<BR>[Address Reference Count : 1]<UL><LI> app_start.o(ServiceHeader)
</UL>
<P><STRONG><a name="[15cf750]"></a>$Super$$GM_SysUsdelay</STRONG> (ARM, 0 bytes, Stack size 0 bytes, app_start.sym(ABSOLUTE))
<BR>[Address Reference Count : 1]<UL><LI> app_start.o(ServiceHeader)
</UL>
<P><STRONG><a name="[15cf798]"></a>$Super$$GM_SysMsdelay</STRONG> (ARM, 0 bytes, Stack size 0 bytes, app_start.sym(ABSOLUTE))
<BR>[Address Reference Count : 1]<UL><LI> app_start.o(ServiceHeader)
</UL>
<P><STRONG><a name="[15d0cb0]"></a>$Super$$GM_GetImsi</STRONG> (ARM, 0 bytes, Stack size 0 bytes, app_start.sym(ABSOLUTE))
<BR>[Address Reference Count : 1]<UL><LI> app_start.o(ServiceHeader)
</UL>
<P><STRONG><a name="[15d0d40]"></a>$Super$$GM_GetIccid</STRONG> (ARM, 0 bytes, Stack size 0 bytes, app_start.sym(ABSOLUTE))
<BR>[Address Reference Count : 1]<UL><LI> app_start.o(ServiceHeader)
</UL>
<P><STRONG><a name="[15d0b00]"></a>$Super$$GM_GetPdpStatus</STRONG> (ARM, 0 bytes, Stack size 0 bytes, app_start.sym(ABSOLUTE))
<BR>[Address Reference Count : 1]<UL><LI> app_start.o(ServiceHeader)
</UL>
<P><STRONG><a name="[15d0dd0]"></a>$Super$$GM_GetGsmStatus</STRONG> (ARM, 0 bytes, Stack size 0 bytes, app_start.sym(ABSOLUTE))
<BR>[Address Reference Count : 1]<UL><LI> app_start.o(ServiceHeader)
</UL>
<P><STRONG><a name="[15d0488]"></a>$Super$$GM_ImageZiLimit</STRONG> (ARM, 0 bytes, Stack size 0 bytes, app_start.sym(ABSOLUTE))
<BR>[Address Reference Count : 1]<UL><LI> app_start.o(ServiceHeader)
</UL>
<P><STRONG><a name="[15d04d0]"></a>$Super$$GM_ImageDummyBase</STRONG> (ARM, 0 bytes, Stack size 0 bytes, app_start.sym(ABSOLUTE))
<BR>[Address Reference Count : 1]<UL><LI> app_start.o(ServiceHeader)
</UL>
<P><STRONG><a name="[15d1010]"></a>$Super$$GM_GetBarcode</STRONG> (ARM, 0 bytes, Stack size 0 bytes, app_start.sym(ABSOLUTE))
<BR>[Address Reference Count : 1]<UL><LI> app_start.o(ServiceHeader)
</UL>
<P><STRONG><a name="[15d0440]"></a>$Super$$GM_IsGprsAutoOn</STRONG> (ARM, 0 bytes, Stack size 0 bytes, app_start.sym(ABSOLUTE))
<BR>[Address Reference Count : 1]<UL><LI> app_start.o(ServiceHeader)
</UL>
<P><STRONG><a name="[15d08c0]"></a>$Super$$GM_GetTcpStatus</STRONG> (ARM, 0 bytes, Stack size 0 bytes, app_start.sym(ABSOLUTE))
<BR>[Address Reference Count : 1]<UL><LI> app_start.o(ServiceHeader)
</UL>
<P><STRONG><a name="[15d0c20]"></a>$Super$$GM_GetLibStatus</STRONG> (ARM, 0 bytes, Stack size 0 bytes, app_start.sym(ABSOLUTE))
<BR>[Address Reference Count : 1]<UL><LI> app_start.o(ServiceHeader)
</UL>
<P><STRONG><a name="[15cfdc8]"></a>$Super$$GM_SetUartFunc</STRONG> (ARM, 0 bytes, Stack size 0 bytes, app_start.sym(ABSOLUTE))
<BR>[Address Reference Count : 1]<UL><LI> app_start.o(ServiceHeader)
</UL>
<P><STRONG><a name="[15d0d88]"></a>$Super$$GM_GetHostByName</STRONG> (ARM, 0 bytes, Stack size 0 bytes, app_start.sym(ABSOLUTE))
<BR>[Address Reference Count : 1]<UL><LI> app_start.o(ServiceHeader)
</UL>
<P><STRONG><a name="[15d0ef0]"></a>$Super$$GM_GetCregStatus</STRONG> (ARM, 0 bytes, Stack size 0 bytes, app_start.sym(ABSOLUTE))
<BR>[Address Reference Count : 1]<UL><LI> app_start.o(ServiceHeader)
</UL>
<P><STRONG><a name="[15d0fc8]"></a>$Super$$GM_GetBearerStatus</STRONG> (ARM, 0 bytes, Stack size 0 bytes, app_start.sym(ABSOLUTE))
<BR>[Address Reference Count : 1]<UL><LI> app_start.o(ServiceHeader)
</UL>
<P><STRONG><a name="[15d3188]"></a>$Super$$GM_AccountIdClose</STRONG> (ARM, 0 bytes, Stack size 0 bytes, app_start.sym(ABSOLUTE))
<BR>[Address Reference Count : 1]<UL><LI> app_start.o(ServiceHeader)
</UL>
<P><STRONG><a name="[15d0e60]"></a>$Super$$GM_GetFakeCellFeature</STRONG> (ARM, 0 bytes, Stack size 0 bytes, app_start.sym(ABSOLUTE))
<BR>[Address Reference Count : 1]<UL><LI> app_start.o(ServiceHeader)
</UL>
<P><STRONG><a name="[15d30f8]"></a>$Super$$GM_ApnConfig</STRONG> (ARM, 0 bytes, Stack size 0 bytes, app_start.sym(ABSOLUTE))
<BR>[Address Reference Count : 1]<UL><LI> app_start.o(ServiceHeader)
</UL>
<P><STRONG><a name="[15d0170]"></a>$Super$$GM_ReadWriteNvram</STRONG> (ARM, 0 bytes, Stack size 0 bytes, app_start.sym(ABSOLUTE))
<BR>[Address Reference Count : 1]<UL><LI> app_start.o(ServiceHeader)
</UL>
<P><STRONG><a name="[15d0b48]"></a>$Super$$GM_GetNewAttachStatus</STRONG> (ARM, 0 bytes, Stack size 0 bytes, app_start.sym(ABSOLUTE))
<BR>[Address Reference Count : 1]<UL><LI> app_start.o(ServiceHeader)
</UL>
<P><STRONG><a name="[15d03f8]"></a>$Super$$GM_IsWdtPwrOn</STRONG> (ARM, 0 bytes, Stack size 0 bytes, app_start.sym(ABSOLUTE))
<BR>[Address Reference Count : 1]<UL><LI> app_start.o(ServiceHeader)
</UL>
<P><STRONG><a name="[15d1ef8]"></a>$Super$$GM_DnsParserCallback</STRONG> (ARM, 0 bytes, Stack size 0 bytes, app_start.sym(ABSOLUTE))
<BR>[Address Reference Count : 1]<UL><LI> app_start.o(ServiceHeader)
</UL>
<P><STRONG><a name="[15d0a28]"></a>$Super$$GM_GetSetFlightMode</STRONG> (ARM, 0 bytes, Stack size 0 bytes, app_start.sym(ABSOLUTE))
<BR>[Address Reference Count : 1]<UL><LI> app_start.o(ServiceHeader)
</UL>
<P><STRONG><a name="[15d2060]"></a>$Super$$GM_CloseBearerAppId</STRONG> (ARM, 0 bytes, Stack size 0 bytes, app_start.sym(ABSOLUTE))
<BR>[Address Reference Count : 1]<UL><LI> app_start.o(ServiceHeader)
</UL>
<P><STRONG><a name="[15d1058]"></a>$Super$$GM_GetApnMatch</STRONG> (ARM, 0 bytes, Stack size 0 bytes, app_start.sym(ABSOLUTE))
<BR>[Address Reference Count : 1]<UL><LI> app_start.o(ServiceHeader)
</UL>
<P><STRONG><a name="[15d1f40]"></a>$Super$$GM_DeleteApn</STRONG> (ARM, 0 bytes, Stack size 0 bytes, app_start.sym(ABSOLUTE))
<BR>[Address Reference Count : 1]<UL><LI> app_start.o(ServiceHeader)
</UL>
<P><STRONG><a name="[15cfab0]"></a>$Super$$GM_SoftwareWdtCounterEnable</STRONG> (ARM, 0 bytes, Stack size 0 bytes, app_start.sym(ABSOLUTE))
<BR>[Address Reference Count : 1]<UL><LI> app_start.o(ServiceHeader)
</UL>
<P><STRONG><a name="[15cfee8]"></a>$Super$$GM_SetSoftwareWdtCounter</STRONG> (ARM, 0 bytes, Stack size 0 bytes, app_start.sym(ABSOLUTE))
<BR>[Address Reference Count : 1]<UL><LI> app_start.o(ServiceHeader)
</UL>
<P><STRONG><a name="[15d0998]"></a>$Super$$GM_GetSoftwareWdtCounter</STRONG> (ARM, 0 bytes, Stack size 0 bytes, app_start.sym(ABSOLUTE))
<BR>[Address Reference Count : 1]<UL><LI> app_start.o(ServiceHeader)
</UL>
<P><STRONG><a name="[15cfe58]"></a>$Super$$GM_SetSwLogicCounterEnable</STRONG> (ARM, 0 bytes, Stack size 0 bytes, app_start.sym(ABSOLUTE))
<BR>[Address Reference Count : 1]<UL><LI> app_start.o(ServiceHeader)
</UL>
<P><STRONG><a name="[15cfea0]"></a>$Super$$GM_SetSwLogicCounter</STRONG> (ARM, 0 bytes, Stack size 0 bytes, app_start.sym(ABSOLUTE))
<BR>[Address Reference Count : 1]<UL><LI> app_start.o(ServiceHeader)
</UL>
<P><STRONG><a name="[15cfe10]"></a>$Super$$GM_SetSwLogicCounterMax</STRONG> (ARM, 0 bytes, Stack size 0 bytes, app_start.sym(ABSOLUTE))
<BR>[Address Reference Count : 1]<UL><LI> app_start.o(ServiceHeader)
</UL>
<P><STRONG><a name="[15d0950]"></a>$Super$$GM_GetSwLogicCounter</STRONG> (ARM, 0 bytes, Stack size 0 bytes, app_start.sym(ABSOLUTE))
<BR>[Address Reference Count : 1]<UL><LI> app_start.o(ServiceHeader)
</UL>
<P><STRONG><a name="[15d0908]"></a>$Super$$GM_GetSwLogicCounterMax</STRONG> (ARM, 0 bytes, Stack size 0 bytes, app_start.sym(ABSOLUTE))
<BR>[Address Reference Count : 1]<UL><LI> app_start.o(ServiceHeader)
</UL>
<P><STRONG><a name="[15cf9d8]"></a>$Super$$GM_SpiReadData</STRONG> (ARM, 0 bytes, Stack size 0 bytes, app_start.sym(ABSOLUTE))
<BR>[Address Reference Count : 1]<UL><LI> app_start.o(ServiceHeader)
</UL>
<P><STRONG><a name="[15cf990]"></a>$Super$$GM_SpiWriteData</STRONG> (ARM, 0 bytes, Stack size 0 bytes, app_start.sym(ABSOLUTE))
<BR>[Address Reference Count : 1]<UL><LI> app_start.o(ServiceHeader)
</UL>
<P><STRONG><a name="[15cfa68]"></a>$Super$$GM_SpiFlashReadID</STRONG> (ARM, 0 bytes, Stack size 0 bytes, app_start.sym(ABSOLUTE))
<BR>[Address Reference Count : 1]<UL><LI> app_start.o(ServiceHeader)
</UL>
<P><STRONG><a name="[15cfa20]"></a>$Super$$GM_SpiPinInit</STRONG> (ARM, 0 bytes, Stack size 0 bytes, app_start.sym(ABSOLUTE))
<BR>[Address Reference Count : 1]<UL><LI> app_start.o(ServiceHeader)
</UL>
<P><STRONG><a name="[15cf828]"></a>$Super$$GM_StopRecord</STRONG> (ARM, 0 bytes, Stack size 0 bytes, app_start.sym(ABSOLUTE))
<BR>[Address Reference Count : 1]<UL><LI> app_start.o(ServiceHeader)
</UL>
<P><STRONG><a name="[15cf900]"></a>$Super$$GM_StartRecord</STRONG> (ARM, 0 bytes, Stack size 0 bytes, app_start.sym(ABSOLUTE))
<BR>[Address Reference Count : 1]<UL><LI> app_start.o(ServiceHeader)
</UL>
<P><STRONG><a name="[15d0128]"></a>$Super$$GM_RecordRegister</STRONG> (ARM, 0 bytes, Stack size 0 bytes, app_start.sym(ABSOLUTE))
<BR>[Address Reference Count : 1]<UL><LI> app_start.o(ServiceHeader)
</UL>
<P><STRONG><a name="[15d0f38]"></a>$Super$$GM_GetChrStatus</STRONG> (ARM, 0 bytes, Stack size 0 bytes, app_start.sym(ABSOLUTE))
<BR>[Address Reference Count : 1]<UL><LI> app_start.o(ServiceHeader)
</UL>
<P><STRONG><a name="[15d0200]"></a>$Super$$GM_PowerKeyRegister</STRONG> (ARM, 0 bytes, Stack size 0 bytes, app_start.sym(ABSOLUTE))
<BR>[Address Reference Count : 1]<UL><LI> app_start.o(ServiceHeader)
</UL>
<P><STRONG><a name="[15d1fd0]"></a>$Super$$GM_ConvertIpAddr</STRONG> (ARM, 0 bytes, Stack size 0 bytes, app_start.sym(ABSOLUTE))
<BR>[Address Reference Count : 1]<UL><LI> app_start.o(ServiceHeader)
</UL>
<P><STRONG><a name="[15d01b8]"></a>$Super$$GM_ReadNvramLid</STRONG> (ARM, 0 bytes, Stack size 0 bytes, app_start.sym(ABSOLUTE))
<BR>[Address Reference Count : 1]<UL><LI> app_start.o(ServiceHeader)
</UL>
<P><STRONG><a name="[15d20f0]"></a>$Super$$GM_ChrCurrentConfig</STRONG> (ARM, 0 bytes, Stack size 0 bytes, app_start.sym(ABSOLUTE))
<BR>[Address Reference Count : 1]<UL><LI> app_start.o(ServiceHeader)
</UL>
<P><STRONG><a name="[15d20a8]"></a>$Super$$GM_ChrCurrentGet</STRONG> (ARM, 0 bytes, Stack size 0 bytes, app_start.sym(ABSOLUTE))
<BR>[Address Reference Count : 1]<UL><LI> app_start.o(ServiceHeader)
</UL>
<P><STRONG><a name="[15d3068]"></a>$Super$$GM_AutoApnCheck</STRONG> (ARM, 0 bytes, Stack size 0 bytes, app_start.sym(ABSOLUTE))
<BR>[Address Reference Count : 1]<UL><LI> app_start.o(ServiceHeader)
</UL>
<P><STRONG><a name="[15cfd38]"></a>$Super$$GM_Set_Mic_Volume</STRONG> (ARM, 0 bytes, Stack size 0 bytes, app_start.sym(ABSOLUTE))
<BR>[Address Reference Count : 1]<UL><LI> app_start.o(ServiceHeader)
</UL>
<P><STRONG><a name="[15cf318]"></a>$Super$$GM_log10</STRONG> (ARM, 0 bytes, Stack size 0 bytes, app_start.sym(ABSOLUTE))
<BR>[Address Reference Count : 1]<UL><LI> app_start.o(ServiceHeader)
</UL>
<P><STRONG><a name="[15cf360]"></a>$Super$$GM_log</STRONG> (ARM, 0 bytes, Stack size 0 bytes, app_start.sym(ABSOLUTE))
<BR>[Address Reference Count : 1]<UL><LI> app_start.o(ServiceHeader)
</UL>
<P><STRONG><a name="[15cf120]"></a>$Super$$GM_sqrt</STRONG> (ARM, 0 bytes, Stack size 0 bytes, app_start.sym(ABSOLUTE))
<BR>[Address Reference Count : 1]<UL><LI> app_start.o(ServiceHeader)
</UL>
<P><STRONG><a name="[15cf3a8]"></a>$Super$$GM_fabs</STRONG> (ARM, 0 bytes, Stack size 0 bytes, app_start.sym(ABSOLUTE))
<BR>[Address Reference Count : 1]<UL><LI> app_start.o(ServiceHeader)
</UL>
<P><STRONG><a name="[15ced78]"></a>$Super$$wlan_init</STRONG> (ARM, 0 bytes, Stack size 0 bytes, app_start.sym(ABSOLUTE))
<BR>[Address Reference Count : 1]<UL><LI> app_start.o(ServiceHeader)
</UL>
<P><STRONG><a name="[15cedc0]"></a>$Super$$wlan_deinit</STRONG> (ARM, 0 bytes, Stack size 0 bytes, app_start.sym(ABSOLUTE))
<BR>[Address Reference Count : 1]<UL><LI> app_start.o(ServiceHeader)
</UL>
<P><STRONG><a name="[15ced30]"></a>$Super$$wlan_scan</STRONG> (ARM, 0 bytes, Stack size 0 bytes, app_start.sym(ABSOLUTE))
<BR>[Address Reference Count : 1]<UL><LI> app_start.o(ServiceHeader)
</UL>
<P><STRONG><a name="[15d0248]"></a>$Super$$GM_MemoryRealloc</STRONG> (ARM, 0 bytes, Stack size 0 bytes, app_start.sym(ABSOLUTE))
<BR>[Address Reference Count : 1]<UL><LI> app_start.o(ServiceHeader)
</UL>
<P><STRONG><a name="[15d0878]"></a>$Super$$GM_GetTime</STRONG> (ARM, 0 bytes, Stack size 0 bytes, app_start.sym(ABSOLUTE))
<BR>[Address Reference Count : 1]<UL><LI> app_start.o(ServiceHeader)
</UL>
<P><STRONG><a name="[15d0f80]"></a>$Super$$GM_GetChipRID</STRONG> (ARM, 0 bytes, Stack size 0 bytes, app_start.sym(ABSOLUTE))
<BR>[Address Reference Count : 1]<UL><LI> app_start.o(ServiceHeader)
</UL>
<P><STRONG><a name="[15d1958]"></a>$Super$$GM_Func19</STRONG> (ARM, 0 bytes, Stack size 0 bytes, app_start.sym(ABSOLUTE))
<BR>[Address Reference Count : 1]<UL><LI> app_start.o(ServiceHeader)
</UL>
<P><STRONG><a name="[15d1910]"></a>$Super$$GM_Func20</STRONG> (ARM, 0 bytes, Stack size 0 bytes, app_start.sym(ABSOLUTE))
<BR>[Address Reference Count : 1]<UL><LI> app_start.o(ServiceHeader)
</UL>
<P><STRONG><a name="[15d18c8]"></a>$Super$$GM_Func21</STRONG> (ARM, 0 bytes, Stack size 0 bytes, app_start.sym(ABSOLUTE))
<BR>[Address Reference Count : 1]<UL><LI> app_start.o(ServiceHeader)
</UL>
<P><STRONG><a name="[15d1880]"></a>$Super$$GM_Func22</STRONG> (ARM, 0 bytes, Stack size 0 bytes, app_start.sym(ABSOLUTE))
<BR>[Address Reference Count : 1]<UL><LI> app_start.o(ServiceHeader)
</UL>
<P><STRONG><a name="[15d1838]"></a>$Super$$GM_Func23</STRONG> (ARM, 0 bytes, Stack size 0 bytes, app_start.sym(ABSOLUTE))
<BR>[Address Reference Count : 1]<UL><LI> app_start.o(ServiceHeader)
</UL>
<P><STRONG><a name="[15d17f0]"></a>$Super$$GM_Func24</STRONG> (ARM, 0 bytes, Stack size 0 bytes, app_start.sym(ABSOLUTE))
<BR>[Address Reference Count : 1]<UL><LI> app_start.o(ServiceHeader)
</UL>
<P><STRONG><a name="[15d17a8]"></a>$Super$$GM_Func25</STRONG> (ARM, 0 bytes, Stack size 0 bytes, app_start.sym(ABSOLUTE))
<BR>[Address Reference Count : 1]<UL><LI> app_start.o(ServiceHeader)
</UL>
<P><STRONG><a name="[15d1760]"></a>$Super$$GM_Func26</STRONG> (ARM, 0 bytes, Stack size 0 bytes, app_start.sym(ABSOLUTE))
<BR>[Address Reference Count : 1]<UL><LI> app_start.o(ServiceHeader)
</UL>
<P><STRONG><a name="[15d1718]"></a>$Super$$GM_Func27</STRONG> (ARM, 0 bytes, Stack size 0 bytes, app_start.sym(ABSOLUTE))
<BR>[Address Reference Count : 1]<UL><LI> app_start.o(ServiceHeader)
</UL>
<P><STRONG><a name="[15d16d0]"></a>$Super$$GM_Func28</STRONG> (ARM, 0 bytes, Stack size 0 bytes, app_start.sym(ABSOLUTE))
<BR>[Address Reference Count : 1]<UL><LI> app_start.o(ServiceHeader)
</UL>
<P><STRONG><a name="[15d1688]"></a>$Super$$GM_Func29</STRONG> (ARM, 0 bytes, Stack size 0 bytes, app_start.sym(ABSOLUTE))
<BR>[Address Reference Count : 1]<UL><LI> app_start.o(ServiceHeader)
</UL>
<P><STRONG><a name="[15d1640]"></a>$Super$$GM_Func30</STRONG> (ARM, 0 bytes, Stack size 0 bytes, app_start.sym(ABSOLUTE))
<BR>[Address Reference Count : 1]<UL><LI> app_start.o(ServiceHeader)
</UL>
<P><STRONG><a name="[15d15f8]"></a>$Super$$GM_Func31</STRONG> (ARM, 0 bytes, Stack size 0 bytes, app_start.sym(ABSOLUTE))
<BR>[Address Reference Count : 1]<UL><LI> app_start.o(ServiceHeader)
</UL>
<P><STRONG><a name="[15d15b0]"></a>$Super$$GM_Func32</STRONG> (ARM, 0 bytes, Stack size 0 bytes, app_start.sym(ABSOLUTE))
<BR>[Address Reference Count : 1]<UL><LI> app_start.o(ServiceHeader)
</UL>
<P><STRONG><a name="[15d1568]"></a>$Super$$GM_Func33</STRONG> (ARM, 0 bytes, Stack size 0 bytes, app_start.sym(ABSOLUTE))
<BR>[Address Reference Count : 1]<UL><LI> app_start.o(ServiceHeader)
</UL>
<P><STRONG><a name="[15d1520]"></a>$Super$$GM_Func34</STRONG> (ARM, 0 bytes, Stack size 0 bytes, app_start.sym(ABSOLUTE))
<BR>[Address Reference Count : 1]<UL><LI> app_start.o(ServiceHeader)
</UL>
<P><STRONG><a name="[15d14d8]"></a>$Super$$GM_Func35</STRONG> (ARM, 0 bytes, Stack size 0 bytes, app_start.sym(ABSOLUTE))
<BR>[Address Reference Count : 1]<UL><LI> app_start.o(ServiceHeader)
</UL>
<P><STRONG><a name="[15d1490]"></a>$Super$$GM_Func36</STRONG> (ARM, 0 bytes, Stack size 0 bytes, app_start.sym(ABSOLUTE))
<BR>[Address Reference Count : 1]<UL><LI> app_start.o(ServiceHeader)
</UL>
<P><STRONG><a name="[15d1448]"></a>$Super$$GM_Func37</STRONG> (ARM, 0 bytes, Stack size 0 bytes, app_start.sym(ABSOLUTE))
<BR>[Address Reference Count : 1]<UL><LI> app_start.o(ServiceHeader)
</UL>
<P><STRONG><a name="[15d1400]"></a>$Super$$GM_Func38</STRONG> (ARM, 0 bytes, Stack size 0 bytes, app_start.sym(ABSOLUTE))
<BR>[Address Reference Count : 1]<UL><LI> app_start.o(ServiceHeader)
</UL>
<P><STRONG><a name="[15d13b8]"></a>$Super$$GM_Func39</STRONG> (ARM, 0 bytes, Stack size 0 bytes, app_start.sym(ABSOLUTE))
<BR>[Address Reference Count : 1]<UL><LI> app_start.o(ServiceHeader)
</UL>
<P><STRONG><a name="[15d1370]"></a>$Super$$GM_Func40</STRONG> (ARM, 0 bytes, Stack size 0 bytes, app_start.sym(ABSOLUTE))
<BR>[Address Reference Count : 1]<UL><LI> app_start.o(ServiceHeader)
</UL>
<P><STRONG><a name="[15d1328]"></a>$Super$$GM_Func41</STRONG> (ARM, 0 bytes, Stack size 0 bytes, app_start.sym(ABSOLUTE))
<BR>[Address Reference Count : 1]<UL><LI> app_start.o(ServiceHeader)
</UL>
<P><STRONG><a name="[15d12e0]"></a>$Super$$GM_Func42</STRONG> (ARM, 0 bytes, Stack size 0 bytes, app_start.sym(ABSOLUTE))
<BR>[Address Reference Count : 1]<UL><LI> app_start.o(ServiceHeader)
</UL>
<P><STRONG><a name="[15d1298]"></a>$Super$$GM_Func43</STRONG> (ARM, 0 bytes, Stack size 0 bytes, app_start.sym(ABSOLUTE))
<BR>[Address Reference Count : 1]<UL><LI> app_start.o(ServiceHeader)
</UL>
<P><STRONG><a name="[15d1250]"></a>$Super$$GM_Func44</STRONG> (ARM, 0 bytes, Stack size 0 bytes, app_start.sym(ABSOLUTE))
<BR>[Address Reference Count : 1]<UL><LI> app_start.o(ServiceHeader)
</UL>
<P><STRONG><a name="[15d1208]"></a>$Super$$GM_Func45</STRONG> (ARM, 0 bytes, Stack size 0 bytes, app_start.sym(ABSOLUTE))
<BR>[Address Reference Count : 1]<UL><LI> app_start.o(ServiceHeader)
</UL>
<P><STRONG><a name="[15d11c0]"></a>$Super$$GM_Func46</STRONG> (ARM, 0 bytes, Stack size 0 bytes, app_start.sym(ABSOLUTE))
<BR>[Address Reference Count : 1]<UL><LI> app_start.o(ServiceHeader)
</UL>
<P><STRONG><a name="[15d1178]"></a>$Super$$GM_Func47</STRONG> (ARM, 0 bytes, Stack size 0 bytes, app_start.sym(ABSOLUTE))
<BR>[Address Reference Count : 1]<UL><LI> app_start.o(ServiceHeader)
</UL>
<P><STRONG><a name="[15d1130]"></a>$Super$$GM_Func48</STRONG> (ARM, 0 bytes, Stack size 0 bytes, app_start.sym(ABSOLUTE))
<BR>[Address Reference Count : 1]<UL><LI> app_start.o(ServiceHeader)
</UL>
<P><STRONG><a name="[15d10e8]"></a>$Super$$GM_Func49</STRONG> (ARM, 0 bytes, Stack size 0 bytes, app_start.sym(ABSOLUTE))
<BR>[Address Reference Count : 1]<UL><LI> app_start.o(ServiceHeader)
</UL>
<P><STRONG><a name="[15d10a0]"></a>$Super$$GM_Func50</STRONG> (ARM, 0 bytes, Stack size 0 bytes, app_start.sym(ABSOLUTE))
<BR>[Address Reference Count : 1]<UL><LI> app_start.o(ServiceHeader)
</UL>
<P><STRONG><a name="[15d2f48]"></a>$Super$$GM_CallbackFunc1</STRONG> (ARM, 0 bytes, Stack size 0 bytes, app_start.sym(ABSOLUTE))
<BR>[Address Reference Count : 1]<UL><LI> app_start.o(ServiceHeader)
</UL>
<P><STRONG><a name="[15d2c30]"></a>$Super$$GM_CallbackFunc2</STRONG> (ARM, 0 bytes, Stack size 0 bytes, app_start.sym(ABSOLUTE))
<BR>[Address Reference Count : 1]<UL><LI> app_start.o(ServiceHeader)
</UL>
<P><STRONG><a name="[15d2918]"></a>$Super$$GM_CallbackFunc3</STRONG> (ARM, 0 bytes, Stack size 0 bytes, app_start.sym(ABSOLUTE))
<BR>[Address Reference Count : 1]<UL><LI> app_start.o(ServiceHeader)
</UL>
<P><STRONG><a name="[15d2600]"></a>$Super$$GM_CallbackFunc4</STRONG> (ARM, 0 bytes, Stack size 0 bytes, app_start.sym(ABSOLUTE))
<BR>[Address Reference Count : 1]<UL><LI> app_start.o(ServiceHeader)
</UL>
<P><STRONG><a name="[15d22e8]"></a>$Super$$GM_CallbackFunc5</STRONG> (ARM, 0 bytes, Stack size 0 bytes, app_start.sym(ABSOLUTE))
<BR>[Address Reference Count : 1]<UL><LI> app_start.o(ServiceHeader)
</UL>
<P><STRONG><a name="[15d2258]"></a>$Super$$GM_CallbackFunc6</STRONG> (ARM, 0 bytes, Stack size 0 bytes, app_start.sym(ABSOLUTE))
<BR>[Address Reference Count : 1]<UL><LI> app_start.o(ServiceHeader)
</UL>
<P><STRONG><a name="[15d2210]"></a>$Super$$GM_CallbackFunc7</STRONG> (ARM, 0 bytes, Stack size 0 bytes, app_start.sym(ABSOLUTE))
<BR>[Address Reference Count : 1]<UL><LI> app_start.o(ServiceHeader)
</UL>
<P><STRONG><a name="[15d21c8]"></a>$Super$$GM_CallbackFunc8</STRONG> (ARM, 0 bytes, Stack size 0 bytes, app_start.sym(ABSOLUTE))
<BR>[Address Reference Count : 1]<UL><LI> app_start.o(ServiceHeader)
</UL>
<P><STRONG><a name="[15d2180]"></a>$Super$$GM_CallbackFunc9</STRONG> (ARM, 0 bytes, Stack size 0 bytes, app_start.sym(ABSOLUTE))
<BR>[Address Reference Count : 1]<UL><LI> app_start.o(ServiceHeader)
</UL>
<P><STRONG><a name="[15d2f00]"></a>$Super$$GM_CallbackFunc10</STRONG> (ARM, 0 bytes, Stack size 0 bytes, app_start.sym(ABSOLUTE))
<BR>[Address Reference Count : 1]<UL><LI> app_start.o(ServiceHeader)
</UL>
<P><STRONG><a name="[15d2eb8]"></a>$Super$$GM_CallbackFunc11</STRONG> (ARM, 0 bytes, Stack size 0 bytes, app_start.sym(ABSOLUTE))
<BR>[Address Reference Count : 1]<UL><LI> app_start.o(ServiceHeader)
</UL>
<P><STRONG><a name="[15d2e70]"></a>$Super$$GM_CallbackFunc12</STRONG> (ARM, 0 bytes, Stack size 0 bytes, app_start.sym(ABSOLUTE))
<BR>[Address Reference Count : 1]<UL><LI> app_start.o(ServiceHeader)
</UL>
<P><STRONG><a name="[15d2e28]"></a>$Super$$GM_CallbackFunc13</STRONG> (ARM, 0 bytes, Stack size 0 bytes, app_start.sym(ABSOLUTE))
<BR>[Address Reference Count : 1]<UL><LI> app_start.o(ServiceHeader)
</UL>
<P><STRONG><a name="[15d2de0]"></a>$Super$$GM_CallbackFunc14</STRONG> (ARM, 0 bytes, Stack size 0 bytes, app_start.sym(ABSOLUTE))
<BR>[Address Reference Count : 1]<UL><LI> app_start.o(ServiceHeader)
</UL>
<P><STRONG><a name="[15d2d98]"></a>$Super$$GM_CallbackFunc15</STRONG> (ARM, 0 bytes, Stack size 0 bytes, app_start.sym(ABSOLUTE))
<BR>[Address Reference Count : 1]<UL><LI> app_start.o(ServiceHeader)
</UL>
<P><STRONG><a name="[15d2d50]"></a>$Super$$GM_CallbackFunc16</STRONG> (ARM, 0 bytes, Stack size 0 bytes, app_start.sym(ABSOLUTE))
<BR>[Address Reference Count : 1]<UL><LI> app_start.o(ServiceHeader)
</UL>
<P><STRONG><a name="[15d2d08]"></a>$Super$$GM_CallbackFunc17</STRONG> (ARM, 0 bytes, Stack size 0 bytes, app_start.sym(ABSOLUTE))
<BR>[Address Reference Count : 1]<UL><LI> app_start.o(ServiceHeader)
</UL>
<P><STRONG><a name="[15d2cc0]"></a>$Super$$GM_CallbackFunc18</STRONG> (ARM, 0 bytes, Stack size 0 bytes, app_start.sym(ABSOLUTE))
<BR>[Address Reference Count : 1]<UL><LI> app_start.o(ServiceHeader)
</UL>
<P><STRONG><a name="[15d2c78]"></a>$Super$$GM_CallbackFunc19</STRONG> (ARM, 0 bytes, Stack size 0 bytes, app_start.sym(ABSOLUTE))
<BR>[Address Reference Count : 1]<UL><LI> app_start.o(ServiceHeader)
</UL>
<P><STRONG><a name="[15d2be8]"></a>$Super$$GM_CallbackFunc20</STRONG> (ARM, 0 bytes, Stack size 0 bytes, app_start.sym(ABSOLUTE))
<BR>[Address Reference Count : 1]<UL><LI> app_start.o(ServiceHeader)
</UL>
<P><STRONG><a name="[15d2ba0]"></a>$Super$$GM_CallbackFunc21</STRONG> (ARM, 0 bytes, Stack size 0 bytes, app_start.sym(ABSOLUTE))
<BR>[Address Reference Count : 1]<UL><LI> app_start.o(ServiceHeader)
</UL>
<P><STRONG><a name="[15d2b58]"></a>$Super$$GM_CallbackFunc22</STRONG> (ARM, 0 bytes, Stack size 0 bytes, app_start.sym(ABSOLUTE))
<BR>[Address Reference Count : 1]<UL><LI> app_start.o(ServiceHeader)
</UL>
<P><STRONG><a name="[15d2b10]"></a>$Super$$GM_CallbackFunc23</STRONG> (ARM, 0 bytes, Stack size 0 bytes, app_start.sym(ABSOLUTE))
<BR>[Address Reference Count : 1]<UL><LI> app_start.o(ServiceHeader)
</UL>
<P><STRONG><a name="[15d2ac8]"></a>$Super$$GM_CallbackFunc24</STRONG> (ARM, 0 bytes, Stack size 0 bytes, app_start.sym(ABSOLUTE))
<BR>[Address Reference Count : 1]<UL><LI> app_start.o(ServiceHeader)
</UL>
<P><STRONG><a name="[15d2a80]"></a>$Super$$GM_CallbackFunc25</STRONG> (ARM, 0 bytes, Stack size 0 bytes, app_start.sym(ABSOLUTE))
<BR>[Address Reference Count : 1]<UL><LI> app_start.o(ServiceHeader)
</UL>
<P><STRONG><a name="[15d2a38]"></a>$Super$$GM_CallbackFunc26</STRONG> (ARM, 0 bytes, Stack size 0 bytes, app_start.sym(ABSOLUTE))
<BR>[Address Reference Count : 1]<UL><LI> app_start.o(ServiceHeader)
</UL>
<P><STRONG><a name="[15d29f0]"></a>$Super$$GM_CallbackFunc27</STRONG> (ARM, 0 bytes, Stack size 0 bytes, app_start.sym(ABSOLUTE))
<BR>[Address Reference Count : 1]<UL><LI> app_start.o(ServiceHeader)
</UL>
<P><STRONG><a name="[15d29a8]"></a>$Super$$GM_CallbackFunc28</STRONG> (ARM, 0 bytes, Stack size 0 bytes, app_start.sym(ABSOLUTE))
<BR>[Address Reference Count : 1]<UL><LI> app_start.o(ServiceHeader)
</UL>
<P><STRONG><a name="[15d2960]"></a>$Super$$GM_CallbackFunc29</STRONG> (ARM, 0 bytes, Stack size 0 bytes, app_start.sym(ABSOLUTE))
<BR>[Address Reference Count : 1]<UL><LI> app_start.o(ServiceHeader)
</UL>
<P><STRONG><a name="[15d28d0]"></a>$Super$$GM_CallbackFunc30</STRONG> (ARM, 0 bytes, Stack size 0 bytes, app_start.sym(ABSOLUTE))
<BR>[Address Reference Count : 1]<UL><LI> app_start.o(ServiceHeader)
</UL>
<P><STRONG><a name="[15d2888]"></a>$Super$$GM_CallbackFunc31</STRONG> (ARM, 0 bytes, Stack size 0 bytes, app_start.sym(ABSOLUTE))
<BR>[Address Reference Count : 1]<UL><LI> app_start.o(ServiceHeader)
</UL>
<P><STRONG><a name="[15d2840]"></a>$Super$$GM_CallbackFunc32</STRONG> (ARM, 0 bytes, Stack size 0 bytes, app_start.sym(ABSOLUTE))
<BR>[Address Reference Count : 1]<UL><LI> app_start.o(ServiceHeader)
</UL>
<P><STRONG><a name="[15d27f8]"></a>$Super$$GM_CallbackFunc33</STRONG> (ARM, 0 bytes, Stack size 0 bytes, app_start.sym(ABSOLUTE))
<BR>[Address Reference Count : 1]<UL><LI> app_start.o(ServiceHeader)
</UL>
<P><STRONG><a name="[15d27b0]"></a>$Super$$GM_CallbackFunc34</STRONG> (ARM, 0 bytes, Stack size 0 bytes, app_start.sym(ABSOLUTE))
<BR>[Address Reference Count : 1]<UL><LI> app_start.o(ServiceHeader)
</UL>
<P><STRONG><a name="[15d2768]"></a>$Super$$GM_CallbackFunc35</STRONG> (ARM, 0 bytes, Stack size 0 bytes, app_start.sym(ABSOLUTE))
<BR>[Address Reference Count : 1]<UL><LI> app_start.o(ServiceHeader)
</UL>
<P><STRONG><a name="[15d2720]"></a>$Super$$GM_CallbackFunc36</STRONG> (ARM, 0 bytes, Stack size 0 bytes, app_start.sym(ABSOLUTE))
<BR>[Address Reference Count : 1]<UL><LI> app_start.o(ServiceHeader)
</UL>
<P><STRONG><a name="[15d26d8]"></a>$Super$$GM_CallbackFunc37</STRONG> (ARM, 0 bytes, Stack size 0 bytes, app_start.sym(ABSOLUTE))
<BR>[Address Reference Count : 1]<UL><LI> app_start.o(ServiceHeader)
</UL>
<P><STRONG><a name="[15d2690]"></a>$Super$$GM_CallbackFunc38</STRONG> (ARM, 0 bytes, Stack size 0 bytes, app_start.sym(ABSOLUTE))
<BR>[Address Reference Count : 1]<UL><LI> app_start.o(ServiceHeader)
</UL>
<P><STRONG><a name="[15d2648]"></a>$Super$$GM_CallbackFunc39</STRONG> (ARM, 0 bytes, Stack size 0 bytes, app_start.sym(ABSOLUTE))
<BR>[Address Reference Count : 1]<UL><LI> app_start.o(ServiceHeader)
</UL>
<P><STRONG><a name="[15d25b8]"></a>$Super$$GM_CallbackFunc40</STRONG> (ARM, 0 bytes, Stack size 0 bytes, app_start.sym(ABSOLUTE))
<BR>[Address Reference Count : 1]<UL><LI> app_start.o(ServiceHeader)
</UL>
<P><STRONG><a name="[15d2570]"></a>$Super$$GM_CallbackFunc41</STRONG> (ARM, 0 bytes, Stack size 0 bytes, app_start.sym(ABSOLUTE))
<BR>[Address Reference Count : 1]<UL><LI> app_start.o(ServiceHeader)
</UL>
<P><STRONG><a name="[15d2528]"></a>$Super$$GM_CallbackFunc42</STRONG> (ARM, 0 bytes, Stack size 0 bytes, app_start.sym(ABSOLUTE))
<BR>[Address Reference Count : 1]<UL><LI> app_start.o(ServiceHeader)
</UL>
<P><STRONG><a name="[15d24e0]"></a>$Super$$GM_CallbackFunc43</STRONG> (ARM, 0 bytes, Stack size 0 bytes, app_start.sym(ABSOLUTE))
<BR>[Address Reference Count : 1]<UL><LI> app_start.o(ServiceHeader)
</UL>
<P><STRONG><a name="[15d2498]"></a>$Super$$GM_CallbackFunc44</STRONG> (ARM, 0 bytes, Stack size 0 bytes, app_start.sym(ABSOLUTE))
<BR>[Address Reference Count : 1]<UL><LI> app_start.o(ServiceHeader)
</UL>
<P><STRONG><a name="[15d2450]"></a>$Super$$GM_CallbackFunc45</STRONG> (ARM, 0 bytes, Stack size 0 bytes, app_start.sym(ABSOLUTE))
<BR>[Address Reference Count : 1]<UL><LI> app_start.o(ServiceHeader)
</UL>
<P><STRONG><a name="[15d2408]"></a>$Super$$GM_CallbackFunc46</STRONG> (ARM, 0 bytes, Stack size 0 bytes, app_start.sym(ABSOLUTE))
<BR>[Address Reference Count : 1]<UL><LI> app_start.o(ServiceHeader)
</UL>
<P><STRONG><a name="[15d23c0]"></a>$Super$$GM_CallbackFunc47</STRONG> (ARM, 0 bytes, Stack size 0 bytes, app_start.sym(ABSOLUTE))
<BR>[Address Reference Count : 1]<UL><LI> app_start.o(ServiceHeader)
</UL>
<P><STRONG><a name="[15d2378]"></a>$Super$$GM_CallbackFunc48</STRONG> (ARM, 0 bytes, Stack size 0 bytes, app_start.sym(ABSOLUTE))
<BR>[Address Reference Count : 1]<UL><LI> app_start.o(ServiceHeader)
</UL>
<P><STRONG><a name="[15d2330]"></a>$Super$$GM_CallbackFunc49</STRONG> (ARM, 0 bytes, Stack size 0 bytes, app_start.sym(ABSOLUTE))
<BR>[Address Reference Count : 1]<UL><LI> app_start.o(ServiceHeader)
</UL>
<P><STRONG><a name="[15d22a0]"></a>$Super$$GM_CallbackFunc50</STRONG> (ARM, 0 bytes, Stack size 0 bytes, app_start.sym(ABSOLUTE))
<BR>[Address Reference Count : 1]<UL><LI> app_start.o(ServiceHeader)
</UL>
<P><STRONG><a name="[15d7670]"></a>GM_Trace</STRONG> (ARM, 4 bytes, Stack size unknown bytes, app_start.o(ServiceHeader), UNUSED, KEPT)

<P><STRONG><a name="[15d7628]"></a>GM_ReleaseBuild</STRONG> (ARM, 4 bytes, Stack size unknown bytes, app_start.o(ServiceHeader), UNUSED, KEPT)

<P><STRONG><a name="[15d75e0]"></a>GM_ReleaseBranch</STRONG> (ARM, 4 bytes, Stack size unknown bytes, app_start.o(ServiceHeader), UNUSED, KEPT)

<P><STRONG><a name="[15d7598]"></a>GM_ReleaseHwVer</STRONG> (ARM, 4 bytes, Stack size unknown bytes, app_start.o(ServiceHeader), UNUSED, KEPT)

<P><STRONG><a name="[15d7550]"></a>GM_ReleaseVerno</STRONG> (ARM, 4 bytes, Stack size unknown bytes, app_start.o(ServiceHeader))
<BR><BR>[Called By]<UL><LI><a href="#[15ce280]">&gt;&gt;</a>&nbsp;&nbsp;&nbsp;upload_boot_log (via Veneer)
<LI><a href="#[23041d0]">&gt;&gt;</a>&nbsp;&nbsp;&nbsp;auto_test_create (via Veneer)
<LI><a href="#[230ba70]">&gt;&gt;</a>&nbsp;&nbsp;&nbsp;command_on_receive_data (via Veneer)
</UL>

<P><STRONG><a name="[15d7508]"></a>GM_BuildDateTime</STRONG> (ARM, 4 bytes, Stack size unknown bytes, app_start.o(ServiceHeader))
<BR><BR>[Called By]<UL><LI><a href="#[15ce280]">&gt;&gt;</a>&nbsp;&nbsp;&nbsp;upload_boot_log (via Veneer)
<LI><a href="#[230ba70]">&gt;&gt;</a>&nbsp;&nbsp;&nbsp;command_on_receive_data (via Veneer)
</UL>

<P><STRONG><a name="[15d74c0]"></a>GM_atoi</STRONG> (ARM, 4 bytes, Stack size unknown bytes, app_start.o(ServiceHeader))
<BR><BR>[Called By]<UL><LI><a href="#[2304650]">&gt;&gt;</a>&nbsp;&nbsp;&nbsp;old_cmd_set_wkm_track_mode (via Veneer)
<LI><a href="#[23048d8]">&gt;&gt;</a>&nbsp;&nbsp;&nbsp;old_2929_cmd_set (via Veneer)
<LI><a href="#[2304968]">&gt;&gt;</a>&nbsp;&nbsp;&nbsp;old_cmd_set_wkm_week_mode (via Veneer)
<LI><a href="#[23049b0]">&gt;&gt;</a>&nbsp;&nbsp;&nbsp;old_cmd_set_wkm_clock (via Veneer)
</UL>

<P><STRONG><a name="[15d7478]"></a>GM_atof</STRONG> (ARM, 4 bytes, Stack size unknown bytes, app_start.o(ServiceHeader), UNUSED, KEPT)

<P><STRONG><a name="[15d7430]"></a>GM_memset</STRONG> (ARM, 4 bytes, Stack size unknown bytes, app_start.o(ServiceHeader))
<BR><BR>[Called By]<UL><LI><a href="#[15cc988]">&gt;&gt;</a>&nbsp;&nbsp;&nbsp;system_state_reset (via Veneer)
<LI><a href="#[15ccaa8]">&gt;&gt;</a>&nbsp;&nbsp;&nbsp;init_para (via Veneer)
<LI><a href="#[15ce508]">&gt;&gt;</a>&nbsp;&nbsp;&nbsp;gsm_create (via Veneer)
<LI><a href="#[15ce6b8]">&gt;&gt;</a>&nbsp;&nbsp;&nbsp;expmu_create (via Veneer)
<LI><a href="#[23015a0]">&gt;&gt;</a>&nbsp;&nbsp;&nbsp;wifi_service_creat (via Veneer)
<LI><a href="#[2302008]">&gt;&gt;</a>&nbsp;&nbsp;&nbsp;expmu_srv_track_mode_report_proc (via Veneer)
<LI><a href="#[23023b0]">&gt;&gt;</a>&nbsp;&nbsp;&nbsp;expmu_service_creat (via Veneer)
<LI><a href="#[23039a8]">&gt;&gt;</a>&nbsp;&nbsp;&nbsp;init_test_result (via Veneer)
[...]
<LI><a href="#[230fb20]">&gt;&gt;</a>&nbsp;&nbsp;&nbsp;log_service_print
</UL>
<BR>[Called By]<UL><LI><a href="#[2302008]">&gt;&gt;</a>&nbsp;&nbsp;&nbsp;expmu_srv_track_mode_report_proc
</UL>

<P><STRONG><a name="[2302008]"></a>expmu_srv_track_mode_report_proc</STRONG> (Thumb, 218 bytes, Stack size 48 bytes, expmu_service.o(.text))
<BR><BR>[Stack]<UL><LI>Max Depth = 5464 + Unknown Stack Size
<LI>Call Chain = expmu_srv_track_mode_report_proc &rArr; gps_power_on &rArr; gps_service_push_lbs &rArr; protocol_2929_install_one_location_packet &rArr; protocol_2929_pack_next_time_and_environment &rArr; protocol_2929_get_next_time_update &rArr; get_next_wake_up_time_point &rArr; calc_week_mode_next_sleep_time &rArr; get_cur_gw_work_mode &rArr; config_service_set &rArr; log_service_print &rArr; log_service_upload &rArr;  log_service_print (Cycle)
</UL>
<BR>[Calls]<UL><LI><a href="#[15cd740]">&gt;&gt;</a>&nbsp;&nbsp;&nbsp;util_clock
<LI><a href="#[15cd938]">&gt;&gt;</a>&nbsp;&nbsp;&nbsp;util_get_utc_time
<LI><a href="#[15d7430]">&gt;&gt;</a>&nbsp;&nbsp;&nbsp;GM_memset (via Veneer)
<LI><a href="#[2301ee8]">&gt;&gt;</a>&nbsp;&nbsp;&nbsp;get_device_rep_gps_data_success_cnt
<LI><a href="#[2302050]">&gt;&gt;</a>&nbsp;&nbsp;&nbsp;does_need_open_gps_power
<LI><a href="#[23027e8]">&gt;&gt;</a>&nbsp;&nbsp;&nbsp;expmu_exit_sleep
<LI><a href="#[2309868]">&gt;&gt;</a>&nbsp;&nbsp;&nbsp;gps_service_push_one_gps
<LI><a href="#[23098b0]">&gt;&gt;</a>&nbsp;&nbsp;&nbsp;gps_service_push_lbs
<LI><a href="#[2309af0]">&gt;&gt;</a>&nbsp;&nbsp;&nbsp;gps_get_last_data
<LI><a href="#[2309d78]">&gt;&gt;</a>&nbsp;&nbsp;&nbsp;gps_get_state
<LI><a href="#[2309e50]">&gt;&gt;</a>&nbsp;&nbsp;&nbsp;gps_power_on
<LI><a href="#[2309e98]">&gt;&gt;</a>&nbsp;&nbsp;&nbsp;gps_power_off
<LI><a href="#[230bd88]">&gt;&gt;</a>&nbsp;&nbsp;&nbsp;gps_is_fixed
<LI><a href="#[230df00]">&gt;&gt;</a>&nbsp;&nbsp;&nbsp;hard_ware_awake
<LI><a href="#[2371360]">&gt;&gt;</a>&nbsp;&nbsp;&nbsp;__aeabi_memclr4 (via Veneer)
</UL>
<BR>[Called By]<UL><LI><a href="#[15ce670]">&gt;&gt;</a>&nbsp;&nbsp;&nbsp;expmu_service_timer_proc
</UL>

<P><STRONG><a name="[2301fc0]"></a>expmu_srv_praper_into_lpm_proc</STRONG> (Thumb, 842 bytes, Stack size 64 bytes, expmu_service.o(.text))
<BR><BR>[Stack]<UL><LI>Max Depth = 5296 + Unknown Stack Size
<LI>Call Chain = expmu_srv_praper_into_lpm_proc &rArr; config_service_save_to_local &rArr; convert_cfg_to_para &rArr; config_service_get_pointer &rArr; log_service_print &rArr; log_service_upload &rArr;  log_service_print (Cycle)
</UL>
<BR>[Calls]<UL><LI><a href="#[15cc868]">&gt;&gt;</a>&nbsp;&nbsp;&nbsp;system_state_set_boot_reason
<LI><a href="#[15cd740]">&gt;&gt;</a>&nbsp;&nbsp;&nbsp;util_clock
<LI><a href="#[15cd8a8]">&gt;&gt;</a>&nbsp;&nbsp;&nbsp;util_utc_sec_to_bcdtime_base2000
<LI><a href="#[15cd938]">&gt;&gt;</a>&nbsp;&nbsp;&nbsp;util_get_utc_time
<LI><a href="#[15d73e8]">&gt;&gt;</a>&nbsp;&nbsp;&nbsp;GM_memcpy (via Veneer)
<LI><a href="#[2301ca8]">&gt;&gt;</a>&nbsp;&nbsp;&nbsp;recalc_next_wkp_time
<LI><a href="#[2301ee8]">&gt;&gt;</a>&nbsp;&nbsp;&nbsp;get_device_rep_gps_data_success_cnt
<LI><a href="#[23023f8]">&gt;&gt;</a>&nbsp;&nbsp;&nbsp;smsp_set_next_wakeup_time
<LI><a href="#[2304d58]">&gt;&gt;</a>&nbsp;&nbsp;&nbsp;get_next_wake_up_time_point
<LI><a href="#[2304f08]">&gt;&gt;</a>&nbsp;&nbsp;&nbsp;auto_test_is_working
<LI><a href="#[2305998]">&gt;&gt;</a>&nbsp;&nbsp;&nbsp;update_service_is_waiting_reboot
<LI><a href="#[2306b50]">&gt;&gt;</a>&nbsp;&nbsp;&nbsp;config_service_set_reming_gps_count
<LI><a href="#[2308980]">&gt;&gt;</a>&nbsp;&nbsp;&nbsp;update_service_get_status
<LI><a href="#[2309940]">&gt;&gt;</a>&nbsp;&nbsp;&nbsp;config_service_save_to_local
<LI><a href="#[230be18]">&gt;&gt;</a>&nbsp;&nbsp;&nbsp;get_sim_card_sate
<LI><a href="#[230bf38]">&gt;&gt;</a>&nbsp;&nbsp;&nbsp;gsm_get_creg_state
<LI><a href="#[230d3c0]">&gt;&gt;</a>&nbsp;&nbsp;&nbsp;gsm_get_csq
<LI><a href="#[230d7f8]">&gt;&gt;</a>&nbsp;&nbsp;&nbsp;config_service_get
<LI><a href="#[230d918]">&gt;&gt;</a>&nbsp;&nbsp;&nbsp;gprs_is_ok
<LI><a href="#[230fb20]">&gt;&gt;</a>&nbsp;&nbsp;&nbsp;log_service_print
<LI><a href="#[230ffa0]">&gt;&gt;</a>&nbsp;&nbsp;&nbsp;system_state_set_static_info
<LI><a href="#[230ffe8]">&gt;&gt;</a>&nbsp;&nbsp;&nbsp;system_state_get_statis_pointer
</UL>
<BR>[Called By]<UL><LI><a href="#[15ce670]">&gt;&gt;</a>&nbsp;&nbsp;&nbsp;expmu_service_timer_proc
</UL>

<P><STRONG><a name="[2301f78]"></a>expmu_srv_next_wkp_time_set_proc</STRONG> (Thumb, 134 bytes, Stack size 16 bytes, expmu_service.o(.text))
<BR><BR>[Stack]<UL><LI>Max Depth = 5080 + Unknown Stack Size
<LI>Call Chain = expmu_srv_next_wkp_time_set_proc &rArr; smsp_set_next_wakeup_time &rArr; log_service_print &rArr; log_service_upload &rArr;  log_service_print (Cycle)
</UL>
<BR>[Calls]<UL><LI><a href="#[15cd740]">&gt;&gt;</a>&nbsp;&nbsp;&nbsp;util_clock
<LI><a href="#[15d73a0]">&gt;&gt;</a>&nbsp;&nbsp;&nbsp;GM_memcmp (via Veneer)
<LI><a href="#[23023f8]">&gt;&gt;</a>&nbsp;&nbsp;&nbsp;smsp_set_next_wakeup_time
<LI><a href="#[2302908]">&gt;&gt;</a>&nbsp;&nbsp;&nbsp;get_expmu_next_wkp_time_register
<LI><a href="#[2303fd8]">&gt;&gt;</a>&nbsp;&nbsp;&nbsp;smsp_comm_pmu_into_sleep
<LI><a href="#[230fb20]">&gt;&gt;</a>&nbsp;&nbsp;&nbsp;log_service_print
</UL>
<BR>[Called By]<UL><LI><a href="#[15ce670]">&gt;&gt;</a>&nbsp;&nbsp;&nbsp;expmu_service_timer_proc
</UL>

<P><STRONG><a name="[2301f30]"></a>expmu_srv_into_lpm_proc</STRONG> (Thumb, 102 bytes, Stack size 16 bytes, expmu_service.o(.text))
<BR><BR>[Stack]<UL><LI>Max Depth = 5072 + Unknown Stack Size
<LI>Call Chain = expmu_srv_into_lpm_proc &rArr; smsp_comm_pmu_into_sleep &rArr; log_service_print &rArr; log_service_upload &rArr;  log_service_print (Cycle)
</UL>
<BR>[Calls]<UL><LI><a href="#[15cd740]">&gt;&gt;</a>&nbsp;&nbsp;&nbsp;util_clock
<LI><a href="#[23028c0]">&gt;&gt;</a>&nbsp;&nbsp;&nbsp;does_expmu_in_sleeping
<LI><a href="#[2303fd8]">&gt;&gt;</a>&nbsp;&nbsp;&nbsp;smsp_comm_pmu_into_sleep
<LI><a href="#[230fb20]">&gt;&gt;</a>&nbsp;&nbsp;&nbsp;log_service_print
</UL>
<BR>[Called By]<UL><LI><a href="#[15ce670]">&gt;&gt;</a>&nbsp;&nbsp;&nbsp;expmu_service_timer_proc
</UL>

<P><STRONG><a name="[2301ee8]"></a>get_device_rep_gps_data_success_cnt</STRONG> (Thumb, 10 bytes, Stack size 8 bytes, expmu_service.o(.text))
<BR><BR>[Stack]<UL><LI>Max Depth = 8<LI>Call Chain = get_device_rep_gps_data_success_cnt
</UL>
<BR>[Calls]<UL><LI><a href="#[230ffe8]">&gt;&gt;</a>&nbsp;&nbsp;&nbsp;system_state_get_statis_pointer
</UL>
<BR>[Called By]<UL><LI><a href="#[15ce670]">&gt;&gt;</a>&nbsp;&nbsp;&nbsp;expmu_service_timer_proc
<LI><a href="#[2301fc0]">&gt;&gt;</a>&nbsp;&nbsp;&nbsp;expmu_srv_praper_into_lpm_proc
<LI><a href="#[2302008]">&gt;&gt;</a>&nbsp;&nbsp;&nbsp;expmu_srv_track_mode_report_proc
</UL>

<P><STRONG><a name="[2301af8]"></a>calc_error_mode_time_point</STRONG> (Thumb, 40 bytes, Stack size 8 bytes, calc_wkp_time.o(.text))
<BR><BR>[Stack]<UL><LI>Max Depth = 5104 + Unknown Stack Size
<LI>Call Chain = calc_error_mode_time_point &rArr; unified_set_poastion_source &rArr; config_service_set &rArr; log_service_print &rArr; log_service_upload &rArr;  log_service_print (Cycle)
</UL>
<BR>[Calls]<UL><LI><a href="#[2301a20]">&gt;&gt;</a>&nbsp;&nbsp;&nbsp;unified_set_poastion_source
<LI><a href="#[2301a68]">&gt;&gt;</a>&nbsp;&nbsp;&nbsp;LOCAL_TO_UTC_SEC
<LI><a href="#[2301ab0]">&gt;&gt;</a>&nbsp;&nbsp;&nbsp;UTC_TO_LOCAL_SEC
<LI><a href="#[2370960]">&gt;&gt;</a>&nbsp;&nbsp;&nbsp;__aeabi_uidivmod (via Veneer)
</UL>
<BR>[Called By]<UL><LI><a href="#[2301870]">&gt;&gt;</a>&nbsp;&nbsp;&nbsp;calc_plat_time_point_mode_time_point
<LI><a href="#[23018b8]">&gt;&gt;</a>&nbsp;&nbsp;&nbsp;calc_plat_loop_mode_time_point
<LI><a href="#[2301900]">&gt;&gt;</a>&nbsp;&nbsp;&nbsp;calc_week_mode_next_sleep_time
<LI><a href="#[23019d8]">&gt;&gt;</a>&nbsp;&nbsp;&nbsp;calc_alarm_clock_mode_time_point
<LI><a href="#[2304d58]">&gt;&gt;</a>&nbsp;&nbsp;&nbsp;get_next_wake_up_time_point
</UL>

<P><STRONG><a name="[2301ab0]"></a>UTC_TO_LOCAL_SEC</STRONG> (Thumb, 42 bytes, Stack size 16 bytes, calc_wkp_time.o(.text))
<BR><BR>[Stack]<UL><LI>Max Depth = 64 + Unknown Stack Size
<LI>Call Chain = UTC_TO_LOCAL_SEC &rArr; config_service_get &rArr;  log_service_print (Cycle)
</UL>
<BR>[Calls]<UL><LI><a href="#[230d7f8]">&gt;&gt;</a>&nbsp;&nbsp;&nbsp;config_service_get
</UL>
<BR>[Called By]<UL><LI><a href="#[2301900]">&gt;&gt;</a>&nbsp;&nbsp;&nbsp;calc_week_mode_next_sleep_time
<LI><a href="#[2301990]">&gt;&gt;</a>&nbsp;&nbsp;&nbsp;week_day_to_utc_time
<LI><a href="#[23019d8]">&gt;&gt;</a>&nbsp;&nbsp;&nbsp;calc_alarm_clock_mode_time_point
<LI><a href="#[2301af8]">&gt;&gt;</a>&nbsp;&nbsp;&nbsp;calc_error_mode_time_point
</UL>

<P><STRONG><a name="[2301a68]"></a>LOCAL_TO_UTC_SEC</STRONG> (Thumb, 42 bytes, Stack size 16 bytes, calc_wkp_time.o(.text))
<BR><BR>[Stack]<UL><LI>Max Depth = 64 + Unknown Stack Size
<LI>Call Chain = LOCAL_TO_UTC_SEC &rArr; config_service_get &rArr;  log_service_print (Cycle)
</UL>
<BR>[Calls]<UL><LI><a href="#[230d7f8]">&gt;&gt;</a>&nbsp;&nbsp;&nbsp;config_service_get
</UL>
<BR>[Called By]<UL><LI><a href="#[2301990]">&gt;&gt;</a>&nbsp;&nbsp;&nbsp;week_day_to_utc_time
<LI><a href="#[23019d8]">&gt;&gt;</a>&nbsp;&nbsp;&nbsp;calc_alarm_clock_mode_time_point
<LI><a href="#[2301af8]">&gt;&gt;</a>&nbsp;&nbsp;&nbsp;calc_error_mode_time_point
</UL>

<P><STRONG><a name="[2301a20]"></a>unified_set_poastion_source</STRONG> (Thumb, 22 bytes, Stack size 8 bytes, calc_wkp_time.o(.text))
<BR><BR>[Stack]<UL><LI>Max Depth = 5096 + Unknown Stack Size
<LI>Call Chain = unified_set_poastion_source &rArr; config_service_set &rArr; log_service_print &rArr; log_service_upload &rArr;  log_service_print (Cycle)
</UL>
<BR>[Calls]<UL><LI><a href="#[23098f8]">&gt;&gt;</a>&nbsp;&nbsp;&nbsp;config_service_set
</UL>
<BR>[Called By]<UL><LI><a href="#[2301870]">&gt;&gt;</a>&nbsp;&nbsp;&nbsp;calc_plat_time_point_mode_time_point
<LI><a href="#[23018b8]">&gt;&gt;</a>&nbsp;&nbsp;&nbsp;calc_plat_loop_mode_time_point
<LI><a href="#[2301af8]">&gt;&gt;</a>&nbsp;&nbsp;&nbsp;calc_error_mode_time_point
</UL>

<P><STRONG><a name="[23019d8]"></a>calc_alarm_clock_mode_time_point</STRONG> (Thumb, 124 bytes, Stack size 24 bytes, calc_wkp_time.o(.text))
<BR><BR>[Stack]<UL><LI>Max Depth = 5152 + Unknown Stack Size
<LI>Call Chain = calc_alarm_clock_mode_time_point &rArr; get_cur_gw_work_mode &rArr; config_service_set &rArr; log_service_print &rArr; log_service_upload &rArr;  log_service_print (Cycle)
</UL>
<BR>[Calls]<UL><LI><a href="#[2301a68]">&gt;&gt;</a>&nbsp;&nbsp;&nbsp;LOCAL_TO_UTC_SEC
<LI><a href="#[2301ab0]">&gt;&gt;</a>&nbsp;&nbsp;&nbsp;UTC_TO_LOCAL_SEC
<LI><a href="#[2301af8]">&gt;&gt;</a>&nbsp;&nbsp;&nbsp;calc_error_mode_time_point
<LI><a href="#[2304de8]">&gt;&gt;</a>&nbsp;&nbsp;&nbsp;get_cur_gw_work_mode
<LI><a href="#[2370960]">&gt;&gt;</a>&nbsp;&nbsp;&nbsp;__aeabi_uidivmod (via Veneer)
</UL>
<BR>[Called By]<UL><LI><a href="#[2304d58]">&gt;&gt;</a>&nbsp;&nbsp;&nbsp;get_next_wake_up_time_point
</UL>

<P><STRONG><a name="[2301990]"></a>week_day_to_utc_time</STRONG> (Thumb, 126 bytes, Stack size 24 bytes, calc_wkp_time.o(.text))
<BR><BR>[Stack]<UL><LI>Max Depth = 88 + Unknown Stack Size
<LI>Call Chain = week_day_to_utc_time &rArr; LOCAL_TO_UTC_SEC &rArr; config_service_get &rArr;  log_service_print (Cycle)
</UL>
<BR>[Calls]<UL><LI><a href="#[2301a68]">&gt;&gt;</a>&nbsp;&nbsp;&nbsp;LOCAL_TO_UTC_SEC
<LI><a href="#[2301ab0]">&gt;&gt;</a>&nbsp;&nbsp;&nbsp;UTC_TO_LOCAL_SEC
<LI><a href="#[2370960]">&gt;&gt;</a>&nbsp;&nbsp;&nbsp;__aeabi_uidivmod (via Veneer)
</UL>
<BR>[Called By]<UL><LI><a href="#[2301900]">&gt;&gt;</a>&nbsp;&nbsp;&nbsp;calc_week_mode_next_sleep_time
</UL>

<P><STRONG><a name="[23016c0]"></a>wlan_deinit_cb</STRONG> (Thumb, 58 bytes, Stack size 8 bytes, wifi_service.o(.text))
<BR><BR>[Stack]<UL><LI>Max Depth = 5056 + Unknown Stack Size
<LI>Call Chain = wlan_deinit_cb &rArr; log_service_print &rArr; log_service_upload &rArr;  log_service_print (Cycle)
</UL>
<BR>[Calls]<UL><LI><a href="#[15d4a48]">&gt;&gt;</a>&nbsp;&nbsp;&nbsp;wlan_deinit (via Veneer)
<LI><a href="#[230fb20]">&gt;&gt;</a>&nbsp;&nbsp;&nbsp;log_service_print
</UL>
<BR>[Address Reference Count : 1]<UL><LI> wifi_service.o(.text)
</UL>
<P><STRONG><a name="[2301678]"></a>wlan_scan_cb</STRONG> (Thumb, 128 bytes, Stack size 32 bytes, wifi_service.o(.text))
<BR><BR>[Stack]<UL><LI>Max Depth = 5080 + Unknown Stack Size
<LI>Call Chain = wlan_scan_cb &rArr; log_service_print &rArr; log_service_upload &rArr;  log_service_print (Cycle)
</UL>
<BR>[Calls]<UL><LI><a href="#[15cd740]">&gt;&gt;</a>&nbsp;&nbsp;&nbsp;util_clock
<LI><a href="#[15d4a00]">&gt;&gt;</a>&nbsp;&nbsp;&nbsp;wlan_scan (via Veneer)
<LI><a href="#[15d4a48]">&gt;&gt;</a>&nbsp;&nbsp;&nbsp;wlan_deinit (via Veneer)
<LI><a href="#[230fb20]">&gt;&gt;</a>&nbsp;&nbsp;&nbsp;log_service_print
<LI><a href="#[2371860]">&gt;&gt;</a>&nbsp;&nbsp;&nbsp;__aeabi_memcpy (via Veneer)
</UL>
<BR>[Address Reference Count : 1]<UL><LI> wifi_service.o(.text)
</UL>
<P><STRONG><a name="[2301630]"></a>wlan_init_cb</STRONG> (Thumb, 84 bytes, Stack size 8 bytes, wifi_service.o(.text))
<BR><BR>[Stack]<UL><LI>Max Depth = 5056 + Unknown Stack Size
<LI>Call Chain = wlan_init_cb &rArr; log_service_print &rArr; log_service_upload &rArr;  log_service_print (Cycle)
</UL>
<BR>[Calls]<UL><LI><a href="#[15ccd48]">&gt;&gt;</a>&nbsp;&nbsp;&nbsp;led_set_wifi_state
<LI><a href="#[15d4a00]">&gt;&gt;</a>&nbsp;&nbsp;&nbsp;wlan_scan (via Veneer)
<LI><a href="#[15d4a90]">&gt;&gt;</a>&nbsp;&nbsp;&nbsp;wlan_init (via Veneer)
<LI><a href="#[230fb20]">&gt;&gt;</a>&nbsp;&nbsp;&nbsp;log_service_print
</UL>
<BR>[Address Reference Count : 1]<UL><LI> wifi_service.o(.text)
</UL>
<P><STRONG><a name="[2370b10]"></a>__arm_div8</STRONG> (ARM, 0 bytes, Stack size unknown bytes, aeabi_sdiv.o(.text))
<BR><BR>[Called By]<UL><LI><a href="#[2370960]">&gt;&gt;</a>&nbsp;&nbsp;&nbsp;__aeabi_uidivmod
</UL>

<P><STRONG><a name="[2370ac8]"></a>__arm_div4</STRONG> (ARM, 0 bytes, Stack size unknown bytes, aeabi_sdiv.o(.text))
<BR><BR>[Called By]<UL><LI><a href="#[2370960]">&gt;&gt;</a>&nbsp;&nbsp;&nbsp;__aeabi_uidivmod
</UL>

<P><STRONG><a name="[2370a80]"></a>__arm_div_large</STRONG> (ARM, 0 bytes, Stack size unknown bytes, aeabi_sdiv.o(.text))
<BR><BR>[Called By]<UL><LI><a href="#[2370960]">&gt;&gt;</a>&nbsp;&nbsp;&nbsp;__aeabi_uidivmod
</UL>

<P><STRONG><a name="[236f8d0]"></a>_dadd1</STRONG> (ARM, 0 bytes, Stack size unknown bytes, daddsub_noclz.o(x$fpl$dadd), UNUSED)
<BR><BR>[Called By]<UL><LI><a href="#[236f690]">&gt;&gt;</a>&nbsp;&nbsp;&nbsp;_dsub
<LI><a href="#[236f720]">&gt;&gt;</a>&nbsp;&nbsp;&nbsp;_drsb
</UL>

<P><STRONG><a name="[236f888]"></a>_dsub1</STRONG> (ARM, 0 bytes, Stack size unknown bytes, daddsub_noclz.o(x$fpl$dsub), UNUSED)
<BR><BR>[Called By]<UL><LI><a href="#[236f720]">&gt;&gt;</a>&nbsp;&nbsp;&nbsp;_drsb
<LI><a href="#[236f7f8]">&gt;&gt;</a>&nbsp;&nbsp;&nbsp;_dadd
</UL>

<P><STRONG><a name="[236dfa0]"></a>_fadd1</STRONG> (ARM, 0 bytes, Stack size unknown bytes, faddsub_noclz.o(x$fpl$fadd), UNUSED)
<BR><BR>[Called By]<UL><LI><a href="#[236dd60]">&gt;&gt;</a>&nbsp;&nbsp;&nbsp;_fsub
</UL>

<P><STRONG><a name="[236df58]"></a>_fsub1</STRONG> (ARM, 0 bytes, Stack size unknown bytes, faddsub_noclz.o(x$fpl$fsub), UNUSED)
<BR><BR>[Called By]<UL><LI><a href="#[236dec8]">&gt;&gt;</a>&nbsp;&nbsp;&nbsp;_fadd
</UL>

<P><STRONG><a name="[236aec8]"></a>copysign</STRONG> (ARM, 16 bytes, Stack size 0 bytes, pow.o(i.copysign), UNUSED)
<BR><BR>[Called By]<UL><LI><a href="#[236ae38]">&gt;&gt;</a>&nbsp;&nbsp;&nbsp;pow
</UL>
<P>
<H3>
Undefined Global Symbols
</H3>
<P><STRONG><a name="[236fb78]"></a>__fpl_infinity</STRONG> (Unknown, 0 bytes, Stack size 0 bytes, UNDEFINED, UNUSED)
<BR><BR>[Called By]<UL><LI><a href="#[2366ea8]">&gt;&gt;</a>&nbsp;&nbsp;&nbsp;_drem (Weak Reference)
<LI><a href="#[2369708]">&gt;&gt;</a>&nbsp;&nbsp;&nbsp;_dsqrt (Weak Reference)
<LI><a href="#[23699a0]">&gt;&gt;</a>&nbsp;&nbsp;&nbsp;__fpl_dcmp_InfNaN (Weak Reference)
<LI><a href="#[236c340]">&gt;&gt;</a>&nbsp;&nbsp;&nbsp;scalbn (Weak Reference)
<LI><a href="#[236cba8]">&gt;&gt;</a>&nbsp;&nbsp;&nbsp;_fmul (Weak Reference)
<LI><a href="#[236d2d8]">&gt;&gt;</a>&nbsp;&nbsp;&nbsp;_ffixu (Weak Reference)
<LI><a href="#[236d6e8]">&gt;&gt;</a>&nbsp;&nbsp;&nbsp;_ffix (Weak Reference)
<LI><a href="#[236da00]">&gt;&gt;</a>&nbsp;&nbsp;&nbsp;_fdiv (Weak Reference)
<LI><a href="#[236dd60]">&gt;&gt;</a>&nbsp;&nbsp;&nbsp;_fsub (Weak Reference)
<LI><a href="#[236dec8]">&gt;&gt;</a>&nbsp;&nbsp;&nbsp;_fadd (Weak Reference)
<LI><a href="#[236e388]">&gt;&gt;</a>&nbsp;&nbsp;&nbsp;_f2d (Weak Reference)
<LI><a href="#[236e538]">&gt;&gt;</a>&nbsp;&nbsp;&nbsp;_dmul (Weak Reference)
<LI><a href="#[236ec10]">&gt;&gt;</a>&nbsp;&nbsp;&nbsp;_dfixu (Weak Reference)
<LI><a href="#[236efb8]">&gt;&gt;</a>&nbsp;&nbsp;&nbsp;_dfix (Weak Reference)
<LI><a href="#[236f2e0]">&gt;&gt;</a>&nbsp;&nbsp;&nbsp;_ddiv (Weak Reference)
<LI><a href="#[236f690]">&gt;&gt;</a>&nbsp;&nbsp;&nbsp;_dsub (Weak Reference)
<LI><a href="#[236f7f8]">&gt;&gt;</a>&nbsp;&nbsp;&nbsp;_dadd (Weak Reference)
<LI><a href="#[236fce0]">&gt;&gt;</a>&nbsp;&nbsp;&nbsp;_d2f (Weak Reference)
</UL>

<P><STRONG><a name="[2372120]"></a>_printf_charcount</STRONG> (Unknown, 0 bytes, Stack size 0 bytes, UNDEFINED, UNUSED)
<BR><BR>[Called By]<UL><LI><a href="#[2372318]">&gt;&gt;</a>&nbsp;&nbsp;&nbsp;__printf (Weak Reference)
</UL>

<P><STRONG><a name="[23720d8]"></a>_printf_fp_dec</STRONG> (Unknown, 0 bytes, Stack size 0 bytes, UNDEFINED, UNUSED)
<BR><BR>[Called By]<UL><LI><a href="#[2372318]">&gt;&gt;</a>&nbsp;&nbsp;&nbsp;__printf (Weak Reference)
</UL>

<P><STRONG><a name="[2372090]"></a>_printf_fp_hex</STRONG> (Unknown, 0 bytes, Stack size 0 bytes, UNDEFINED, UNUSED)
<BR><BR>[Called By]<UL><LI><a href="#[2372318]">&gt;&gt;</a>&nbsp;&nbsp;&nbsp;__printf (Weak Reference)
</UL>

<P><STRONG><a name="[2372048]"></a>_printf_int_dec</STRONG> (Unknown, 0 bytes, Stack size 0 bytes, UNDEFINED, UNUSED)
<BR><BR>[Called By]<UL><LI><a href="#[2372318]">&gt;&gt;</a>&nbsp;&nbsp;&nbsp;__printf (Weak Reference)
</UL>

<P><STRONG><a name="[2372000]"></a>_printf_longlong_dec</STRONG> (Unknown, 0 bytes, Stack size 0 bytes, UNDEFINED, UNUSED)
<BR><BR>[Called By]<UL><LI><a href="#[2372318]">&gt;&gt;</a>&nbsp;&nbsp;&nbsp;__printf (Weak Reference)
</UL>

<P><STRONG><a name="[2371fb8]"></a>_printf_longlong_hex</STRONG> (Unknown, 0 bytes, Stack size 0 bytes, UNDEFINED, UNUSED)
<BR><BR>[Called By]<UL><LI><a href="#[2372318]">&gt;&gt;</a>&nbsp;&nbsp;&nbsp;__printf (Weak Reference)
</UL>

<P><STRONG><a name="[2371f70]"></a>_printf_longlong_oct</STRONG> (Unknown, 0 bytes, Stack size 0 bytes, UNDEFINED, UNUSED)
<BR><BR>[Called By]<UL><LI><a href="#[2372318]">&gt;&gt;</a>&nbsp;&nbsp;&nbsp;__printf (Weak Reference)
</UL>

<P><STRONG><a name="[2371f28]"></a>_printf_mbtowc</STRONG> (Unknown, 0 bytes, Stack size 0 bytes, UNDEFINED, UNUSED)
<BR><BR>[Called By]<UL><LI><a href="#[2372318]">&gt;&gt;</a>&nbsp;&nbsp;&nbsp;__printf (Weak Reference)
</UL>

<P><STRONG><a name="[2371cd0]"></a>_printf_post_padding</STRONG> (Unknown, 0 bytes, Stack size 0 bytes, UNDEFINED, UNUSED)
<BR><BR>[Called By]<UL><LI><a href="#[2371d18]">&gt;&gt;</a>&nbsp;&nbsp;&nbsp;_printf_str (Weak Reference)
</UL>

<P><STRONG><a name="[2371c88]"></a>_printf_pre_padding</STRONG> (Unknown, 0 bytes, Stack size 0 bytes, UNDEFINED, UNUSED)
<BR><BR>[Called By]<UL><LI><a href="#[2371d18]">&gt;&gt;</a>&nbsp;&nbsp;&nbsp;_printf_str (Weak Reference)
</UL>

<P><STRONG><a name="[2371ee0]"></a>_printf_wc</STRONG> (Unknown, 0 bytes, Stack size 0 bytes, UNDEFINED, UNUSED)
<BR><BR>[Called By]<UL><LI><a href="#[2372318]">&gt;&gt;</a>&nbsp;&nbsp;&nbsp;__printf (Weak Reference)
</UL>

<P><STRONG><a name="[2371e98]"></a>_printf_wctomb</STRONG> (Unknown, 0 bytes, Stack size 0 bytes, UNDEFINED, UNUSED)
<BR><BR>[Called By]<UL><LI><a href="#[2372318]">&gt;&gt;</a>&nbsp;&nbsp;&nbsp;__printf (Weak Reference)
</UL>
<HR></body></html>
